Archive member included to satisfy reference by file (symbol)

/usr/lib/gcc/arm-none-eabi/11.3.0/thumb/v6-m/nofp/libgcc.a(_dvmd_tls.o)
                              CMakeFiles/blink_led.dir/home/oliwczak/pico/pico-sdk/src/rp2_common/pico_divider/divider.S.obj (__aeabi_idiv0)
/usr/lib/gcc/arm-none-eabi/11.3.0/../../../../arm-none-eabi/lib/thumb/v6-m/nofp/libg.a(lib_a-atexit.o)
                              /usr/lib/gcc/arm-none-eabi/11.3.0/../../../../arm-none-eabi/lib/thumb/v6-m/nofp/crt0.o (atexit)
/usr/lib/gcc/arm-none-eabi/11.3.0/../../../../arm-none-eabi/lib/thumb/v6-m/nofp/libg.a(lib_a-calloc.o)
                              CMakeFiles/blink_led.dir/home/oliwczak/pico/pico-sdk/src/rp2_common/pico_malloc/pico_malloc.c.obj (calloc)
/usr/lib/gcc/arm-none-eabi/11.3.0/../../../../arm-none-eabi/lib/thumb/v6-m/nofp/libg.a(lib_a-callocr.o)
                              /usr/lib/gcc/arm-none-eabi/11.3.0/../../../../arm-none-eabi/lib/thumb/v6-m/nofp/libg.a(lib_a-calloc.o) (_calloc_r)
/usr/lib/gcc/arm-none-eabi/11.3.0/../../../../arm-none-eabi/lib/thumb/v6-m/nofp/libg.a(lib_a-ctype_.o)
                              CMakeFiles/blink_led.dir/home/oliwczak/pico/pico-sdk/lib/tinyusb/src/tusb.c.obj (_ctype_)
/usr/lib/gcc/arm-none-eabi/11.3.0/../../../../arm-none-eabi/lib/thumb/v6-m/nofp/libg.a(lib_a-errno.o)
                              /usr/lib/gcc/arm-none-eabi/11.3.0/../../../../arm-none-eabi/lib/thumb/v6-m/nofp/libg.a(lib_a-callocr.o) (__errno)
/usr/lib/gcc/arm-none-eabi/11.3.0/../../../../arm-none-eabi/lib/thumb/v6-m/nofp/libg.a(lib_a-fini.o)
                              /usr/lib/gcc/arm-none-eabi/11.3.0/../../../../arm-none-eabi/lib/thumb/v6-m/nofp/crt0.o (__libc_fini_array)
/usr/lib/gcc/arm-none-eabi/11.3.0/../../../../arm-none-eabi/lib/thumb/v6-m/nofp/libg.a(lib_a-impure.o)
                              /usr/lib/gcc/arm-none-eabi/11.3.0/../../../../arm-none-eabi/lib/thumb/v6-m/nofp/libg.a(lib_a-calloc.o) (_impure_ptr)
/usr/lib/gcc/arm-none-eabi/11.3.0/../../../../arm-none-eabi/lib/thumb/v6-m/nofp/libg.a(lib_a-init.o)
                              /usr/lib/gcc/arm-none-eabi/11.3.0/../../../../arm-none-eabi/lib/thumb/v6-m/nofp/crt0.o (__libc_init_array)
/usr/lib/gcc/arm-none-eabi/11.3.0/../../../../arm-none-eabi/lib/thumb/v6-m/nofp/libg.a(lib_a-malloc.o)
                              CMakeFiles/blink_led.dir/home/oliwczak/pico/pico-sdk/src/rp2_common/pico_malloc/pico_malloc.c.obj (malloc)
/usr/lib/gcc/arm-none-eabi/11.3.0/../../../../arm-none-eabi/lib/thumb/v6-m/nofp/libg.a(lib_a-mallocr.o)
                              /usr/lib/gcc/arm-none-eabi/11.3.0/../../../../arm-none-eabi/lib/thumb/v6-m/nofp/libg.a(lib_a-callocr.o) (_malloc_r)
/usr/lib/gcc/arm-none-eabi/11.3.0/../../../../arm-none-eabi/lib/thumb/v6-m/nofp/libg.a(lib_a-mlock.o)
                              /usr/lib/gcc/arm-none-eabi/11.3.0/../../../../arm-none-eabi/lib/thumb/v6-m/nofp/libg.a(lib_a-mallocr.o) (__malloc_lock)
/usr/lib/gcc/arm-none-eabi/11.3.0/../../../../arm-none-eabi/lib/thumb/v6-m/nofp/libg.a(lib_a-sbrkr.o)
                              /usr/lib/gcc/arm-none-eabi/11.3.0/../../../../arm-none-eabi/lib/thumb/v6-m/nofp/libg.a(lib_a-mallocr.o) (_sbrk_r)
/usr/lib/gcc/arm-none-eabi/11.3.0/../../../../arm-none-eabi/lib/thumb/v6-m/nofp/libg.a(lib_a-strlen-stub.o)
                              CMakeFiles/blink_led.dir/home/oliwczak/pico/pico-sdk/src/rp2_common/pico_stdio/stdio.c.obj (strlen)
/usr/lib/gcc/arm-none-eabi/11.3.0/../../../../arm-none-eabi/lib/thumb/v6-m/nofp/libg.a(lib_a-__atexit.o)
                              /usr/lib/gcc/arm-none-eabi/11.3.0/../../../../arm-none-eabi/lib/thumb/v6-m/nofp/libg.a(lib_a-atexit.o) (__register_exitproc)
/usr/lib/gcc/arm-none-eabi/11.3.0/../../../../arm-none-eabi/lib/thumb/v6-m/nofp/libg.a(lib_a-__call_atexit.o)
                              /usr/lib/gcc/arm-none-eabi/11.3.0/../../../../arm-none-eabi/lib/thumb/v6-m/nofp/libg.a(lib_a-__atexit.o) (__atexit_recursive_mutex)
/usr/lib/gcc/arm-none-eabi/11.3.0/../../../../arm-none-eabi/lib/thumb/v6-m/nofp/libg.a(lib_a-freer.o)
                              /usr/lib/gcc/arm-none-eabi/11.3.0/../../../../arm-none-eabi/lib/thumb/v6-m/nofp/libg.a(lib_a-malloc.o) (_free_r)
/usr/lib/gcc/arm-none-eabi/11.3.0/../../../../arm-none-eabi/lib/thumb/v6-m/nofp/libg.a(lib_a-lock.o)
                              /usr/lib/gcc/arm-none-eabi/11.3.0/../../../../arm-none-eabi/lib/thumb/v6-m/nofp/libg.a(lib_a-mlock.o) (__retarget_lock_acquire_recursive)
/usr/lib/gcc/arm-none-eabi/11.3.0/../../../../arm-none-eabi/lib/thumb/v6-m/nofp/libg.a(lib_a-reent.o)
                              /usr/lib/gcc/arm-none-eabi/11.3.0/../../../../arm-none-eabi/lib/thumb/v6-m/nofp/libg.a(lib_a-sbrkr.o) (errno)

Discarded input sections

 .text          0x0000000000000000        0x0 /usr/lib/gcc/arm-none-eabi/11.3.0/thumb/v6-m/nofp/crti.o
 .data          0x0000000000000000        0x0 /usr/lib/gcc/arm-none-eabi/11.3.0/thumb/v6-m/nofp/crti.o
[...]
Memory Configuration

Name             Origin             Length             Attributes
FLASH            0x0000000010000000 0x0000000000200000 xr
RAM              0x0000000020000000 0x0000000000040000 xrw
SCRATCH_X        0x0000000020040000 0x0000000000001000 xrw
SCRATCH_Y        0x0000000020041000 0x0000000000001000 xrw
*default*        0x0000000000000000 0xffffffffffffffff

Linker script and memory map

LOAD /usr/lib/gcc/arm-none-eabi/11.3.0/thumb/v6-m/nofp/crti.o
LOAD /usr/lib/gcc/arm-none-eabi/11.3.0/thumb/v6-m/nofp/crtbegin.o
LOAD /usr/lib/gcc/arm-none-eabi/11.3.0/../../../../arm-none-eabi/lib/thumb/v6-m/nofp/crt0.o

.flash_begin    0x0000000010000000        0x0
                0x0000000010000000                __flash_binary_start = .

.boot2          0x0000000010000000      0x100
                0x0000000010000000                __boot2_start__ = .
 *(.boot2)
 .boot2         0x0000000010000000      0x100 /tmp/ccKb6M83.o
                0x0000000010000100                __boot2_end__ = .
                0x0000000000000001                ASSERT (((__boot2_end__ - __boot2_start__) == 0x100), ERROR: Pico second stage bootloader must be 256 bytes in size)

.text           0x0000000010000100     0x72a0
                0x0000000010000100                __logical_binary_start = .
 *(.vectors)
 .vectors       0x0000000010000100       0xd4 CMakeFiles/blink_led.dir/home/oliwczak/pico/pico-sdk/src/rp2_common/pico_standard_link/crt0.S.obj
                0x0000000010000100                __vectors
                0x0000000010000100                __VECTOR_TABLE
                0x00000000100001c0                isr_invalid
                0x00000000100001c0                __default_isrs_start
                0x00000000100001c2                isr_nmi
                0x00000000100001c4                isr_hardfault
                0x00000000100001c6                isr_svcall
                0x00000000100001c8                isr_pendsv
                0x00000000100001ca                isr_systick
                0x00000000100001cc                isr_irq30
                0x00000000100001cc                __unhandled_user_irq
                0x00000000100001cc                isr_irq13
                0x00000000100001cc                isr_irq27
                0x00000000100001cc                isr_irq31
                0x00000000100001cc                isr_irq5
                0x00000000100001cc                isr_irq11
                0x00000000100001cc                isr_irq23
                0x00000000100001cc                isr_irq18
                0x00000000100001cc                isr_irq28
                0x00000000100001cc                isr_irq19
                0x00000000100001cc                isr_irq0
                0x00000000100001cc                isr_irq6
                0x00000000100001cc                isr_irq22
                0x00000000100001cc                isr_irq17
                0x00000000100001cc                isr_irq14
                0x00000000100001cc                isr_irq2
                0x00000000100001cc                isr_irq10
                0x00000000100001cc                isr_irq8
                0x00000000100001cc                isr_irq24
                0x00000000100001cc                isr_irq1
                0x00000000100001cc                isr_irq7
                0x00000000100001cc                isr_irq21
                0x00000000100001cc                isr_irq20
                0x00000000100001cc                isr_irq15
                0x00000000100001cc                isr_irq25
                0x00000000100001cc                isr_irq4
                0x00000000100001cc                isr_irq16
                0x00000000100001cc                isr_irq29
                0x00000000100001cc                isr_irq26
                0x00000000100001cc                __default_isrs_end
                0x00000000100001cc                isr_irq3
                0x00000000100001cc                isr_irq12
                0x00000000100001cc                isr_irq9
                0x00000000100001d2                unhandled_user_irq_num_in_r0
 *(.binary_info_header)
 .binary_info_header
                0x00000000100001d4       0x14 CMakeFiles/blink_led.dir/home/oliwczak/pico/pico-sdk/src/rp2_common/pico_standard_link/crt0.S.obj
                0x00000000100001e8                __binary_info_header_end = .
 *(.reset)
 .reset         0x00000000100001e8       0xa8 CMakeFiles/blink_led.dir/home/oliwczak/pico/pico-sdk/src/rp2_common/pico_standard_link/crt0.S.obj
                0x00000000100001e8                _entry_point
                0x0000000010000266                __get_current_exception
 .reset         0x0000000010000290       0x30 CMakeFiles/blink_led.dir/home/oliwczak/pico/pico-sdk/src/rp2_common/pico_standard_link/binary_info.c.obj
 *(.init)
 .init          0x00000000100002c0        0x4 /usr/lib/gcc/arm-none-eabi/11.3.0/thumb/v6-m/nofp/crti.o
                0x00000000100002c0                _init
 *(EXCLUDE_FILE(*libm.a: *libc.a:*lib_a-mem*.o *libgcc.a:) .text*)
 .text.frame_dummy
                0x00000000100002c4       0x20 /usr/lib/gcc/arm-none-eabi/11.3.0/thumb/v6-m/nofp/crtbegin.o
 .text.adc_gpio_init
                0x00000000100002e4       0x1e CMakeFiles/blink_led.dir/blink_led.c.obj
 .text.map      0x0000000010000302       0x16 CMakeFiles/blink_led.dir/blink_led.c.obj
                0x0000000010000302                map
 .text.light    0x0000000010000318       0xd0 CMakeFiles/blink_led.dir/blink_led.c.obj
                0x0000000010000318                light
 .text.main     0x00000000100003e8      0x184 CMakeFiles/blink_led.dir/blink_led.c.obj
                0x00000000100003e8                main
 .text.gpio_set_function
                0x000000001000056c       0x30 CMakeFiles/blink_led.dir/home/oliwczak/pico/pico-sdk/src/rp2_common/hardware_gpio/gpio.c.obj
                0x000000001000056c                gpio_set_function
 .text.gpio_set_pulls
                0x000000001000059c       0x34 CMakeFiles/blink_led.dir/home/oliwczak/pico/pico-sdk/src/rp2_common/hardware_gpio/gpio.c.obj
                0x000000001000059c                gpio_set_pulls
 .text.gpio_set_input_enabled
                0x00000000100005d0       0x30 CMakeFiles/blink_led.dir/home/oliwczak/pico/pico-sdk/src/rp2_common/hardware_gpio/gpio.c.obj
                0x00000000100005d0                gpio_set_input_enabled
 .text.gpio_init
                0x0000000010000600       0x16 CMakeFiles/blink_led.dir/home/oliwczak/pico/pico-sdk/src/rp2_common/hardware_gpio/gpio.c.obj
                0x0000000010000600                gpio_init
 *fill*         0x0000000010000616        0x2 
 .text.hw_claim_lock
                0x0000000010000618       0x18 CMakeFiles/blink_led.dir/home/oliwczak/pico/pico-sdk/src/rp2_common/hardware_claim/claim.c.obj
                0x0000000010000618                hw_claim_lock
 .text.hw_claim_unlock
                0x0000000010000630       0x14 CMakeFiles/blink_led.dir/home/oliwczak/pico/pico-sdk/src/rp2_common/hardware_claim/claim.c.obj
                0x0000000010000630                hw_claim_unlock
 .text.hw_claim_or_assert
                0x0000000010000644       0x32 CMakeFiles/blink_led.dir/home/oliwczak/pico/pico-sdk/src/rp2_common/hardware_claim/claim.c.obj
                0x0000000010000644                hw_claim_or_assert
 .text.hw_claim_unused_from_range
                0x0000000010000676       0x50 CMakeFiles/blink_led.dir/home/oliwczak/pico/pico-sdk/src/rp2_common/hardware_claim/claim.c.obj
                0x0000000010000676                hw_claim_unused_from_range
 *fill*         0x00000000100006c6        0x2 
 .text.running_on_fpga
                0x00000000100006c8       0x14 CMakeFiles/blink_led.dir/home/oliwczak/pico/pico-sdk/src/rp2_common/pico_platform/platform.c.obj
                0x00000000100006c8                running_on_fpga
 .text.spin_locks_reset
                0x00000000100006dc       0x20 CMakeFiles/blink_led.dir/home/oliwczak/pico/pico-sdk/src/rp2_common/hardware_sync/sync.c.obj
                0x00000000100006dc                spin_locks_reset
 .text.next_striped_spin_lock_num
                0x00000000100006fc       0x1c CMakeFiles/blink_led.dir/home/oliwczak/pico/pico-sdk/src/rp2_common/hardware_sync/sync.c.obj
                0x00000000100006fc                next_striped_spin_lock_num
 .text.spin_lock_claim_unused
                0x0000000010000718       0x24 CMakeFiles/blink_led.dir/home/oliwczak/pico/pico-sdk/src/rp2_common/hardware_sync/sync.c.obj
                0x0000000010000718                spin_lock_claim_unused
 .text.alarm_pool_post_alloc_init
                0x000000001000073c       0x40 CMakeFiles/blink_led.dir/home/oliwczak/pico/pico-sdk/src/common/pico_time/time.c.obj
 .text.sleep_until_callback
                0x000000001000077c       0x30 CMakeFiles/blink_led.dir/home/oliwczak/pico/pico-sdk/src/common/pico_time/time.c.obj
 .text.timer_pool_entry_comparator
                0x00000000100007ac       0x78 CMakeFiles/blink_led.dir/home/oliwczak/pico/pico-sdk/src/common/pico_time/time.c.obj
                0x00000000100007ac                timer_pool_entry_comparator
 .text.ph_add_child_node
                0x0000000010000824       0xa0 CMakeFiles/blink_led.dir/home/oliwczak/pico/pico-sdk/src/common/pico_time/time.c.obj
 .text.ph_merge_nodes
                0x00000000100008c4       0x3e CMakeFiles/blink_led.dir/home/oliwczak/pico/pico-sdk/src/common/pico_time/time.c.obj
 *fill*         0x0000000010000902        0x2 
 .text.add_alarm_under_lock
                0x0000000010000904      0x16c CMakeFiles/blink_led.dir/home/oliwczak/pico/pico-sdk/src/common/pico_time/time.c.obj
 .text.alarm_pool_alarm_callback
                0x0000000010000a70      0x328 CMakeFiles/blink_led.dir/home/oliwczak/pico/pico-sdk/src/common/pico_time/time.c.obj
 .text.alarm_pool_init_default
                0x0000000010000d98       0x38 CMakeFiles/blink_led.dir/home/oliwczak/pico/pico-sdk/src/common/pico_time/time.c.obj
                0x0000000010000d98                alarm_pool_init_default
 .text.alarm_pool_get_default
                0x0000000010000dd0       0x2c CMakeFiles/blink_led.dir/home/oliwczak/pico/pico-sdk/src/common/pico_time/time.c.obj
                0x0000000010000dd0                alarm_pool_get_default
 .text.alarm_pool_add_alarm_at
                0x0000000010000dfc      0x178 CMakeFiles/blink_led.dir/home/oliwczak/pico/pico-sdk/src/common/pico_time/time.c.obj
                0x0000000010000dfc                alarm_pool_add_alarm_at
 .text.alarm_pool_cancel_alarm
                0x0000000010000f74       0xec CMakeFiles/blink_led.dir/home/oliwczak/pico/pico-sdk/src/common/pico_time/time.c.obj
                0x0000000010000f74                alarm_pool_cancel_alarm
 .text.sleep_until
                0x0000000010001060       0xfc CMakeFiles/blink_led.dir/home/oliwczak/pico/pico-sdk/src/common/pico_time/time.c.obj
                0x0000000010001060                sleep_until
 .text.sleep_us
                0x000000001000115c       0x58 CMakeFiles/blink_led.dir/home/oliwczak/pico/pico-sdk/src/common/pico_time/time.c.obj
                0x000000001000115c                sleep_us
 .text.sleep_ms
                0x00000000100011b4       0x14 CMakeFiles/blink_led.dir/home/oliwczak/pico/pico-sdk/src/common/pico_time/time.c.obj
                0x00000000100011b4                sleep_ms
 .text.best_effort_wfe_or_timeout
                0x00000000100011c8       0x80 CMakeFiles/blink_led.dir/home/oliwczak/pico/pico-sdk/src/common/pico_time/time.c.obj
                0x00000000100011c8                best_effort_wfe_or_timeout
 .text.hardware_alarm_irq_handler
                0x0000000010001248       0x88 CMakeFiles/blink_led.dir/home/oliwczak/pico/pico-sdk/src/rp2_common/hardware_timer/timer.c.obj
 .text.hardware_alarm_claim
                0x00000000100012d0       0x18 CMakeFiles/blink_led.dir/home/oliwczak/pico/pico-sdk/src/rp2_common/hardware_timer/timer.c.obj
                0x00000000100012d0                hardware_alarm_claim
 .text.time_us_64
                0x00000000100012e8       0x18 CMakeFiles/blink_led.dir/home/oliwczak/pico/pico-sdk/src/rp2_common/hardware_timer/timer.c.obj
                0x00000000100012e8                time_us_64
 .text.busy_wait_until
                0x0000000010001300       0x28 CMakeFiles/blink_led.dir/home/oliwczak/pico/pico-sdk/src/rp2_common/hardware_timer/timer.c.obj
                0x0000000010001300                busy_wait_until
 .text.hardware_alarm_set_callback
                0x0000000010001328       0x90 CMakeFiles/blink_led.dir/home/oliwczak/pico/pico-sdk/src/rp2_common/hardware_timer/timer.c.obj
                0x0000000010001328                hardware_alarm_set_callback
 .text.hardware_alarm_set_target
                0x00000000100013b8       0xe8 CMakeFiles/blink_led.dir/home/oliwczak/pico/pico-sdk/src/rp2_common/hardware_timer/timer.c.obj
                0x00000000100013b8                hardware_alarm_set_target
 .text.hardware_alarm_cancel
                0x00000000100014a0       0x40 CMakeFiles/blink_led.dir/home/oliwczak/pico/pico-sdk/src/rp2_common/hardware_timer/timer.c.obj
                0x00000000100014a0                hardware_alarm_cancel
 .text.lock_init
                0x00000000100014e0       0x10 CMakeFiles/blink_led.dir/home/oliwczak/pico/pico-sdk/src/common/pico_sync/lock_core.c.obj
                0x00000000100014e0                lock_init
 .text.mutex_init
                0x00000000100014f0       0x1a CMakeFiles/blink_led.dir/home/oliwczak/pico/pico-sdk/src/common/pico_sync/mutex.c.obj
                0x00000000100014f0                mutex_init
 .text.recursive_mutex_init
                0x000000001000150a       0x1e CMakeFiles/blink_led.dir/home/oliwczak/pico/pico-sdk/src/common/pico_sync/mutex.c.obj
                0x000000001000150a                recursive_mutex_init
 .text.critical_section_init_with_lock_num
                0x0000000010001528       0x14 CMakeFiles/blink_led.dir/home/oliwczak/pico/pico-sdk/src/common/pico_sync/critical_section.c.obj
                0x0000000010001528                critical_section_init_with_lock_num
 .text.critical_section_init
                0x000000001000153c       0x14 CMakeFiles/blink_led.dir/home/oliwczak/pico/pico-sdk/src/common/pico_sync/critical_section.c.obj
                0x000000001000153c                critical_section_init
 .text.ph_add_child_node
                0x0000000010001550       0xa0 CMakeFiles/blink_led.dir/home/oliwczak/pico/pico-sdk/src/common/pico_util/pheap.c.obj
 .text.ph_merge_nodes
                0x00000000100015f0       0x3e CMakeFiles/blink_led.dir/home/oliwczak/pico/pico-sdk/src/common/pico_util/pheap.c.obj
 *fill*         0x000000001000162e        0x2 
 .text.ph_clear
                0x0000000010001630       0x70 CMakeFiles/blink_led.dir/home/oliwczak/pico/pico-sdk/src/common/pico_util/pheap.c.obj
                0x0000000010001630                ph_clear
 .text.ph_post_alloc_init
                0x00000000100016a0        0xe CMakeFiles/blink_led.dir/home/oliwczak/pico/pico-sdk/src/common/pico_util/pheap.c.obj
                0x00000000100016a0                ph_post_alloc_init
 *fill*         0x00000000100016ae        0x2 
 .text.ph_merge_two_pass
                0x00000000100016b0       0xa4 CMakeFiles/blink_led.dir/home/oliwczak/pico/pico-sdk/src/common/pico_util/pheap.c.obj
                0x00000000100016b0                ph_merge_two_pass
 .text.ph_remove_any_head
                0x0000000010001754      0x104 CMakeFiles/blink_led.dir/home/oliwczak/pico/pico-sdk/src/common/pico_util/pheap.c.obj
 .text.ph_remove_head
                0x0000000010001858       0x14 CMakeFiles/blink_led.dir/home/oliwczak/pico/pico-sdk/src/common/pico_util/pheap.c.obj
                0x0000000010001858                ph_remove_head
 .text.ph_remove_and_free_node
                0x000000001000186c       0xf8 CMakeFiles/blink_led.dir/home/oliwczak/pico/pico-sdk/src/common/pico_util/pheap.c.obj
                0x000000001000186c                ph_remove_and_free_node
 .text._exit    0x0000000010001964        0x4 CMakeFiles/blink_led.dir/home/oliwczak/pico/pico-sdk/src/rp2_common/pico_runtime/runtime.c.obj
                0x0000000010001964                _exit
 .text.exit     0x0000000010001968        0x6 CMakeFiles/blink_led.dir/home/oliwczak/pico/pico-sdk/src/rp2_common/pico_runtime/runtime.c.obj
                0x0000000010001968                exit
 *fill*         0x000000001000196e        0x2 
 .text.__assert_func
                0x0000000010001970       0x3c CMakeFiles/blink_led.dir/home/oliwczak/pico/pico-sdk/src/rp2_common/pico_runtime/runtime.c.obj
                0x0000000010001970                __assert_func
 .text.runtime_init
                0x00000000100019ac       0xf8 CMakeFiles/blink_led.dir/home/oliwczak/pico/pico-sdk/src/rp2_common/pico_runtime/runtime.c.obj
                0x00000000100019ac                runtime_init
 .text.panic    0x0000000010001aa4       0x30 CMakeFiles/blink_led.dir/home/oliwczak/pico/pico-sdk/src/rp2_common/pico_runtime/runtime.c.obj
                0x0000000010001aa4                panic
 .text.clock_configure
                0x0000000010001ad4      0x104 CMakeFiles/blink_led.dir/home/oliwczak/pico/pico-sdk/src/rp2_common/hardware_clocks/clocks.c.obj
                0x0000000010001ad4                clock_configure
 .text.clocks_init
                0x0000000010001bd8      0x100 CMakeFiles/blink_led.dir/home/oliwczak/pico/pico-sdk/src/rp2_common/hardware_clocks/clocks.c.obj
                0x0000000010001bd8                clocks_init
 .text.set_raw_irq_handler_and_unlock
                0x0000000010001cd8       0x28 CMakeFiles/blink_led.dir/home/oliwczak/pico/pico-sdk/src/rp2_common/hardware_irq/irq.c.obj
 .text.make_branch
                0x0000000010001d00       0x34 CMakeFiles/blink_led.dir/home/oliwczak/pico/pico-sdk/src/rp2_common/hardware_irq/irq.c.obj
 .text.insert_branch_and_link
                0x0000000010001d34       0x40 CMakeFiles/blink_led.dir/home/oliwczak/pico/pico-sdk/src/rp2_common/hardware_irq/irq.c.obj
 .text.irq_is_enabled
                0x0000000010001d74       0x18 CMakeFiles/blink_led.dir/home/oliwczak/pico/pico-sdk/src/rp2_common/hardware_irq/irq.c.obj
                0x0000000010001d74                irq_is_enabled
 .text.irq_set_mask_enabled
                0x0000000010001d8c       0x20 CMakeFiles/blink_led.dir/home/oliwczak/pico/pico-sdk/src/rp2_common/hardware_irq/irq.c.obj
                0x0000000010001d8c                irq_set_mask_enabled
 .text.irq_set_enabled
                0x0000000010001dac        0xe CMakeFiles/blink_led.dir/home/oliwczak/pico/pico-sdk/src/rp2_common/hardware_irq/irq.c.obj
                0x0000000010001dac                irq_set_enabled
 *fill*         0x0000000010001dba        0x2 
 .text.irq_set_pending
                0x0000000010001dbc       0x10 CMakeFiles/blink_led.dir/home/oliwczak/pico/pico-sdk/src/rp2_common/hardware_irq/irq.c.obj
                0x0000000010001dbc                irq_set_pending
 .text.irq_get_vtable_handler
                0x0000000010001dcc       0x10 CMakeFiles/blink_led.dir/home/oliwczak/pico/pico-sdk/src/rp2_common/hardware_irq/irq.c.obj
                0x0000000010001dcc                irq_get_vtable_handler
 .text.irq_set_exclusive_handler
                0x0000000010001ddc       0x54 CMakeFiles/blink_led.dir/home/oliwczak/pico/pico-sdk/src/rp2_common/hardware_irq/irq.c.obj
                0x0000000010001ddc                irq_set_exclusive_handler
 .text.irq_remove_handler
                0x0000000010001e30      0x1ac CMakeFiles/blink_led.dir/home/oliwczak/pico/pico-sdk/src/rp2_common/hardware_irq/irq.c.obj
                0x0000000010001e30                irq_remove_handler
 .text.irq_add_tail_to_free_list
                0x0000000010001fdc       0xf0 CMakeFiles/blink_led.dir/home/oliwczak/pico/pico-sdk/src/rp2_common/hardware_irq/irq.c.obj
                0x0000000010001fdc                irq_add_tail_to_free_list
 .text.irq_init_priorities
                0x00000000100020cc       0x1c CMakeFiles/blink_led.dir/home/oliwczak/pico/pico-sdk/src/rp2_common/hardware_irq/irq.c.obj
                0x00000000100020cc                irq_init_priorities
 .text.pll_init
                0x00000000100020e8      0x118 CMakeFiles/blink_led.dir/home/oliwczak/pico/pico-sdk/src/rp2_common/hardware_pll/pll.c.obj
                0x00000000100020e8                pll_init
 .text.watchdog_start_tick
                0x0000000010002200       0x10 CMakeFiles/blink_led.dir/home/oliwczak/pico/pico-sdk/src/rp2_common/hardware_watchdog/watchdog.c.obj
                0x0000000010002200                watchdog_start_tick
 .text.watchdog_update
                0x0000000010002210       0x14 CMakeFiles/blink_led.dir/home/oliwczak/pico/pico-sdk/src/rp2_common/hardware_watchdog/watchdog.c.obj
                0x0000000010002210                watchdog_update
 .text._watchdog_enable
                0x0000000010002224       0x78 CMakeFiles/blink_led.dir/home/oliwczak/pico/pico-sdk/src/rp2_common/hardware_watchdog/watchdog.c.obj
                0x0000000010002224                _watchdog_enable
 .text.watchdog_reboot
                0x000000001000229c       0x48 CMakeFiles/blink_led.dir/home/oliwczak/pico/pico-sdk/src/rp2_common/hardware_watchdog/watchdog.c.obj
                0x000000001000229c                watchdog_reboot
 .text.xosc_init
                0x00000000100022e4       0x28 CMakeFiles/blink_led.dir/home/oliwczak/pico/pico-sdk/src/rp2_common/hardware_xosc/xosc.c.obj
                0x00000000100022e4                xosc_init
 .text._out_null
                0x000000001000230c        0x2 CMakeFiles/blink_led.dir/home/oliwczak/pico/pico-sdk/src/rp2_common/pico_printf/printf.c.obj
 .text._out_fct
                0x000000001000230e        0xe CMakeFiles/blink_led.dir/home/oliwczak/pico/pico-sdk/src/rp2_common/pico_printf/printf.c.obj
 .text._atoi    0x000000001000231c       0x24 CMakeFiles/blink_led.dir/home/oliwczak/pico/pico-sdk/src/rp2_common/pico_printf/printf.c.obj
 .text._out_rev
                0x0000000010002340       0xae CMakeFiles/blink_led.dir/home/oliwczak/pico/pico-sdk/src/rp2_common/pico_printf/printf.c.obj
 .text._ntoa_format
                0x00000000100023ee      0x112 CMakeFiles/blink_led.dir/home/oliwczak/pico/pico-sdk/src/rp2_common/pico_printf/printf.c.obj
 .text._ntoa_long
                0x0000000010002500       0xbc CMakeFiles/blink_led.dir/home/oliwczak/pico/pico-sdk/src/rp2_common/pico_printf/printf.c.obj
 .text._ntoa_long_long
                0x00000000100025bc       0xe2 CMakeFiles/blink_led.dir/home/oliwczak/pico/pico-sdk/src/rp2_common/pico_printf/printf.c.obj
 *fill*         0x000000001000269e        0x2 
 .text._etoa    0x00000000100026a0      0x414 CMakeFiles/blink_led.dir/home/oliwczak/pico/pico-sdk/src/rp2_common/pico_printf/printf.c.obj
 .text._ftoa    0x0000000010002ab4      0x354 CMakeFiles/blink_led.dir/home/oliwczak/pico/pico-sdk/src/rp2_common/pico_printf/printf.c.obj
 .text._vsnprintf
                0x0000000010002e08      0x650 CMakeFiles/blink_led.dir/home/oliwczak/pico/pico-sdk/src/rp2_common/pico_printf/printf.c.obj
 .text.vfctprintf
                0x0000000010003458       0x20 CMakeFiles/blink_led.dir/home/oliwczak/pico/pico-sdk/src/rp2_common/pico_printf/printf.c.obj
                0x0000000010003458                vfctprintf
 .text          0x0000000010003478       0x10 CMakeFiles/blink_led.dir/home/oliwczak/pico/pico-sdk/src/rp2_common/pico_bit_ops/bit_ops_aeabi.S.obj
 .text.rom_func_lookup
                0x0000000010003488       0x10 CMakeFiles/blink_led.dir/home/oliwczak/pico/pico-sdk/src/rp2_common/pico_bootrom/bootrom.c.obj
                0x0000000010003488                rom_func_lookup
 .text.rom_data_lookup
                0x0000000010003498       0x10 CMakeFiles/blink_led.dir/home/oliwczak/pico/pico-sdk/src/rp2_common/pico_bootrom/bootrom.c.obj
                0x0000000010003498                rom_data_lookup
 .text.rom_funcs_lookup
                0x00000000100034a8       0x36 CMakeFiles/blink_led.dir/home/oliwczak/pico/pico-sdk/src/rp2_common/pico_bootrom/bootrom.c.obj
                0x00000000100034a8                rom_funcs_lookup
 *fill*         0x00000000100034de        0x2 
 .text.__wrap___aeabi_idiv
                0x00000000100034e0       0x50 CMakeFiles/blink_led.dir/home/oliwczak/pico/pico-sdk/src/rp2_common/pico_divider/divider.S.obj
                0x00000000100034e0                __wrap___aeabi_idivmod
                0x00000000100034e0                divmod_s32s32
                0x00000000100034e0                div_s32s32
                0x00000000100034e0                __wrap___aeabi_idiv
                0x00000000100034e8                divmod_s32s32_unsafe
                0x0000000010003514                divmod_s32s32_savestate
 .text.__wrap___aeabi_uidiv
                0x0000000010003530       0x4c CMakeFiles/blink_led.dir/home/oliwczak/pico/pico-sdk/src/rp2_common/pico_divider/divider.S.obj
                0x0000000010003530                __wrap___aeabi_uidiv
                0x0000000010003530                __wrap___aeabi_uidivmod
                0x0000000010003530                div_u32u32
                0x0000000010003530                divmod_u32u32
                0x0000000010003538                divmod_u32u32_unsafe
                0x0000000010003560                divmod_u32u32_savestate
 .text.__wrap___aeabi_ldiv
                0x000000001000357c      0x434 CMakeFiles/blink_led.dir/home/oliwczak/pico/pico-sdk/src/rp2_common/pico_divider/divider.S.obj
                0x000000001000357c                div_s64s64
                0x000000001000357c                divmod_s64s64
                0x000000001000357c                __wrap___aeabi_ldivmod
                0x00000000100035b4                div_u64u64
                0x00000000100035b4                divmod_u64u64
                0x00000000100035b4                __wrap___aeabi_uldivmod
                0x00000000100035c4                divmod_u64u64_savestate
                0x00000000100035ec                divmod_s64s64_unsafe
                0x0000000010003674                divmod_u64u64_unsafe
 .text.__wrap___aeabi_darithmetic
                0x00000000100039b0       0x80 CMakeFiles/blink_led.dir/home/oliwczak/pico/pico-sdk/src/rp2_common/pico_double/double_aeabi.S.obj
                0x00000000100039b0                __wrap___aeabi_drsub
                0x00000000100039b6                __wrap___aeabi_dsub
                0x00000000100039c8                __wrap___aeabi_dadd
                0x00000000100039da                __wrap___aeabi_ddiv
                0x0000000010003a16                __wrap___aeabi_dmul
 .text.__wrap___aeabi_cdcmple
                0x0000000010003a30       0x6c CMakeFiles/blink_led.dir/home/oliwczak/pico/pico-sdk/src/rp2_common/pico_double/double_aeabi.S.obj
                0x0000000010003a30                __wrap___aeabi_cdrcmple
                0x0000000010003a40                __wrap___aeabi_cdcmple
                0x0000000010003a40                __wrap___aeabi_cdcmpeq
 .text.__wrap___aeabi_dcmplt
                0x0000000010003a9c        0xc CMakeFiles/blink_led.dir/home/oliwczak/pico/pico-sdk/src/rp2_common/pico_double/double_aeabi.S.obj
                0x0000000010003a9c                __wrap___aeabi_dcmplt
 .text.__wrap___aeabi_dcmple
                0x0000000010003aa8       0x10 CMakeFiles/blink_led.dir/home/oliwczak/pico/pico-sdk/src/rp2_common/pico_double/double_aeabi.S.obj
                0x0000000010003aa8                __wrap___aeabi_dcmple
 .text.__wrap___aeabi_dcmpge
                0x0000000010003ab8       0x10 CMakeFiles/blink_led.dir/home/oliwczak/pico/pico-sdk/src/rp2_common/pico_double/double_aeabi.S.obj
                0x0000000010003ab8                __wrap___aeabi_dcmpge
 .text.__wrap___aeabi_dcmpgt
                0x0000000010003ac8        0xa CMakeFiles/blink_led.dir/home/oliwczak/pico/pico-sdk/src/rp2_common/pico_double/double_aeabi.S.obj
                0x0000000010003ac8                __wrap___aeabi_dcmpgt
 .text.__wrap___aeabi_dcmpun
                0x0000000010003ad2       0x1c CMakeFiles/blink_led.dir/home/oliwczak/pico/pico-sdk/src/rp2_common/pico_double/double_aeabi.S.obj
                0x0000000010003ad2                __wrap___aeabi_dcmpun
 *fill*         0x0000000010003aee        0x2 
 .text.__wrap___aeabi_i2d
                0x0000000010003af0       0x38 CMakeFiles/blink_led.dir/home/oliwczak/pico/pico-sdk/src/rp2_common/pico_double/double_aeabi.S.obj
                0x0000000010003af0                __wrap___aeabi_ui2d
                0x0000000010003af8                __wrap___aeabi_i2d
 .text.__wrap___aeabi_d2iz
                0x0000000010003b28       0x48 CMakeFiles/blink_led.dir/home/oliwczak/pico/pico-sdk/src/rp2_common/pico_double/double_aeabi.S.obj
                0x0000000010003b28                __wrap___aeabi_d2iz
                0x0000000010003b28                double2int_z
 .text.__wrap___aeabi_d2uiz
                0x0000000010003b70       0x18 CMakeFiles/blink_led.dir/home/oliwczak/pico/pico-sdk/src/rp2_common/pico_double/double_aeabi.S.obj
                0x0000000010003b70                double2uint
                0x0000000010003b70                __wrap___aeabi_d2uiz
 .text.__aeabi_double_init
                0x0000000010003b88       0xc8 CMakeFiles/blink_led.dir/home/oliwczak/pico/pico-sdk/src/rp2_common/pico_double/double_init_rom.c.obj
                0x0000000010003b88                __aeabi_double_init
 .text.double_table_shim_on_use_helper
                0x0000000010003c50       0x34 CMakeFiles/blink_led.dir/home/oliwczak/pico/pico-sdk/src/rp2_common/pico_double/double_v1_rom_shim.S.obj
                0x0000000010003c50                double_table_shim_on_use_helper
 .text.__wrap___aeabi_dsub
                0x0000000010003c84       0x10 CMakeFiles/blink_led.dir/home/oliwczak/pico/pico-sdk/src/rp2_common/pico_double/double_v1_rom_shim.S.obj
                0x0000000010003c84                drsub_shim
                0x0000000010003c8a                dsub_shim
 .text.dadd_shim
                0x0000000010003c94      0x15c CMakeFiles/blink_led.dir/home/oliwczak/pico/pico-sdk/src/rp2_common/pico_double/double_v1_rom_shim.S.obj
                0x0000000010003c94                dadd_shim
 .text.dmul_shim
                0x0000000010003df0      0x15c CMakeFiles/blink_led.dir/home/oliwczak/pico/pico-sdk/src/rp2_common/pico_double/double_v1_rom_shim.S.obj
                0x0000000010003df0                dmul_shim
 .text.ddiv_shim
                0x0000000010003f4c      0x1b0 CMakeFiles/blink_led.dir/home/oliwczak/pico/pico-sdk/src/rp2_common/pico_double/double_v1_rom_shim.S.obj
                0x0000000010003f4c                ddiv_shim
 .text.double2uint_shim
                0x00000000100040fc        0xe CMakeFiles/blink_led.dir/home/oliwczak/pico/pico-sdk/src/rp2_common/pico_double/double_v1_rom_shim.S.obj
                0x00000000100040fc                double2uint_shim
                0x00000000100040fe                double2ufix_shim
 *fill*         0x000000001000410a        0x2 
 .text.double2uint64_shim
                0x000000001000410c       0x70 CMakeFiles/blink_led.dir/home/oliwczak/pico/pico-sdk/src/rp2_common/pico_double/double_v1_rom_shim.S.obj
                0x000000001000410c                double2uint64_shim
                0x000000001000410e                double2ufix64_shim
                0x000000001000412e                d2fix_a
 .text.dunpacks
                0x000000001000417c       0x3c CMakeFiles/blink_led.dir/home/oliwczak/pico/pico-sdk/src/rp2_common/pico_double/double_v1_rom_shim.S.obj
                0x000000001000417c                dunpacks
 .text.__aeabi_lmul
                0x00000000100041b8       0x32 CMakeFiles/blink_led.dir/home/oliwczak/pico/pico-sdk/src/rp2_common/pico_int64_ops/pico_int64_ops_aeabi.S.obj
                0x00000000100041b8                __wrap___aeabi_lmul
 *fill*         0x00000000100041ea        0x2 
 .text.__aeabi_float_init
                0x00000000100041ec       0xfc CMakeFiles/blink_led.dir/home/oliwczak/pico/pico-sdk/src/rp2_common/pico_float/float_init_rom.c.obj
                0x00000000100041ec                __aeabi_float_init
 .text.float_table_shim_on_use_helper
                0x00000000100042e8       0x34 CMakeFiles/blink_led.dir/home/oliwczak/pico/pico-sdk/src/rp2_common/pico_float/float_v1_rom_shim.S.obj
                0x00000000100042e8                float_table_shim_on_use_helper
 .text          0x000000001000431c       0x10 CMakeFiles/blink_led.dir/home/oliwczak/pico/pico-sdk/src/rp2_common/pico_mem_ops/mem_ops_aeabi.S.obj
                0x000000001000431c                __aeabi_mem_init
 .text.memset   0x000000001000432c        0xc CMakeFiles/blink_led.dir/home/oliwczak/pico/pico-sdk/src/rp2_common/pico_mem_ops/mem_ops_aeabi.S.obj
                0x000000001000432c                __wrap_memset
 .text.memcpy   0x0000000010004338        0xc CMakeFiles/blink_led.dir/home/oliwczak/pico/pico-sdk/src/rp2_common/pico_mem_ops/mem_ops_aeabi.S.obj
                0x0000000010004338                __wrap___aeabi_memcpy
                0x0000000010004338                __wrap_memcpy
 .text.stdio_out_chars_no_crlf
                0x0000000010004344        0xe CMakeFiles/blink_led.dir/home/oliwczak/pico/pico-sdk/src/rp2_common/pico_stdio/stdio.c.obj
 *fill*         0x0000000010004352        0x2 
 .text.stdio_out_chars_crlf
                0x0000000010004354       0x80 CMakeFiles/blink_led.dir/home/oliwczak/pico/pico-sdk/src/rp2_common/pico_stdio/stdio.c.obj
 .text.stdio_stack_buffer_flush
                0x00000000100043d4       0x44 CMakeFiles/blink_led.dir/home/oliwczak/pico/pico-sdk/src/rp2_common/pico_stdio/stdio.c.obj
 .text.stdio_buffered_printer
                0x0000000010004418       0x20 CMakeFiles/blink_led.dir/home/oliwczak/pico/pico-sdk/src/rp2_common/pico_stdio/stdio.c.obj
 .text.stdout_serialize_begin
                0x0000000010004438       0x30 CMakeFiles/blink_led.dir/home/oliwczak/pico/pico-sdk/src/rp2_common/pico_stdio/stdio.c.obj
                0x0000000010004438                stdout_serialize_begin
 .text.stdout_serialize_end
                0x0000000010004468       0x10 CMakeFiles/blink_led.dir/home/oliwczak/pico/pico-sdk/src/rp2_common/pico_stdio/stdio.c.obj
                0x0000000010004468                stdout_serialize_end
 .text.stdio_put_string
                0x0000000010004478       0x98 CMakeFiles/blink_led.dir/home/oliwczak/pico/pico-sdk/src/rp2_common/pico_stdio/stdio.c.obj
 .text.stdio_set_driver_enabled
                0x0000000010004510       0x38 CMakeFiles/blink_led.dir/home/oliwczak/pico/pico-sdk/src/rp2_common/pico_stdio/stdio.c.obj
                0x0000000010004510                stdio_set_driver_enabled
 .text.stdio_flush
                0x0000000010004548       0x20 CMakeFiles/blink_led.dir/home/oliwczak/pico/pico-sdk/src/rp2_common/pico_stdio/stdio.c.obj
                0x0000000010004548                stdio_flush
 .text.__wrap_puts
                0x0000000010004568       0x1e CMakeFiles/blink_led.dir/home/oliwczak/pico/pico-sdk/src/rp2_common/pico_stdio/stdio.c.obj
                0x0000000010004568                __wrap_puts
 *fill*         0x0000000010004586        0x2 
 .text.__wrap_vprintf
                0x0000000010004588       0x44 CMakeFiles/blink_led.dir/home/oliwczak/pico/pico-sdk/src/rp2_common/pico_stdio/stdio.c.obj
                0x0000000010004588                __wrap_vprintf
 .text.__wrap_printf
                0x00000000100045cc       0x18 CMakeFiles/blink_led.dir/home/oliwczak/pico/pico-sdk/src/rp2_common/pico_stdio/stdio.c.obj
                0x00000000100045cc                __wrap_printf
 .text.stdio_init_all
                0x00000000100045e4        0x8 CMakeFiles/blink_led.dir/home/oliwczak/pico/pico-sdk/src/rp2_common/pico_stdio/stdio.c.obj
                0x00000000100045e4                stdio_init_all
 .text.resetd_init
                0x00000000100045ec        0x2 CMakeFiles/blink_led.dir/home/oliwczak/pico/pico-sdk/src/rp2_common/pico_stdio_usb/reset_interface.c.obj
 *fill*         0x00000000100045ee        0x2 
 .text.resetd_reset
                0x00000000100045f0        0xc CMakeFiles/blink_led.dir/home/oliwczak/pico/pico-sdk/src/rp2_common/pico_stdio_usb/reset_interface.c.obj
 .text.resetd_open
                0x00000000100045fc       0x34 CMakeFiles/blink_led.dir/home/oliwczak/pico/pico-sdk/src/rp2_common/pico_stdio_usb/reset_interface.c.obj
 .text.resetd_xfer_cb
                0x0000000010004630        0x4 CMakeFiles/blink_led.dir/home/oliwczak/pico/pico-sdk/src/rp2_common/pico_stdio_usb/reset_interface.c.obj
 .text.reset_usb_boot
                0x0000000010004634       0x18 CMakeFiles/blink_led.dir/home/oliwczak/pico/pico-sdk/src/rp2_common/pico_stdio_usb/reset_interface.c.obj
 .text.resetd_control_xfer_cb
                0x000000001000464c       0x5c CMakeFiles/blink_led.dir/home/oliwczak/pico/pico-sdk/src/rp2_common/pico_stdio_usb/reset_interface.c.obj
 .text.usbd_app_driver_get_cb
                0x00000000100046a8        0xc CMakeFiles/blink_led.dir/home/oliwczak/pico/pico-sdk/src/rp2_common/pico_stdio_usb/reset_interface.c.obj
                0x00000000100046a8                usbd_app_driver_get_cb
 .text.tud_cdc_line_coding_cb
                0x00000000100046b4       0x28 CMakeFiles/blink_led.dir/home/oliwczak/pico/pico-sdk/src/rp2_common/pico_stdio_usb/reset_interface.c.obj
                0x00000000100046b4                tud_cdc_line_coding_cb
 .text.stdio_usb_in_chars
                0x00000000100046dc       0x70 CMakeFiles/blink_led.dir/home/oliwczak/pico/pico-sdk/src/rp2_common/pico_stdio_usb/stdio_usb.c.obj
                0x00000000100046dc                stdio_usb_in_chars
 .text.low_priority_worker_irq
                0x000000001000474c       0x20 CMakeFiles/blink_led.dir/home/oliwczak/pico/pico-sdk/src/rp2_common/pico_stdio_usb/stdio_usb.c.obj
 .text.stdio_usb_out_chars
                0x000000001000476c       0xd4 CMakeFiles/blink_led.dir/home/oliwczak/pico/pico-sdk/src/rp2_common/pico_stdio_usb/stdio_usb.c.obj
 .text.timer_task
                0x0000000010004840       0x10 CMakeFiles/blink_led.dir/home/oliwczak/pico/pico-sdk/src/rp2_common/pico_stdio_usb/stdio_usb.c.obj
 .text.stdio_usb_init
                0x0000000010004850       0xb8 CMakeFiles/blink_led.dir/home/oliwczak/pico/pico-sdk/src/rp2_common/pico_stdio_usb/stdio_usb.c.obj
                0x0000000010004850                stdio_usb_init
 .text.tud_descriptor_device_cb
                0x0000000010004908        0x8 CMakeFiles/blink_led.dir/home/oliwczak/pico/pico-sdk/src/rp2_common/pico_stdio_usb/stdio_usb_descriptors.c.obj
                0x0000000010004908                tud_descriptor_device_cb
 .text.tud_descriptor_configuration_cb
                0x0000000010004910        0x8 CMakeFiles/blink_led.dir/home/oliwczak/pico/pico-sdk/src/rp2_common/pico_stdio_usb/stdio_usb_descriptors.c.obj
                0x0000000010004910                tud_descriptor_configuration_cb
 .text.tud_descriptor_string_cb
                0x0000000010004918       0x6c CMakeFiles/blink_led.dir/home/oliwczak/pico/pico-sdk/src/rp2_common/pico_stdio_usb/stdio_usb_descriptors.c.obj
                0x0000000010004918                tud_descriptor_string_cb
 .text.hw_endpoint_get_by_addr
                0x0000000010004984       0x18 CMakeFiles/blink_led.dir/home/oliwczak/pico/pico-sdk/lib/tinyusb/src/portable/raspberrypi/rp2040/dcd_rp2040.c.obj
 .text.reset_ep0_pid
                0x000000001000499c       0x28 CMakeFiles/blink_led.dir/home/oliwczak/pico/pico-sdk/lib/tinyusb/src/portable/raspberrypi/rp2040/dcd_rp2040.c.obj
 .text._hw_endpoint_alloc
                0x00000000100049c4       0x70 CMakeFiles/blink_led.dir/home/oliwczak/pico/pico-sdk/lib/tinyusb/src/portable/raspberrypi/rp2040/dcd_rp2040.c.obj
 .text.hw_endpoint_init
                0x0000000010004a34       0x88 CMakeFiles/blink_led.dir/home/oliwczak/pico/pico-sdk/lib/tinyusb/src/portable/raspberrypi/rp2040/dcd_rp2040.c.obj
 .text.reset_non_control_endpoints
                0x0000000010004abc       0x40 CMakeFiles/blink_led.dir/home/oliwczak/pico/pico-sdk/lib/tinyusb/src/portable/raspberrypi/rp2040/dcd_rp2040.c.obj
 .text.hw_handle_buff_status
                0x0000000010004afc       0x8c CMakeFiles/blink_led.dir/home/oliwczak/pico/pico-sdk/lib/tinyusb/src/portable/raspberrypi/rp2040/dcd_rp2040.c.obj
 .text.dcd_rp2040_irq
                0x0000000010004b88       0xc0 CMakeFiles/blink_led.dir/home/oliwczak/pico/pico-sdk/lib/tinyusb/src/portable/raspberrypi/rp2040/dcd_rp2040.c.obj
 .text.hw_endpoint_xfer
                0x0000000010004c48       0x14 CMakeFiles/blink_led.dir/home/oliwczak/pico/pico-sdk/lib/tinyusb/src/portable/raspberrypi/rp2040/dcd_rp2040.c.obj
 .text.dcd_int_enable
                0x0000000010004c5c       0x2c CMakeFiles/blink_led.dir/home/oliwczak/pico/pico-sdk/lib/tinyusb/src/portable/raspberrypi/rp2040/dcd_rp2040.c.obj
                0x0000000010004c5c                dcd_int_enable
 .text.dcd_set_address
                0x0000000010004c88       0x2c CMakeFiles/blink_led.dir/home/oliwczak/pico/pico-sdk/lib/tinyusb/src/portable/raspberrypi/rp2040/dcd_rp2040.c.obj
                0x0000000010004c88                dcd_set_address
 .text.dcd_connect
                0x0000000010004cb4       0x10 CMakeFiles/blink_led.dir/home/oliwczak/pico/pico-sdk/lib/tinyusb/src/portable/raspberrypi/rp2040/dcd_rp2040.c.obj
                0x0000000010004cb4                dcd_connect
 .text.dcd_init
                0x0000000010004cc4       0x7c CMakeFiles/blink_led.dir/home/oliwczak/pico/pico-sdk/lib/tinyusb/src/portable/raspberrypi/rp2040/dcd_rp2040.c.obj
                0x0000000010004cc4                dcd_init
 .text.dcd_edpt0_status_complete
                0x0000000010004d40       0x1c CMakeFiles/blink_led.dir/home/oliwczak/pico/pico-sdk/lib/tinyusb/src/portable/raspberrypi/rp2040/dcd_rp2040.c.obj
                0x0000000010004d40                dcd_edpt0_status_complete
 .text.dcd_edpt_open
                0x0000000010004d5c       0x40 CMakeFiles/blink_led.dir/home/oliwczak/pico/pico-sdk/lib/tinyusb/src/portable/raspberrypi/rp2040/dcd_rp2040.c.obj
                0x0000000010004d5c                dcd_edpt_open
 .text.dcd_edpt_close_all
                0x0000000010004d9c        0x8 CMakeFiles/blink_led.dir/home/oliwczak/pico/pico-sdk/lib/tinyusb/src/portable/raspberrypi/rp2040/dcd_rp2040.c.obj
                0x0000000010004d9c                dcd_edpt_close_all
 .text.dcd_edpt_xfer
                0x0000000010004da4       0x30 CMakeFiles/blink_led.dir/home/oliwczak/pico/pico-sdk/lib/tinyusb/src/portable/raspberrypi/rp2040/dcd_rp2040.c.obj
                0x0000000010004da4                dcd_edpt_xfer
 .text.dcd_edpt_stall
                0x0000000010004dd4       0x2c CMakeFiles/blink_led.dir/home/oliwczak/pico/pico-sdk/lib/tinyusb/src/portable/raspberrypi/rp2040/dcd_rp2040.c.obj
                0x0000000010004dd4                dcd_edpt_stall
 .text.dcd_edpt_clear_stall
                0x0000000010004e00       0x20 CMakeFiles/blink_led.dir/home/oliwczak/pico/pico-sdk/lib/tinyusb/src/portable/raspberrypi/rp2040/dcd_rp2040.c.obj
                0x0000000010004e00                dcd_edpt_clear_stall
 .text.prepare_ep_buffer
                0x0000000010004e20       0x6c CMakeFiles/blink_led.dir/home/oliwczak/pico/pico-sdk/lib/tinyusb/src/portable/raspberrypi/rp2040/rp2040_usb.c.obj
 .text.sync_ep_buffer
                0x0000000010004e8c       0x78 CMakeFiles/blink_led.dir/home/oliwczak/pico/pico-sdk/lib/tinyusb/src/portable/raspberrypi/rp2040/rp2040_usb.c.obj
 .text._hw_endpoint_xfer_sync
                0x0000000010004f04       0x28 CMakeFiles/blink_led.dir/home/oliwczak/pico/pico-sdk/lib/tinyusb/src/portable/raspberrypi/rp2040/rp2040_usb.c.obj
 .text.rp2040_usb_init
                0x0000000010004f2c       0x4c CMakeFiles/blink_led.dir/home/oliwczak/pico/pico-sdk/lib/tinyusb/src/portable/raspberrypi/rp2040/rp2040_usb.c.obj
                0x0000000010004f2c                rp2040_usb_init
 .text.hw_endpoint_reset_transfer
                0x0000000010004f78        0xc CMakeFiles/blink_led.dir/home/oliwczak/pico/pico-sdk/lib/tinyusb/src/portable/raspberrypi/rp2040/rp2040_usb.c.obj
                0x0000000010004f78                hw_endpoint_reset_transfer
 .text._hw_endpoint_buffer_control_update32
                0x0000000010004f84       0x58 CMakeFiles/blink_led.dir/home/oliwczak/pico/pico-sdk/lib/tinyusb/src/portable/raspberrypi/rp2040/rp2040_usb.c.obj
                0x0000000010004f84                _hw_endpoint_buffer_control_update32
 .text._hw_endpoint_start_next_buffer
                0x0000000010004fdc       0x74 CMakeFiles/blink_led.dir/home/oliwczak/pico/pico-sdk/lib/tinyusb/src/portable/raspberrypi/rp2040/rp2040_usb.c.obj
 .text.hw_endpoint_xfer_start
                0x0000000010005050       0x48 CMakeFiles/blink_led.dir/home/oliwczak/pico/pico-sdk/lib/tinyusb/src/portable/raspberrypi/rp2040/rp2040_usb.c.obj
                0x0000000010005050                hw_endpoint_xfer_start
 .text.hw_endpoint_xfer_continue
                0x0000000010005098       0x38 CMakeFiles/blink_led.dir/home/oliwczak/pico/pico-sdk/lib/tinyusb/src/portable/raspberrypi/rp2040/rp2040_usb.c.obj
                0x0000000010005098                hw_endpoint_xfer_continue
 .text.configuration_reset
                0x00000000100050d0       0x84 CMakeFiles/blink_led.dir/home/oliwczak/pico/pico-sdk/lib/tinyusb/src/device/usbd.c.obj
 .text.usbd_reset
                0x0000000010005154        0xc CMakeFiles/blink_led.dir/home/oliwczak/pico/pico-sdk/lib/tinyusb/src/device/usbd.c.obj
 .text.invoke_class_control
                0x0000000010005160       0x1a CMakeFiles/blink_led.dir/home/oliwczak/pico/pico-sdk/lib/tinyusb/src/device/usbd.c.obj
 *fill*         0x000000001000517a        0x2 
 .text.process_set_config
                0x000000001000517c      0x1b0 CMakeFiles/blink_led.dir/home/oliwczak/pico/pico-sdk/lib/tinyusb/src/device/usbd.c.obj
 .text.process_get_descriptor
                0x000000001000532c       0xec CMakeFiles/blink_led.dir/home/oliwczak/pico/pico-sdk/lib/tinyusb/src/device/usbd.c.obj
 .text.tud_mounted
                0x0000000010005418       0x10 CMakeFiles/blink_led.dir/home/oliwczak/pico/pico-sdk/lib/tinyusb/src/device/usbd.c.obj
                0x0000000010005418                tud_mounted
 .text.tud_suspended
                0x0000000010005428       0x10 CMakeFiles/blink_led.dir/home/oliwczak/pico/pico-sdk/lib/tinyusb/src/device/usbd.c.obj
                0x0000000010005428                tud_suspended
 .text.tud_inited
                0x0000000010005438        0xc CMakeFiles/blink_led.dir/home/oliwczak/pico/pico-sdk/lib/tinyusb/src/device/usbd.c.obj
                0x0000000010005438                tud_inited
 .text.tud_init
                0x0000000010005444       0xcc CMakeFiles/blink_led.dir/home/oliwczak/pico/pico-sdk/lib/tinyusb/src/device/usbd.c.obj
                0x0000000010005444                tud_init
 .text.dcd_event_handler
                0x0000000010005510      0x1e0 CMakeFiles/blink_led.dir/home/oliwczak/pico/pico-sdk/lib/tinyusb/src/device/usbd.c.obj
                0x0000000010005510                dcd_event_handler
 .text.dcd_event_bus_signal
                0x00000000100056f0       0x26 CMakeFiles/blink_led.dir/home/oliwczak/pico/pico-sdk/lib/tinyusb/src/device/usbd.c.obj
                0x00000000100056f0                dcd_event_bus_signal
 .text.dcd_event_bus_reset
                0x0000000010005716       0x2a CMakeFiles/blink_led.dir/home/oliwczak/pico/pico-sdk/lib/tinyusb/src/device/usbd.c.obj
                0x0000000010005716                dcd_event_bus_reset
 .text.dcd_event_setup_received
                0x0000000010005740       0x34 CMakeFiles/blink_led.dir/home/oliwczak/pico/pico-sdk/lib/tinyusb/src/device/usbd.c.obj
                0x0000000010005740                dcd_event_setup_received
 .text.dcd_event_xfer_complete
                0x0000000010005774       0x44 CMakeFiles/blink_led.dir/home/oliwczak/pico/pico-sdk/lib/tinyusb/src/device/usbd.c.obj
                0x0000000010005774                dcd_event_xfer_complete
 .text.usbd_edpt_open
                0x00000000100057b8       0x58 CMakeFiles/blink_led.dir/home/oliwczak/pico/pico-sdk/lib/tinyusb/src/device/usbd.c.obj
                0x00000000100057b8                usbd_edpt_open
 .text.usbd_open_edpt_pair
                0x0000000010005810       0x8c CMakeFiles/blink_led.dir/home/oliwczak/pico/pico-sdk/lib/tinyusb/src/device/usbd.c.obj
                0x0000000010005810                usbd_open_edpt_pair
 .text.usbd_edpt_claim
                0x000000001000589c       0x8c CMakeFiles/blink_led.dir/home/oliwczak/pico/pico-sdk/lib/tinyusb/src/device/usbd.c.obj
                0x000000001000589c                usbd_edpt_claim
 .text.usbd_edpt_release
                0x0000000010005928       0x68 CMakeFiles/blink_led.dir/home/oliwczak/pico/pico-sdk/lib/tinyusb/src/device/usbd.c.obj
                0x0000000010005928                usbd_edpt_release
 .text.usbd_edpt_xfer
                0x0000000010005990       0x84 CMakeFiles/blink_led.dir/home/oliwczak/pico/pico-sdk/lib/tinyusb/src/device/usbd.c.obj
                0x0000000010005990                usbd_edpt_xfer
 .text.usbd_edpt_stall
                0x0000000010005a14       0x40 CMakeFiles/blink_led.dir/home/oliwczak/pico/pico-sdk/lib/tinyusb/src/device/usbd.c.obj
                0x0000000010005a14                usbd_edpt_stall
 .text.usbd_edpt_clear_stall
                0x0000000010005a54       0x40 CMakeFiles/blink_led.dir/home/oliwczak/pico/pico-sdk/lib/tinyusb/src/device/usbd.c.obj
                0x0000000010005a54                usbd_edpt_clear_stall
 .text.usbd_edpt_stalled
                0x0000000010005a94       0x1c CMakeFiles/blink_led.dir/home/oliwczak/pico/pico-sdk/lib/tinyusb/src/device/usbd.c.obj
                0x0000000010005a94                usbd_edpt_stalled
 .text.process_control_request
                0x0000000010005ab0      0x3b8 CMakeFiles/blink_led.dir/home/oliwczak/pico/pico-sdk/lib/tinyusb/src/device/usbd.c.obj
 .text.tud_task
                0x0000000010005e68      0x218 CMakeFiles/blink_led.dir/home/oliwczak/pico/pico-sdk/lib/tinyusb/src/device/usbd.c.obj
                0x0000000010005e68                tud_task
 .text._data_stage_xact
                0x0000000010006080       0x58 CMakeFiles/blink_led.dir/home/oliwczak/pico/pico-sdk/lib/tinyusb/src/device/usbd_control.c.obj
 .text.tud_control_status
                0x00000000100060d8       0x38 CMakeFiles/blink_led.dir/home/oliwczak/pico/pico-sdk/lib/tinyusb/src/device/usbd_control.c.obj
                0x00000000100060d8                tud_control_status
 .text.tud_control_xfer
                0x0000000010006110       0xa8 CMakeFiles/blink_led.dir/home/oliwczak/pico/pico-sdk/lib/tinyusb/src/device/usbd_control.c.obj
                0x0000000010006110                tud_control_xfer
 .text.usbd_control_reset
                0x00000000100061b8       0x14 CMakeFiles/blink_led.dir/home/oliwczak/pico/pico-sdk/lib/tinyusb/src/device/usbd_control.c.obj
                0x00000000100061b8                usbd_control_reset
 .text.usbd_control_set_complete_callback
                0x00000000100061cc        0xc CMakeFiles/blink_led.dir/home/oliwczak/pico/pico-sdk/lib/tinyusb/src/device/usbd_control.c.obj
                0x00000000100061cc                usbd_control_set_complete_callback
 .text.usbd_control_set_request
                0x00000000100061d8       0x1c CMakeFiles/blink_led.dir/home/oliwczak/pico/pico-sdk/lib/tinyusb/src/device/usbd_control.c.obj
                0x00000000100061d8                usbd_control_set_request
 .text.usbd_control_xfer_cb
                0x00000000100061f4       0xfc CMakeFiles/blink_led.dir/home/oliwczak/pico/pico-sdk/lib/tinyusb/src/device/usbd_control.c.obj
                0x00000000100061f4                usbd_control_xfer_cb
 .text._prep_out_transaction
                0x00000000100062f0       0x46 CMakeFiles/blink_led.dir/home/oliwczak/pico/pico-sdk/lib/tinyusb/src/class/cdc/cdc_device.c.obj
 *fill*         0x0000000010006336        0x2 
 .text.tud_cdc_n_connected
                0x0000000010006338       0x44 CMakeFiles/blink_led.dir/home/oliwczak/pico/pico-sdk/lib/tinyusb/src/class/cdc/cdc_device.c.obj
                0x0000000010006338                tud_cdc_n_connected
 .text.tud_cdc_n_available
                0x000000001000637c       0x18 CMakeFiles/blink_led.dir/home/oliwczak/pico/pico-sdk/lib/tinyusb/src/class/cdc/cdc_device.c.obj
                0x000000001000637c                tud_cdc_n_available
 .text.tud_cdc_n_read
                0x0000000010006394       0x28 CMakeFiles/blink_led.dir/home/oliwczak/pico/pico-sdk/lib/tinyusb/src/class/cdc/cdc_device.c.obj
                0x0000000010006394                tud_cdc_n_read
 .text.tud_cdc_n_write_flush
                0x00000000100063bc       0xcc CMakeFiles/blink_led.dir/home/oliwczak/pico/pico-sdk/lib/tinyusb/src/class/cdc/cdc_device.c.obj
                0x00000000100063bc                tud_cdc_n_write_flush
 .text.tud_cdc_n_write
                0x0000000010006488       0x38 CMakeFiles/blink_led.dir/home/oliwczak/pico/pico-sdk/lib/tinyusb/src/class/cdc/cdc_device.c.obj
                0x0000000010006488                tud_cdc_n_write
 .text.tud_cdc_n_write_available
                0x00000000100064c0       0x1c CMakeFiles/blink_led.dir/home/oliwczak/pico/pico-sdk/lib/tinyusb/src/class/cdc/cdc_device.c.obj
                0x00000000100064c0                tud_cdc_n_write_available
 .text.cdcd_init
                0x00000000100064dc       0xbc CMakeFiles/blink_led.dir/home/oliwczak/pico/pico-sdk/lib/tinyusb/src/class/cdc/cdc_device.c.obj
                0x00000000100064dc                cdcd_init
 .text.cdcd_reset
                0x0000000010006598       0x44 CMakeFiles/blink_led.dir/home/oliwczak/pico/pico-sdk/lib/tinyusb/src/class/cdc/cdc_device.c.obj
                0x0000000010006598                cdcd_reset
 .text.cdcd_open
                0x00000000100065dc       0xf8 CMakeFiles/blink_led.dir/home/oliwczak/pico/pico-sdk/lib/tinyusb/src/class/cdc/cdc_device.c.obj
                0x00000000100065dc                cdcd_open
 .text.cdcd_control_xfer_cb
                0x00000000100066d4      0x134 CMakeFiles/blink_led.dir/home/oliwczak/pico/pico-sdk/lib/tinyusb/src/class/cdc/cdc_device.c.obj
                0x00000000100066d4                cdcd_control_xfer_cb
 .text.cdcd_xfer_cb
                0x0000000010006808      0x144 CMakeFiles/blink_led.dir/home/oliwczak/pico/pico-sdk/lib/tinyusb/src/class/cdc/cdc_device.c.obj
                0x0000000010006808                cdcd_xfer_cb
 .text.tusb_init
                0x000000001000694c       0x24 CMakeFiles/blink_led.dir/home/oliwczak/pico/pico-sdk/lib/tinyusb/src/tusb.c.obj
                0x000000001000694c                tusb_init
 .text.tusb_inited
                0x0000000010006970        0xe CMakeFiles/blink_led.dir/home/oliwczak/pico/pico-sdk/lib/tinyusb/src/tusb.c.obj
                0x0000000010006970                tusb_inited
 *fill*         0x000000001000697e        0x2 
 .text.tu_edpt_validate
                0x0000000010006980       0xa8 CMakeFiles/blink_led.dir/home/oliwczak/pico/pico-sdk/lib/tinyusb/src/tusb.c.obj
                0x0000000010006980                tu_edpt_validate
 .text.tu_edpt_bind_driver
                0x0000000010006a28       0x2a CMakeFiles/blink_led.dir/home/oliwczak/pico/pico-sdk/lib/tinyusb/src/tusb.c.obj
                0x0000000010006a28                tu_edpt_bind_driver
 .text.advance_pointer
                0x0000000010006a52       0x18 CMakeFiles/blink_led.dir/home/oliwczak/pico/pico-sdk/lib/tinyusb/src/common/tusb_fifo.c.obj
 .text.backward_pointer
                0x0000000010006a6a       0x1e CMakeFiles/blink_led.dir/home/oliwczak/pico/pico-sdk/lib/tinyusb/src/common/tusb_fifo.c.obj
 .text.get_relative_pointer
                0x0000000010006a88       0x10 CMakeFiles/blink_led.dir/home/oliwczak/pico/pico-sdk/lib/tinyusb/src/common/tusb_fifo.c.obj
 .text._tu_fifo_peek
                0x0000000010006a98       0x50 CMakeFiles/blink_led.dir/home/oliwczak/pico/pico-sdk/lib/tinyusb/src/common/tusb_fifo.c.obj
 .text._ff_pull_const_addr
                0x0000000010006ae8       0x4c CMakeFiles/blink_led.dir/home/oliwczak/pico/pico-sdk/lib/tinyusb/src/common/tusb_fifo.c.obj
 .text._ff_pull_n
                0x0000000010006b34      0x10c CMakeFiles/blink_led.dir/home/oliwczak/pico/pico-sdk/lib/tinyusb/src/common/tusb_fifo.c.obj
 .text._tu_fifo_peek_n
                0x0000000010006c40       0x5e CMakeFiles/blink_led.dir/home/oliwczak/pico/pico-sdk/lib/tinyusb/src/common/tusb_fifo.c.obj
 .text._tu_fifo_read_n
                0x0000000010006c9e       0x4e CMakeFiles/blink_led.dir/home/oliwczak/pico/pico-sdk/lib/tinyusb/src/common/tusb_fifo.c.obj
 .text._ff_push_const_addr
                0x0000000010006cec       0x40 CMakeFiles/blink_led.dir/home/oliwczak/pico/pico-sdk/lib/tinyusb/src/common/tusb_fifo.c.obj
 .text._ff_push_n
                0x0000000010006d2c      0x108 CMakeFiles/blink_led.dir/home/oliwczak/pico/pico-sdk/lib/tinyusb/src/common/tusb_fifo.c.obj
 .text._tu_fifo_write_n
                0x0000000010006e34       0x9e CMakeFiles/blink_led.dir/home/oliwczak/pico/pico-sdk/lib/tinyusb/src/common/tusb_fifo.c.obj
 .text.tu_fifo_config
                0x0000000010006ed2       0x72 CMakeFiles/blink_led.dir/home/oliwczak/pico/pico-sdk/lib/tinyusb/src/common/tusb_fifo.c.obj
                0x0000000010006ed2                tu_fifo_config
 .text.tu_fifo_count
                0x0000000010006f44       0x26 CMakeFiles/blink_led.dir/home/oliwczak/pico/pico-sdk/lib/tinyusb/src/common/tusb_fifo.c.obj
                0x0000000010006f44                tu_fifo_count
 .text.tu_fifo_empty
                0x0000000010006f6a        0xe CMakeFiles/blink_led.dir/home/oliwczak/pico/pico-sdk/lib/tinyusb/src/common/tusb_fifo.c.obj
                0x0000000010006f6a                tu_fifo_empty
 .text.tu_fifo_remaining
                0x0000000010006f78       0x20 CMakeFiles/blink_led.dir/home/oliwczak/pico/pico-sdk/lib/tinyusb/src/common/tusb_fifo.c.obj
                0x0000000010006f78                tu_fifo_remaining
 .text.tu_fifo_read
                0x0000000010006f98       0x42 CMakeFiles/blink_led.dir/home/oliwczak/pico/pico-sdk/lib/tinyusb/src/common/tusb_fifo.c.obj
                0x0000000010006f98                tu_fifo_read
 .text.tu_fifo_read_n
                0x0000000010006fda        0xa CMakeFiles/blink_led.dir/home/oliwczak/pico/pico-sdk/lib/tinyusb/src/common/tusb_fifo.c.obj
                0x0000000010006fda                tu_fifo_read_n
 .text.tu_fifo_write
                0x0000000010006fe4       0x6a CMakeFiles/blink_led.dir/home/oliwczak/pico/pico-sdk/lib/tinyusb/src/common/tusb_fifo.c.obj
                0x0000000010006fe4                tu_fifo_write
 .text.tu_fifo_write_n
                0x000000001000704e        0xa CMakeFiles/blink_led.dir/home/oliwczak/pico/pico-sdk/lib/tinyusb/src/common/tusb_fifo.c.obj
                0x000000001000704e                tu_fifo_write_n
 .text.tu_fifo_clear
                0x0000000010007058       0x4c CMakeFiles/blink_led.dir/home/oliwczak/pico/pico-sdk/lib/tinyusb/src/common/tusb_fifo.c.obj
                0x0000000010007058                tu_fifo_clear
 .text.tu_fifo_set_overwritable
                0x00000000100070a4       0x3c CMakeFiles/blink_led.dir/home/oliwczak/pico/pico-sdk/lib/tinyusb/src/common/tusb_fifo.c.obj
                0x00000000100070a4                tu_fifo_set_overwritable
 .text._retrieve_unique_id_on_boot
                0x00000000100070e0       0x10 CMakeFiles/blink_led.dir/home/oliwczak/pico/pico-sdk/src/rp2_common/pico_unique_id/unique_id.c.obj
 .text.pico_get_unique_board_id_string
                0x00000000100070f0       0x5c CMakeFiles/blink_led.dir/home/oliwczak/pico/pico-sdk/src/rp2_common/pico_unique_id/unique_id.c.obj
                0x00000000100070f0                pico_get_unique_board_id_string
 .text.flash_get_unique_id
                0x000000001000714c       0x46 CMakeFiles/blink_led.dir/home/oliwczak/pico/pico-sdk/src/rp2_common/hardware_flash/flash.c.obj
                0x000000001000714c                flash_get_unique_id
 *fill*         0x0000000010007192        0x2 
 .text.adc_init
                0x0000000010007194       0x34 CMakeFiles/blink_led.dir/home/oliwczak/pico/pico-sdk/src/rp2_common/hardware_adc/adc.c.obj
                0x0000000010007194                adc_init
 .text.atexit   0x00000000100071c8       0x10 /usr/lib/gcc/arm-none-eabi/11.3.0/../../../../arm-none-eabi/lib/thumb/v6-m/nofp/libg.a(lib_a-atexit.o)
                0x00000000100071c8                atexit
 .text.__libc_fini_array
                0x00000000100071d8       0x28 /usr/lib/gcc/arm-none-eabi/11.3.0/../../../../arm-none-eabi/lib/thumb/v6-m/nofp/libg.a(lib_a-fini.o)
                0x00000000100071d8                __libc_fini_array
 .text.strlen   0x0000000010007200       0x5c /usr/lib/gcc/arm-none-eabi/11.3.0/../../../../arm-none-eabi/lib/thumb/v6-m/nofp/libg.a(lib_a-strlen-stub.o)
                0x0000000010007200                strlen
 .text.__register_exitproc
                0x000000001000725c       0xac /usr/lib/gcc/arm-none-eabi/11.3.0/../../../../arm-none-eabi/lib/thumb/v6-m/nofp/libg.a(lib_a-__atexit.o)
                0x000000001000725c                __register_exitproc
 .text.startup.register_fini
                0x0000000010007308       0x18 /usr/lib/gcc/arm-none-eabi/11.3.0/../../../../arm-none-eabi/lib/thumb/v6-m/nofp/libg.a(lib_a-__call_atexit.o)
 .text.__retarget_lock_acquire_recursive
                0x0000000010007320        0x4 /usr/lib/gcc/arm-none-eabi/11.3.0/../../../../arm-none-eabi/lib/thumb/v6-m/nofp/libg.a(lib_a-lock.o)
                0x0000000010007320                __retarget_lock_acquire_recursive
 .text.__retarget_lock_release_recursive
                0x0000000010007324        0x4 /usr/lib/gcc/arm-none-eabi/11.3.0/../../../../arm-none-eabi/lib/thumb/v6-m/nofp/libg.a(lib_a-lock.o)
                0x0000000010007324                __retarget_lock_release_recursive
 *(.fini)
 .fini          0x0000000010007328        0x4 /usr/lib/gcc/arm-none-eabi/11.3.0/thumb/v6-m/nofp/crti.o
                0x0000000010007328                _fini
 *fill*         0x000000001000732c        0x4 
 .fini.__stub   0x0000000010007330       0x70 linker stubs
 *crtbegin.o(.ctors)
 *crtbegin?.o(.ctors)
 *(EXCLUDE_FILE(*crtend.o *crtend?.o) .ctors)
 *(SORT_BY_NAME(.ctors.*))
 *(.ctors)
 *crtbegin.o(.dtors)
 *crtbegin?.o(.dtors)
 *(EXCLUDE_FILE(*crtend.o *crtend?.o) .dtors)
 *(SORT_BY_NAME(.dtors.*))
 *(.dtors)
 *(.eh_frame*)
 .eh_frame      0x00000000100073a0        0x0 /usr/lib/gcc/arm-none-eabi/11.3.0/thumb/v6-m/nofp/crtbegin.o
                0x00000000100073a0                . = ALIGN (0x4)

.glue_7         0x00000000100073a0        0x0
 .glue_7        0x00000000100073a0        0x0 linker stubs

.glue_7t        0x00000000100073a0        0x0
 .glue_7t       0x00000000100073a0        0x0 linker stubs

.vfp11_veneer   0x00000000100073a0        0x0
 .vfp11_veneer  0x00000000100073a0        0x0 linker stubs

.v4_bx          0x00000000100073a0        0x0
 .v4_bx         0x00000000100073a0        0x0 linker stubs

.iplt           0x00000000100073a0        0x0
 .iplt          0x00000000100073a0        0x0 /usr/lib/gcc/arm-none-eabi/11.3.0/thumb/v6-m/nofp/crtbegin.o

.rodata         0x00000000100073a0     0x1574
 *(EXCLUDE_FILE(*libm.a: *libc.a:*lib_a-mem*.o *libgcc.a:) .rodata*)
 .rodata.spin_lock_claim_unused.str1.4
                0x00000000100073a0       0x1b CMakeFiles/blink_led.dir/home/oliwczak/pico/pico-sdk/src/rp2_common/hardware_sync/sync.c.obj
 *fill*         0x00000000100073bb        0x1 
 .rodata.repeating_timer_callback.str1.4
                0x00000000100073bc       0x4d CMakeFiles/blink_led.dir/home/oliwczak/pico/pico-sdk/src/common/pico_time/time.c.obj
 *fill*         0x0000000010007409        0x3 
 .rodata.alarm_pool_dump_key.str1.4
                0x000000001000740c       0x33 CMakeFiles/blink_led.dir/home/oliwczak/pico/pico-sdk/src/common/pico_time/time.c.obj
 *fill*         0x000000001000743f        0x1 
 .rodata.ph_add_child_node.str1.4
                0x0000000010007440       0x96 CMakeFiles/blink_led.dir/home/oliwczak/pico/pico-sdk/src/common/pico_time/time.c.obj
 *fill*         0x00000000100074d6        0x2 
 .rodata.add_alarm_under_lock.str1.4
                0x00000000100074d8       0x28 CMakeFiles/blink_led.dir/home/oliwczak/pico/pico-sdk/src/common/pico_time/time.c.obj
                                         0x2b (size before relaxing)
 .rodata.alarm_pool_alarm_callback.str1.4
                0x0000000010007500       0xe6 CMakeFiles/blink_led.dir/home/oliwczak/pico/pico-sdk/src/common/pico_time/time.c.obj
 *fill*         0x00000000100075e6        0x2 
 .rodata.alarm_pool_get_default.str1.4
                0x00000000100075e8       0x21 CMakeFiles/blink_led.dir/home/oliwczak/pico/pico-sdk/src/common/pico_time/time.c.obj
 *fill*         0x0000000010007609        0x3 
 .rodata.alarm_pool_cancel_alarm.str1.4
                0x000000001000760c       0x27 CMakeFiles/blink_led.dir/home/oliwczak/pico/pico-sdk/src/common/pico_time/time.c.obj
 *fill*         0x0000000010007633        0x1 
 .rodata.sleep_until.str1.4
                0x0000000010007634       0x4d CMakeFiles/blink_led.dir/home/oliwczak/pico/pico-sdk/src/common/pico_time/time.c.obj
 *fill*         0x0000000010007681        0x3 
 .rodata.__func__.1
                0x0000000010007684       0x18 CMakeFiles/blink_led.dir/home/oliwczak/pico/pico-sdk/src/common/pico_time/time.c.obj
 .rodata.__func__.10
                0x000000001000769c       0x15 CMakeFiles/blink_led.dir/home/oliwczak/pico/pico-sdk/src/common/pico_time/time.c.obj
 *fill*         0x00000000100076b1        0x3 
 .rodata.__func__.11
                0x00000000100076b4       0x1a CMakeFiles/blink_led.dir/home/oliwczak/pico/pico-sdk/src/common/pico_time/time.c.obj
 *fill*         0x00000000100076ce        0x2 
 .rodata.__func__.12
                0x00000000100076d0        0xa CMakeFiles/blink_led.dir/home/oliwczak/pico/pico-sdk/src/common/pico_time/time.c.obj
 *fill*         0x00000000100076da        0x2 
 .rodata.__func__.3
                0x00000000100076dc       0x17 CMakeFiles/blink_led.dir/home/oliwczak/pico/pico-sdk/src/common/pico_time/time.c.obj
 *fill*         0x00000000100076f3        0x1 
 .rodata.__func__.4
                0x00000000100076f4       0x12 CMakeFiles/blink_led.dir/home/oliwczak/pico/pico-sdk/src/common/pico_time/time.c.obj
 *fill*         0x0000000010007706        0x2 
 .rodata.__func__.5
                0x0000000010007708        0xd CMakeFiles/blink_led.dir/home/oliwczak/pico/pico-sdk/src/common/pico_time/time.c.obj
 *fill*         0x0000000010007715        0x3 
 .rodata.__func__.6
                0x0000000010007718       0x12 CMakeFiles/blink_led.dir/home/oliwczak/pico/pico-sdk/src/common/pico_time/time.c.obj
 *fill*         0x000000001000772a        0x2 
 .rodata.__func__.7
                0x000000001000772c        0xf CMakeFiles/blink_led.dir/home/oliwczak/pico/pico-sdk/src/common/pico_time/time.c.obj
 *fill*         0x000000001000773b        0x1 
 .rodata.__func__.8
                0x000000001000773c        0xc CMakeFiles/blink_led.dir/home/oliwczak/pico/pico-sdk/src/common/pico_time/time.c.obj
 .rodata.__func__.9
                0x0000000010007748       0x15 CMakeFiles/blink_led.dir/home/oliwczak/pico/pico-sdk/src/common/pico_time/time.c.obj
 *fill*         0x000000001000775d        0x3 
 .rodata.hardware_alarm_claim.str1.4
                0x0000000010007760       0x22 CMakeFiles/blink_led.dir/home/oliwczak/pico/pico-sdk/src/rp2_common/hardware_timer/timer.c.obj
 *fill*         0x0000000010007782        0x2 
 .rodata.hardware_alarm_set_target.str1.4
                0x0000000010007784       0x67 CMakeFiles/blink_led.dir/home/oliwczak/pico/pico-sdk/src/rp2_common/hardware_timer/timer.c.obj
 *fill*         0x00000000100077eb        0x1 
 .rodata.__func__.0
                0x00000000100077ec       0x1a CMakeFiles/blink_led.dir/home/oliwczak/pico/pico-sdk/src/rp2_common/hardware_timer/timer.c.obj
 *fill*         0x0000000010007806        0x2 
 .rodata.str1.4
                0x0000000010007808       0x8d CMakeFiles/blink_led.dir/home/oliwczak/pico/pico-sdk/src/common/pico_sync/mutex.c.obj
                                         0xf1 (size before relaxing)
 *fill*         0x0000000010007895        0x3 
 .rodata.__func__.1
                0x0000000010007898        0xb CMakeFiles/blink_led.dir/home/oliwczak/pico/pico-sdk/src/common/pico_sync/mutex.c.obj
 *fill*         0x00000000100078a3        0x1 
 .rodata.__func__.3
                0x00000000100078a4       0x18 CMakeFiles/blink_led.dir/home/oliwczak/pico/pico-sdk/src/common/pico_sync/mutex.c.obj
 .rodata.__func__.4
                0x00000000100078bc       0x15 CMakeFiles/blink_led.dir/home/oliwczak/pico/pico-sdk/src/common/pico_sync/mutex.c.obj
 .rodata.ph_add_child_node.str1.4
                0x00000000100078d1       0x96 CMakeFiles/blink_led.dir/home/oliwczak/pico/pico-sdk/src/common/pico_util/pheap.c.obj
 *fill*         0x00000000100078d1        0x3 
 .rodata.ph_remove_any_head.str1.4
                0x00000000100078d4       0x90 CMakeFiles/blink_led.dir/home/oliwczak/pico/pico-sdk/src/common/pico_util/pheap.c.obj
 .rodata.ph_remove_and_free_node.str1.4
                0x0000000010007964       0x26 CMakeFiles/blink_led.dir/home/oliwczak/pico/pico-sdk/src/common/pico_util/pheap.c.obj
 *fill*         0x000000001000798a        0x2 
 .rodata.__func__.0
                0x000000001000798c       0x18 CMakeFiles/blink_led.dir/home/oliwczak/pico/pico-sdk/src/common/pico_util/pheap.c.obj
 .rodata.__func__.1
                0x00000000100079a4       0x13 CMakeFiles/blink_led.dir/home/oliwczak/pico/pico-sdk/src/common/pico_util/pheap.c.obj
 *fill*         0x00000000100079b7        0x1 
 .rodata.__func__.2
                0x00000000100079b8       0x12 CMakeFiles/blink_led.dir/home/oliwczak/pico/pico-sdk/src/common/pico_util/pheap.c.obj
 *fill*         0x00000000100079ca        0x2 
 .rodata.__func__.3
                0x00000000100079cc        0xc CMakeFiles/blink_led.dir/home/oliwczak/pico/pico-sdk/src/common/pico_util/pheap.c.obj
 .rodata.__assert_func.str1.4
                0x00000000100079d8       0x3f CMakeFiles/blink_led.dir/home/oliwczak/pico/pico-sdk/src/rp2_common/pico_runtime/runtime.c.obj
                                         0x43 (size before relaxing)
 *fill*         0x0000000010007a17        0x1 
 .rodata.runtime_init.str1.4
                0x0000000010007a18       0x63 CMakeFiles/blink_led.dir/home/oliwczak/pico/pico-sdk/src/rp2_common/pico_runtime/runtime.c.obj
 *fill*         0x0000000010007a7b        0x1 
 .rodata.panic.str1.4
                0x0000000010007a7c       0x12 CMakeFiles/blink_led.dir/home/oliwczak/pico/pico-sdk/src/rp2_common/pico_runtime/runtime.c.obj
 *fill*         0x0000000010007a8e        0x2 
 .rodata.__func__.1
                0x0000000010007a90        0xd CMakeFiles/blink_led.dir/home/oliwczak/pico/pico-sdk/src/rp2_common/pico_runtime/runtime.c.obj
 *fill*         0x0000000010007a9d        0x3 
 .rodata.clock_configure.str1.4
                0x0000000010007aa0       0x59 CMakeFiles/blink_led.dir/home/oliwczak/pico/pico-sdk/src/rp2_common/hardware_clocks/clocks.c.obj
 *fill*         0x0000000010007af9        0x3 
 .rodata.__func__.1
                0x0000000010007afc       0x10 CMakeFiles/blink_led.dir/home/oliwczak/pico/pico-sdk/src/rp2_common/hardware_clocks/clocks.c.obj
 .rodata.make_branch.str1.4
                0x0000000010007b0c       0x4f CMakeFiles/blink_led.dir/home/oliwczak/pico/pico-sdk/src/rp2_common/hardware_irq/irq.c.obj
 *fill*         0x0000000010007b5b        0x1 
 .rodata.irq_set_exclusive_handler.str1.4
                0x0000000010007b5c       0x36 CMakeFiles/blink_led.dir/home/oliwczak/pico/pico-sdk/src/rp2_common/hardware_irq/irq.c.obj
 *fill*         0x0000000010007b92        0x2 
 .rodata.irq_add_shared_handler.str1.4
                0x0000000010007b94       0xd9 CMakeFiles/blink_led.dir/home/oliwczak/pico/pico-sdk/src/rp2_common/hardware_irq/irq.c.obj
 *fill*         0x0000000010007c6d        0x3 
 .rodata.irq_remove_handler.str1.4
                0x0000000010007c70       0x2a CMakeFiles/blink_led.dir/home/oliwczak/pico/pico-sdk/src/rp2_common/hardware_irq/irq.c.obj
 *fill*         0x0000000010007c9a        0x2 
 .rodata.irq_add_tail_to_free_list.str1.4
                0x0000000010007c9c       0x32 CMakeFiles/blink_led.dir/home/oliwczak/pico/pico-sdk/src/rp2_common/hardware_irq/irq.c.obj
                                         0x3a (size before relaxing)
 *fill*         0x0000000010007cce        0x2 
 .rodata.__func__.0
                0x0000000010007cd0       0x1a CMakeFiles/blink_led.dir/home/oliwczak/pico/pico-sdk/src/rp2_common/hardware_irq/irq.c.obj
 *fill*         0x0000000010007cea        0x2 
 .rodata.__func__.1
                0x0000000010007cec       0x17 CMakeFiles/blink_led.dir/home/oliwczak/pico/pico-sdk/src/rp2_common/hardware_irq/irq.c.obj
 *fill*         0x0000000010007d03        0x1 
 .rodata.__func__.2
                0x0000000010007d04       0x13 CMakeFiles/blink_led.dir/home/oliwczak/pico/pico-sdk/src/rp2_common/hardware_irq/irq.c.obj
 *fill*         0x0000000010007d17        0x1 
 .rodata.__func__.3
                0x0000000010007d18        0xc CMakeFiles/blink_led.dir/home/oliwczak/pico/pico-sdk/src/rp2_common/hardware_irq/irq.c.obj
 .rodata.__func__.4
                0x0000000010007d24        0xf CMakeFiles/blink_led.dir/home/oliwczak/pico/pico-sdk/src/rp2_common/hardware_irq/irq.c.obj
 *fill*         0x0000000010007d33        0x1 
 .rodata.__func__.6
                0x0000000010007d34       0x1a CMakeFiles/blink_led.dir/home/oliwczak/pico/pico-sdk/src/rp2_common/hardware_irq/irq.c.obj
 *fill*         0x0000000010007d4e        0x2 
 .rodata.pll_init.str1.4
                0x0000000010007d50       0xdb CMakeFiles/blink_led.dir/home/oliwczak/pico/pico-sdk/src/rp2_common/hardware_pll/pll.c.obj
 *fill*         0x0000000010007e2b        0x1 
 .rodata.__func__.0
                0x0000000010007e2c        0x9 CMakeFiles/blink_led.dir/home/oliwczak/pico/pico-sdk/src/rp2_common/hardware_pll/pll.c.obj
 *fill*         0x0000000010007e35        0x3 
 .rodata._ftoa.str1.4
                0x0000000010007e38       0x15 CMakeFiles/blink_led.dir/home/oliwczak/pico/pico-sdk/src/rp2_common/pico_printf/printf.c.obj
 *fill*         0x0000000010007e4d        0x3 
 .rodata._vsnprintf
                0x0000000010007e50      0x19c CMakeFiles/blink_led.dir/home/oliwczak/pico/pico-sdk/src/rp2_common/pico_printf/printf.c.obj
 *fill*         0x0000000010007fec        0x4 
 .rodata.pow10.0
                0x0000000010007ff0       0x50 CMakeFiles/blink_led.dir/home/oliwczak/pico/pico-sdk/src/rp2_common/pico_printf/printf.c.obj
 .rodata.__aeabi_double_init.str1.4
                0x0000000010008040       0xaa CMakeFiles/blink_led.dir/home/oliwczak/pico/pico-sdk/src/rp2_common/pico_double/double_init_rom.c.obj
 *fill*         0x00000000100080ea        0x2 
 .rodata.__func__.0
                0x00000000100080ec       0x14 CMakeFiles/blink_led.dir/home/oliwczak/pico/pico-sdk/src/rp2_common/pico_double/double_init_rom.c.obj
 .rodata.__aeabi_float_init.str1.4
                0x0000000010008100       0x7c CMakeFiles/blink_led.dir/home/oliwczak/pico/pico-sdk/src/rp2_common/pico_float/float_init_rom.c.obj
                                         0x80 (size before relaxing)
 .rodata.__func__.0
                0x000000001000817c       0x13 CMakeFiles/blink_led.dir/home/oliwczak/pico/pico-sdk/src/rp2_common/pico_float/float_init_rom.c.obj
 *fill*         0x000000001000818f        0x1 
 .rodata.str1.4
                0x0000000010008190       0x40 CMakeFiles/blink_led.dir/home/oliwczak/pico/pico-sdk/src/rp2_common/pico_standard_link/binary_info.c.obj
 .rodata.__bi_44
                0x00000000100081d0        0xc CMakeFiles/blink_led.dir/home/oliwczak/pico/pico-sdk/src/rp2_common/pico_standard_link/binary_info.c.obj
 .rodata.__bi_75
                0x00000000100081dc        0xc CMakeFiles/blink_led.dir/home/oliwczak/pico/pico-sdk/src/rp2_common/pico_standard_link/binary_info.c.obj
 .rodata.__bi_81
                0x00000000100081e8        0xc CMakeFiles/blink_led.dir/home/oliwczak/pico/pico-sdk/src/rp2_common/pico_standard_link/binary_info.c.obj
 .rodata.crlf_str.3
                0x00000000100081f4        0x2 CMakeFiles/blink_led.dir/home/oliwczak/pico/pico-sdk/src/rp2_common/pico_stdio/stdio.c.obj
 *fill*         0x00000000100081f6        0x2 
 .rodata._resetd_driver
                0x00000000100081f8       0x18 CMakeFiles/blink_led.dir/home/oliwczak/pico/pico-sdk/src/rp2_common/pico_stdio_usb/reset_interface.c.obj
 .rodata.stdio_usb_init.str1.4
                0x0000000010008210       0x63 CMakeFiles/blink_led.dir/home/oliwczak/pico/pico-sdk/src/rp2_common/pico_stdio_usb/stdio_usb.c.obj
 .rodata.str1.4
                0x0000000010008210       0x13 CMakeFiles/blink_led.dir/home/oliwczak/pico/pico-sdk/src/rp2_common/pico_stdio_usb/stdio_usb.c.obj
 *fill*         0x0000000010008223        0x1 
 .rodata.__bi_93.1
                0x0000000010008224        0xc CMakeFiles/blink_led.dir/home/oliwczak/pico/pico-sdk/src/rp2_common/pico_stdio_usb/stdio_usb.c.obj
 .rodata.__func__.0
                0x0000000010008230       0x15 CMakeFiles/blink_led.dir/home/oliwczak/pico/pico-sdk/src/rp2_common/pico_stdio_usb/stdio_usb.c.obj
 *fill*         0x0000000010008245        0x3 
 .rodata.str1.4
                0x0000000010008248       0x2a CMakeFiles/blink_led.dir/home/oliwczak/pico/pico-sdk/src/rp2_common/pico_stdio_usb/stdio_usb_descriptors.c.obj
 *fill*         0x0000000010008272        0x2 
 .rodata.usbd_desc_cfg
                0x0000000010008274       0x54 CMakeFiles/blink_led.dir/home/oliwczak/pico/pico-sdk/src/rp2_common/pico_stdio_usb/stdio_usb_descriptors.c.obj
 .rodata.usbd_desc_device
                0x00000000100082c8       0x12 CMakeFiles/blink_led.dir/home/oliwczak/pico/pico-sdk/src/rp2_common/pico_stdio_usb/stdio_usb_descriptors.c.obj
 *fill*         0x00000000100082da        0x2 
 .rodata.usbd_desc_str
                0x00000000100082dc       0x18 CMakeFiles/blink_led.dir/home/oliwczak/pico/pico-sdk/src/rp2_common/pico_stdio_usb/stdio_usb_descriptors.c.obj
 .rodata._hw_endpoint_alloc.str1.4
                0x00000000100082f4       0xb9 CMakeFiles/blink_led.dir/home/oliwczak/pico/pico-sdk/lib/tinyusb/src/portable/raspberrypi/rp2040/dcd_rp2040.c.obj
 *fill*         0x00000000100083ad        0x3 
 .rodata.dcd_rp2040_irq.str1.4
                0x00000000100083b0       0x14 CMakeFiles/blink_led.dir/home/oliwczak/pico/pico-sdk/lib/tinyusb/src/portable/raspberrypi/rp2040/dcd_rp2040.c.obj
 .rodata.dcd_int_enable.str1.4
                0x00000000100083c4        0xc CMakeFiles/blink_led.dir/home/oliwczak/pico/pico-sdk/lib/tinyusb/src/portable/raspberrypi/rp2040/dcd_rp2040.c.obj
 .rodata.__func__.0
                0x00000000100083d0        0xe CMakeFiles/blink_led.dir/home/oliwczak/pico/pico-sdk/lib/tinyusb/src/portable/raspberrypi/rp2040/dcd_rp2040.c.obj
 *fill*         0x00000000100083de        0x2 
 .rodata.__func__.1
                0x00000000100083e0        0xe CMakeFiles/blink_led.dir/home/oliwczak/pico/pico-sdk/lib/tinyusb/src/portable/raspberrypi/rp2040/dcd_rp2040.c.obj
 *fill*         0x00000000100083ee        0x2 
 .rodata.__func__.3
                0x00000000100083f0       0x10 CMakeFiles/blink_led.dir/home/oliwczak/pico/pico-sdk/lib/tinyusb/src/portable/raspberrypi/rp2040/dcd_rp2040.c.obj
 .rodata.__func__.5
                0x0000000010008400        0xf CMakeFiles/blink_led.dir/home/oliwczak/pico/pico-sdk/lib/tinyusb/src/portable/raspberrypi/rp2040/dcd_rp2040.c.obj
 *fill*         0x000000001000840f        0x1 
 .rodata.__func__.6
                0x0000000010008410       0x13 CMakeFiles/blink_led.dir/home/oliwczak/pico/pico-sdk/lib/tinyusb/src/portable/raspberrypi/rp2040/dcd_rp2040.c.obj
 *fill*         0x0000000010008423        0x1 
 .rodata.__func__.7
                0x0000000010008424        0x9 CMakeFiles/blink_led.dir/home/oliwczak/pico/pico-sdk/lib/tinyusb/src/portable/raspberrypi/rp2040/dcd_rp2040.c.obj
 *fill*         0x000000001000842d        0x3 
 .rodata.sync_ep_buffer.str1.4
                0x0000000010008430       0x95 CMakeFiles/blink_led.dir/home/oliwczak/pico/pico-sdk/lib/tinyusb/src/portable/raspberrypi/rp2040/rp2040_usb.c.obj
 *fill*         0x00000000100084c5        0x3 
 .rodata._hw_endpoint_buffer_control_update32.str1.4
                0x00000000100084c8       0x1f CMakeFiles/blink_led.dir/home/oliwczak/pico/pico-sdk/lib/tinyusb/src/portable/raspberrypi/rp2040/rp2040_usb.c.obj
 *fill*         0x00000000100084e7        0x1 
 .rodata.hw_endpoint_xfer_start.str1.4
                0x00000000100084e8       0x38 CMakeFiles/blink_led.dir/home/oliwczak/pico/pico-sdk/lib/tinyusb/src/portable/raspberrypi/rp2040/rp2040_usb.c.obj
 .rodata.hw_endpoint_xfer_continue.str1.4
                0x0000000010008520       0x29 CMakeFiles/blink_led.dir/home/oliwczak/pico/pico-sdk/lib/tinyusb/src/portable/raspberrypi/rp2040/rp2040_usb.c.obj
 *fill*         0x0000000010008549        0x3 
 .rodata.str1.4
                0x000000001000854c        0x7 CMakeFiles/blink_led.dir/home/oliwczak/pico/pico-sdk/lib/tinyusb/src/portable/raspberrypi/rp2040/rp2040_usb.c.obj
 *fill*         0x0000000010008553        0x1 
 .rodata.__func__.0
                0x0000000010008554        0xf CMakeFiles/blink_led.dir/home/oliwczak/pico/pico-sdk/lib/tinyusb/src/portable/raspberrypi/rp2040/rp2040_usb.c.obj
 *fill*         0x0000000010008563        0x1 
 .rodata.process_set_config.str1.4
                0x0000000010008564       0x17 CMakeFiles/blink_led.dir/home/oliwczak/pico/pico-sdk/lib/tinyusb/src/device/usbd.c.obj
 *fill*         0x000000001000857b        0x1 
 .rodata.process_get_descriptor
                0x000000001000857c       0x40 CMakeFiles/blink_led.dir/home/oliwczak/pico/pico-sdk/lib/tinyusb/src/device/usbd.c.obj
 .rodata.process_control_request
                0x00000000100085bc       0x28 CMakeFiles/blink_led.dir/home/oliwczak/pico/pico-sdk/lib/tinyusb/src/device/usbd.c.obj
 .rodata.tud_task
                0x00000000100085e4       0x24 CMakeFiles/blink_led.dir/home/oliwczak/pico/pico-sdk/lib/tinyusb/src/device/usbd.c.obj
 .rodata.__func__.2
                0x0000000010008608        0xf CMakeFiles/blink_led.dir/home/oliwczak/pico/pico-sdk/lib/tinyusb/src/device/usbd.c.obj
 *fill*         0x0000000010008617        0x1 
 .rodata.__func__.3
                0x0000000010008618        0xf CMakeFiles/blink_led.dir/home/oliwczak/pico/pico-sdk/lib/tinyusb/src/device/usbd.c.obj
 *fill*         0x0000000010008627        0x1 
 .rodata.__func__.4
                0x0000000010008628       0x14 CMakeFiles/blink_led.dir/home/oliwczak/pico/pico-sdk/lib/tinyusb/src/device/usbd.c.obj
 .rodata.__func__.5
                0x000000001000863c       0x10 CMakeFiles/blink_led.dir/home/oliwczak/pico/pico-sdk/lib/tinyusb/src/device/usbd.c.obj
 .rodata.__func__.6
                0x000000001000864c       0x17 CMakeFiles/blink_led.dir/home/oliwczak/pico/pico-sdk/lib/tinyusb/src/device/usbd.c.obj
 *fill*         0x0000000010008663        0x1 
 .rodata.__func__.7
                0x0000000010008664       0x13 CMakeFiles/blink_led.dir/home/oliwczak/pico/pico-sdk/lib/tinyusb/src/device/usbd.c.obj
 *fill*         0x0000000010008677        0x1 
 .rodata.__func__.8
                0x0000000010008678       0x18 CMakeFiles/blink_led.dir/home/oliwczak/pico/pico-sdk/lib/tinyusb/src/device/usbd.c.obj
 .rodata.__func__.9
                0x0000000010008690        0x9 CMakeFiles/blink_led.dir/home/oliwczak/pico/pico-sdk/lib/tinyusb/src/device/usbd.c.obj
 *fill*         0x0000000010008699        0x3 
 .rodata._usbd_driver
                0x000000001000869c       0x18 CMakeFiles/blink_led.dir/home/oliwczak/pico/pico-sdk/lib/tinyusb/src/device/usbd.c.obj
 .rodata.tud_control_xfer.str1.4
                0x00000000100086b4       0x17 CMakeFiles/blink_led.dir/home/oliwczak/pico/pico-sdk/lib/tinyusb/src/device/usbd_control.c.obj
 .rodata.__func__.0
                0x00000000100086b4       0x15 CMakeFiles/blink_led.dir/home/oliwczak/pico/pico-sdk/lib/tinyusb/src/device/usbd_control.c.obj
 *fill*         0x00000000100086c9        0x3 
 .rodata.__func__.1
                0x00000000100086cc       0x11 CMakeFiles/blink_led.dir/home/oliwczak/pico/pico-sdk/lib/tinyusb/src/device/usbd_control.c.obj
 .rodata.tud_cdc_n_write_flush.str1.4
                0x00000000100086dd       0x17 CMakeFiles/blink_led.dir/home/oliwczak/pico/pico-sdk/lib/tinyusb/src/class/cdc/cdc_device.c.obj
 *fill*         0x00000000100086dd        0x3 
 .rodata.__func__.0
                0x00000000100086e0        0xd CMakeFiles/blink_led.dir/home/oliwczak/pico/pico-sdk/lib/tinyusb/src/class/cdc/cdc_device.c.obj
 *fill*         0x00000000100086ed        0x3 
 .rodata.__func__.1
                0x00000000100086f0        0xa CMakeFiles/blink_led.dir/home/oliwczak/pico/pico-sdk/lib/tinyusb/src/class/cdc/cdc_device.c.obj
 *fill*         0x00000000100086fa        0x2 
 .rodata.__func__.2
                0x00000000100086fc       0x16 CMakeFiles/blink_led.dir/home/oliwczak/pico/pico-sdk/lib/tinyusb/src/class/cdc/cdc_device.c.obj
 .rodata.tusb_init.str1.4
                0x0000000010008712       0x17 CMakeFiles/blink_led.dir/home/oliwczak/pico/pico-sdk/lib/tinyusb/src/tusb.c.obj
 *fill*         0x0000000010008712        0x2 
 .rodata.__func__.0
                0x0000000010008714       0x11 CMakeFiles/blink_led.dir/home/oliwczak/pico/pico-sdk/lib/tinyusb/src/tusb.c.obj
 *fill*         0x0000000010008725        0x3 
 .rodata.__func__.1
                0x0000000010008728        0xa CMakeFiles/blink_led.dir/home/oliwczak/pico/pico-sdk/lib/tinyusb/src/tusb.c.obj
 *fill*         0x0000000010008732        0x2 
 .rodata.pico_get_unique_board_id_string.str1.4
                0x0000000010008734       0x4f CMakeFiles/blink_led.dir/home/oliwczak/pico/pico-sdk/src/rp2_common/pico_unique_id/unique_id.c.obj
 *fill*         0x0000000010008783        0x1 
 .rodata.__func__.0
                0x0000000010008784       0x20 CMakeFiles/blink_led.dir/home/oliwczak/pico/pico-sdk/src/rp2_common/pico_unique_id/unique_id.c.obj
 .rodata.str1.4
                0x00000000100087a4      0x15a CMakeFiles/blink_led.dir/home/oliwczak/pico/pico-sdk/src/rp2_common/hardware_flash/flash.c.obj
 *fill*         0x00000000100088fe        0x2 
 .rodata.__func__.0
                0x0000000010008900        0xd CMakeFiles/blink_led.dir/home/oliwczak/pico/pico-sdk/src/rp2_common/hardware_flash/flash.c.obj
 *fill*         0x000000001000890d        0x3 
 .rodata._global_impure_ptr
                0x0000000010008910        0x4 /usr/lib/gcc/arm-none-eabi/11.3.0/../../../../arm-none-eabi/lib/thumb/v6-m/nofp/libg.a(lib_a-impure.o)
                0x0000000010008910                _global_impure_ptr
                0x0000000010008914                . = ALIGN (0x4)
 *(SORT_BY_ALIGNMENT(SORT_BY_NAME(.flashdata*)))
                0x0000000010008914                . = ALIGN (0x4)

.rel.dyn        0x0000000010008914        0x0
 .rel.iplt      0x0000000010008914        0x0 /usr/lib/gcc/arm-none-eabi/11.3.0/thumb/v6-m/nofp/crtbegin.o

.ARM.extab
 *(.ARM.extab* .gnu.linkonce.armextab.*)
                0x0000000010008914                __exidx_start = .

.ARM.exidx
 *(.ARM.exidx* .gnu.linkonce.armexidx.*)
                0x0000000010008914                __exidx_end = .
                0x0000000010008914                . = ALIGN (0x4)
                0x0000000010008914                __binary_info_start = .

.binary_info    0x0000000010008914       0x20
 *(.binary_info.keep.*)
 .binary_info.keep.__bi_ptr22
                0x0000000010008914        0x4 CMakeFiles/blink_led.dir/home/oliwczak/pico/pico-sdk/src/rp2_common/pico_standard_link/binary_info.c.obj
 .binary_info.keep.__bi_ptr30
                0x0000000010008918        0x4 CMakeFiles/blink_led.dir/home/oliwczak/pico/pico-sdk/src/rp2_common/pico_standard_link/binary_info.c.obj
 .binary_info.keep.__bi_ptr38
                0x000000001000891c        0x4 CMakeFiles/blink_led.dir/home/oliwczak/pico/pico-sdk/src/rp2_common/pico_standard_link/binary_info.c.obj
 .binary_info.keep.__bi_ptr44
                0x0000000010008920        0x4 CMakeFiles/blink_led.dir/home/oliwczak/pico/pico-sdk/src/rp2_common/pico_standard_link/binary_info.c.obj
 .binary_info.keep.__bi_ptr50
                0x0000000010008924        0x4 CMakeFiles/blink_led.dir/home/oliwczak/pico/pico-sdk/src/rp2_common/pico_standard_link/binary_info.c.obj
 .binary_info.keep.__bi_ptr75
                0x0000000010008928        0x4 CMakeFiles/blink_led.dir/home/oliwczak/pico/pico-sdk/src/rp2_common/pico_standard_link/binary_info.c.obj
 .binary_info.keep.__bi_ptr81
                0x000000001000892c        0x4 CMakeFiles/blink_led.dir/home/oliwczak/pico/pico-sdk/src/rp2_common/pico_standard_link/binary_info.c.obj
 *(.binary_info.*)
 .binary_info.__bi_ptr93
                0x0000000010008930        0x4 CMakeFiles/blink_led.dir/home/oliwczak/pico/pico-sdk/src/rp2_common/pico_stdio_usb/stdio_usb.c.obj
                0x0000000010008934                __binary_info_end = .
                0x0000000010008934                . = ALIGN (0x4)
                0x0000000010008934                __etext = .

.ram_vector_table
                0x0000000020000000       0xc0
 *(.ram_vector_table)
 .ram_vector_table
                0x0000000020000000       0xc0 CMakeFiles/blink_led.dir/home/oliwczak/pico/pico-sdk/src/rp2_common/pico_runtime/runtime.c.obj
                0x0000000020000000                ram_vector_table

.data           0x00000000200000c0      0x8b0 load address 0x0000000010008934
                0x00000000200000c0                __data_start__ = .
 *(vtable)
 *(.time_critical*)
 .time_critical.mutex_enter_blocking
                0x00000000200000c0       0x48 CMakeFiles/blink_led.dir/home/oliwczak/pico/pico-sdk/src/common/pico_sync/mutex.c.obj
                0x00000000200000c0                mutex_enter_blocking
 .time_critical.mutex_try_enter
                0x0000000020000108       0x46 CMakeFiles/blink_led.dir/home/oliwczak/pico/pico-sdk/src/common/pico_sync/mutex.c.obj
                0x0000000020000108                mutex_try_enter
 *fill*         0x000000002000014e        0x2 
 .time_critical.mutex_enter_block_until
                0x0000000020000150       0x8c CMakeFiles/blink_led.dir/home/oliwczak/pico/pico-sdk/src/common/pico_sync/mutex.c.obj
                0x0000000020000150                mutex_enter_block_until
 .time_critical.mutex_enter_timeout_ms
                0x00000000200001dc       0x74 CMakeFiles/blink_led.dir/home/oliwczak/pico/pico-sdk/src/common/pico_sync/mutex.c.obj
                0x00000000200001dc                mutex_enter_timeout_ms
 .time_critical.mutex_exit
                0x0000000020000250       0x4c CMakeFiles/blink_led.dir/home/oliwczak/pico/pico-sdk/src/common/pico_sync/mutex.c.obj
                0x0000000020000250                mutex_exit
 .time_critical.flash_init_boot2_copyout
                0x000000002000029c       0x30 CMakeFiles/blink_led.dir/home/oliwczak/pico/pico-sdk/src/rp2_common/hardware_flash/flash.c.obj
 .time_critical.flash_enable_xip_via_boot2
                0x00000000200002cc       0x10 CMakeFiles/blink_led.dir/home/oliwczak/pico/pico-sdk/src/rp2_common/hardware_flash/flash.c.obj
 .time_critical.flash_cs_force
                0x00000000200002dc       0x28 CMakeFiles/blink_led.dir/home/oliwczak/pico/pico-sdk/src/rp2_common/hardware_flash/flash.c.obj
 .time_critical.flash_do_cmd
                0x0000000020000304       0xd8 CMakeFiles/blink_led.dir/home/oliwczak/pico/pico-sdk/src/rp2_common/hardware_flash/flash.c.obj
                0x0000000020000304                flash_do_cmd
 *(.text*)
 .text          0x00000000200003dc        0x4 /usr/lib/gcc/arm-none-eabi/11.3.0/thumb/v6-m/nofp/libgcc.a(_dvmd_tls.o)
                0x00000000200003dc                __aeabi_ldiv0
                0x00000000200003dc                __aeabi_idiv0
 .text.__stub   0x00000000200003e0       0x40 linker stubs
                0x0000000020000420                . = ALIGN (0x4)
 *(.rodata*)
                0x0000000020000420                . = ALIGN (0x4)
 *(.data*)
 .data.time     0x0000000020000420        0x4 CMakeFiles/blink_led.dir/blink_led.c.obj
                0x0000000020000420                time
 .data.xA       0x0000000020000424       0x14 CMakeFiles/blink_led.dir/blink_led.c.obj
                0x0000000020000424                xA
 .data.yA       0x0000000020000438       0x10 CMakeFiles/blink_led.dir/blink_led.c.obj
                0x0000000020000438                yA
 .data.striped_spin_lock_num
                0x0000000020000448        0x1 CMakeFiles/blink_led.dir/home/oliwczak/pico/pico-sdk/src/rp2_common/hardware_sync/sync.c.obj
 *fill*         0x0000000020000449        0x3 
 .data.default_alarm_pool
                0x000000002000044c       0x18 CMakeFiles/blink_led.dir/home/oliwczak/pico/pico-sdk/src/common/pico_time/time.c.obj
 .data.default_alarm_pool_heap
                0x0000000020000464       0x10 CMakeFiles/blink_led.dir/home/oliwczak/pico/pico-sdk/src/common/pico_time/time.c.obj
 .data          0x0000000020000474       0x48 CMakeFiles/blink_led.dir/home/oliwczak/pico/pico-sdk/src/rp2_common/hardware_irq/irq_handler_chain.S.obj
                0x0000000020000474                irq_handler_chain_slots
                0x00000000200004a4                irq_handler_chain_first_slot
                0x00000000200004ae                irq_handler_chain_remove_tail
 *fill*         0x00000000200004bc        0x4 
 .data.aeabi_bits_funcs
                0x00000000200004c0       0x10 CMakeFiles/blink_led.dir/home/oliwczak/pico/pico-sdk/src/rp2_common/pico_bit_ops/bit_ops_aeabi.S.obj
                0x00000000200004c0                aeabi_bits_funcs
                0x00000000200004d0                aeabi_bits_funcs_end
 .data.aeabi_mem_funcs
                0x00000000200004d0       0x10 CMakeFiles/blink_led.dir/home/oliwczak/pico/pico-sdk/src/rp2_common/pico_mem_ops/mem_ops_aeabi.S.obj
                0x00000000200004d0                aeabi_mem_funcs
                0x00000000200004e0                aeabi_mem_funcs_end