Archive member included to satisfy reference by file (symbol)

/usr/lib/gcc/arm-none-eabi/11.2.0/thumb/v6-m/nofp/libgcc.a(_dvmd_tls.o)
                              CMakeFiles/blink_led.dir/home/oliwczak/pico/pico-sdk/src/rp2_common/pico_divider/divider.S.obj (__aeabi_idiv0)
/usr/lib/gcc/arm-none-eabi/11.2.0/../../../../arm-none-eabi/lib/thumb/v6-m/nofp/libg.a(lib_a-atexit.o)
                              /usr/lib/gcc/arm-none-eabi/11.2.0/../../../../arm-none-eabi/lib/thumb/v6-m/nofp/crt0.o (atexit)
/usr/lib/gcc/arm-none-eabi/11.2.0/../../../../arm-none-eabi/lib/thumb/v6-m/nofp/libg.a(lib_a-calloc.o)
                              CMakeFiles/blink_led.dir/home/oliwczak/pico/pico-sdk/src/rp2_common/pico_malloc/pico_malloc.c.obj (calloc)
/usr/lib/gcc/arm-none-eabi/11.2.0/../../../../arm-none-eabi/lib/thumb/v6-m/nofp/libg.a(lib_a-callocr.o)
                              /usr/lib/gcc/arm-none-eabi/11.2.0/../../../../arm-none-eabi/lib/thumb/v6-m/nofp/libg.a(lib_a-calloc.o) (_calloc_r)
/usr/lib/gcc/arm-none-eabi/11.2.0/../../../../arm-none-eabi/lib/thumb/v6-m/nofp/libg.a(lib_a-ctype_.o)
                              CMakeFiles/blink_led.dir/home/oliwczak/pico/pico-sdk/lib/tinyusb/src/tusb.c.obj (_ctype_)
/usr/lib/gcc/arm-none-eabi/11.2.0/../../../../arm-none-eabi/lib/thumb/v6-m/nofp/libg.a(lib_a-errno.o)
                              /usr/lib/gcc/arm-none-eabi/11.2.0/../../../../arm-none-eabi/lib/thumb/v6-m/nofp/libg.a(lib_a-callocr.o) (__errno)
/usr/lib/gcc/arm-none-eabi/11.2.0/../../../../arm-none-eabi/lib/thumb/v6-m/nofp/libg.a(lib_a-fini.o)
                              /usr/lib/gcc/arm-none-eabi/11.2.0/../../../../arm-none-eabi/lib/thumb/v6-m/nofp/crt0.o (__libc_fini_array)
/usr/lib/gcc/arm-none-eabi/11.2.0/../../../../arm-none-eabi/lib/thumb/v6-m/nofp/libg.a(lib_a-impure.o)
                              /usr/lib/gcc/arm-none-eabi/11.2.0/../../../../arm-none-eabi/lib/thumb/v6-m/nofp/libg.a(lib_a-calloc.o) (_impure_ptr)
/usr/lib/gcc/arm-none-eabi/11.2.0/../../../../arm-none-eabi/lib/thumb/v6-m/nofp/libg.a(lib_a-init.o)
                              /usr/lib/gcc/arm-none-eabi/11.2.0/../../../../arm-none-eabi/lib/thumb/v6-m/nofp/crt0.o (__libc_init_array)
/usr/lib/gcc/arm-none-eabi/11.2.0/../../../../arm-none-eabi/lib/thumb/v6-m/nofp/libg.a(lib_a-malloc.o)
                              CMakeFiles/blink_led.dir/home/oliwczak/pico/pico-sdk/src/rp2_common/pico_malloc/pico_malloc.c.obj (malloc)
/usr/lib/gcc/arm-none-eabi/11.2.0/../../../../arm-none-eabi/lib/thumb/v6-m/nofp/libg.a(lib_a-mallocr.o)
                              /usr/lib/gcc/arm-none-eabi/11.2.0/../../../../arm-none-eabi/lib/thumb/v6-m/nofp/libg.a(lib_a-callocr.o) (_malloc_r)
/usr/lib/gcc/arm-none-eabi/11.2.0/../../../../arm-none-eabi/lib/thumb/v6-m/nofp/libg.a(lib_a-mlock.o)
                              /usr/lib/gcc/arm-none-eabi/11.2.0/../../../../arm-none-eabi/lib/thumb/v6-m/nofp/libg.a(lib_a-mallocr.o) (__malloc_lock)
/usr/lib/gcc/arm-none-eabi/11.2.0/../../../../arm-none-eabi/lib/thumb/v6-m/nofp/libg.a(lib_a-sbrkr.o)
                              /usr/lib/gcc/arm-none-eabi/11.2.0/../../../../arm-none-eabi/lib/thumb/v6-m/nofp/libg.a(lib_a-mallocr.o) (_sbrk_r)
/usr/lib/gcc/arm-none-eabi/11.2.0/../../../../arm-none-eabi/lib/thumb/v6-m/nofp/libg.a(lib_a-strlen-stub.o)
                              CMakeFiles/blink_led.dir/home/oliwczak/pico/pico-sdk/src/rp2_common/pico_stdio/stdio.c.obj (strlen)
/usr/lib/gcc/arm-none-eabi/11.2.0/../../../../arm-none-eabi/lib/thumb/v6-m/nofp/libg.a(lib_a-__atexit.o)
                              /usr/lib/gcc/arm-none-eabi/11.2.0/../../../../arm-none-eabi/lib/thumb/v6-m/nofp/libg.a(lib_a-atexit.o) (__register_exitproc)
/usr/lib/gcc/arm-none-eabi/11.2.0/../../../../arm-none-eabi/lib/thumb/v6-m/nofp/libg.a(lib_a-__call_atexit.o)
                              /usr/lib/gcc/arm-none-eabi/11.2.0/../../../../arm-none-eabi/lib/thumb/v6-m/nofp/libg.a(lib_a-__atexit.o) (__atexit_recursive_mutex)
/usr/lib/gcc/arm-none-eabi/11.2.0/../../../../arm-none-eabi/lib/thumb/v6-m/nofp/libg.a(lib_a-freer.o)
                              /usr/lib/gcc/arm-none-eabi/11.2.0/../../../../arm-none-eabi/lib/thumb/v6-m/nofp/libg.a(lib_a-malloc.o) (_free_r)
/usr/lib/gcc/arm-none-eabi/11.2.0/../../../../arm-none-eabi/lib/thumb/v6-m/nofp/libg.a(lib_a-lock.o)
                              /usr/lib/gcc/arm-none-eabi/11.2.0/../../../../arm-none-eabi/lib/thumb/v6-m/nofp/libg.a(lib_a-mlock.o) (__retarget_lock_acquire_recursive)
/usr/lib/gcc/arm-none-eabi/11.2.0/../../../../arm-none-eabi/lib/thumb/v6-m/nofp/libg.a(lib_a-reent.o)
                              /usr/lib/gcc/arm-none-eabi/11.2.0/../../../../arm-none-eabi/lib/thumb/v6-m/nofp/libg.a(lib_a-sbrkr.o) (errno)

Discarded input sections

 .text          0x0000000000000000        0x0 /usr/lib/gcc/arm-none-eabi/11.2.0/thumb/v6-m/nofp/crti.o
 .data          0x0000000000000000        0x0 /usr/lib/gcc/arm-none-eabi/11.2.0/thumb/v6-m/nofp/crti.o
[...]
Memory Configuration

Name             Origin             Length             Attributes
FLASH            0x0000000010000000 0x0000000000200000 xr
RAM              0x0000000020000000 0x0000000000040000 xrw
SCRATCH_X        0x0000000020040000 0x0000000000001000 xrw
SCRATCH_Y        0x0000000020041000 0x0000000000001000 xrw
*default*        0x0000000000000000 0xffffffffffffffff

Linker script and memory map

LOAD /usr/lib/gcc/arm-none-eabi/11.2.0/thumb/v6-m/nofp/crti.o
LOAD /usr/lib/gcc/arm-none-eabi/11.2.0/thumb/v6-m/nofp/crtbegin.o
LOAD /usr/lib/gcc/arm-none-eabi/11.2.0/../../../../arm-none-eabi/lib/thumb/v6-m/nofp/crt0.o

.flash_begin    0x0000000010000000        0x0
                0x0000000010000000                __flash_binary_start = .

.boot2          0x0000000010000000      0x100
                0x0000000010000000                __boot2_start__ = .
 *(.boot2)
 .boot2         0x0000000010000000      0x100 /tmp/ccnicQkH.o
                0x0000000010000100                __boot2_end__ = .
                0x0000000000000001                ASSERT (((__boot2_end__ - __boot2_start__) == 0x100), ERROR: Pico second stage bootloader must be 256 bytes in size)

.text           0x0000000010000100     0x7068
                0x0000000010000100                __logical_binary_start = .
 *(.vectors)
 .vectors       0x0000000010000100       0xd4 CMakeFiles/blink_led.dir/home/oliwczak/pico/pico-sdk/src/rp2_common/pico_standard_link/crt0.S.obj
                0x0000000010000100                __vectors
                0x0000000010000100                __VECTOR_TABLE
                0x00000000100001c0                isr_invalid
                0x00000000100001c0                __default_isrs_start
                0x00000000100001c2                isr_nmi
                0x00000000100001c4                isr_hardfault
                0x00000000100001c6                isr_svcall
                0x00000000100001c8                isr_pendsv
                0x00000000100001ca                isr_systick
                0x00000000100001cc                isr_irq30
                0x00000000100001cc                __unhandled_user_irq
                0x00000000100001cc                isr_irq13
                0x00000000100001cc                isr_irq27
                0x00000000100001cc                isr_irq31
                0x00000000100001cc                isr_irq5
                0x00000000100001cc                isr_irq11
                0x00000000100001cc                isr_irq23
                0x00000000100001cc                isr_irq18
                0x00000000100001cc                isr_irq28
                0x00000000100001cc                isr_irq19
                0x00000000100001cc                isr_irq0
                0x00000000100001cc                isr_irq6
                0x00000000100001cc                isr_irq22
                0x00000000100001cc                isr_irq17
                0x00000000100001cc                isr_irq14
                0x00000000100001cc                isr_irq2
                0x00000000100001cc                isr_irq10
                0x00000000100001cc                isr_irq8
                0x00000000100001cc                isr_irq24
                0x00000000100001cc                isr_irq1
                0x00000000100001cc                isr_irq7
                0x00000000100001cc                isr_irq21
                0x00000000100001cc                isr_irq20
                0x00000000100001cc                isr_irq15
                0x00000000100001cc                isr_irq25
                0x00000000100001cc                isr_irq4
                0x00000000100001cc                isr_irq16
                0x00000000100001cc                isr_irq29
                0x00000000100001cc                isr_irq26
                0x00000000100001cc                __default_isrs_end
                0x00000000100001cc                isr_irq3
                0x00000000100001cc                isr_irq12
                0x00000000100001cc                isr_irq9
                0x00000000100001d2                unhandled_user_irq_num_in_r0
 *(.binary_info_header)
 .binary_info_header
                0x00000000100001d4       0x14 CMakeFiles/blink_led.dir/home/oliwczak/pico/pico-sdk/src/rp2_common/pico_standard_link/crt0.S.obj
                0x00000000100001e8                __binary_info_header_end = .
 *(.reset)
 .reset         0x00000000100001e8       0xa8 CMakeFiles/blink_led.dir/home/oliwczak/pico/pico-sdk/src/rp2_common/pico_standard_link/crt0.S.obj
                0x00000000100001e8                _entry_point
                0x0000000010000266                __get_current_exception
 .reset         0x0000000010000290       0x30 CMakeFiles/blink_led.dir/home/oliwczak/pico/pico-sdk/src/rp2_common/pico_standard_link/binary_info.c.obj
 *(.init)
 .init          0x00000000100002c0        0x4 /usr/lib/gcc/arm-none-eabi/11.2.0/thumb/v6-m/nofp/crti.o
                0x00000000100002c0                _init
 *(EXCLUDE_FILE(*libm.a: *libc.a:*lib_a-mem*.o *libgcc.a:) .text*)
 .text.frame_dummy
                0x00000000100002c4       0x20 /usr/lib/gcc/arm-none-eabi/11.2.0/thumb/v6-m/nofp/crtbegin.o
 .text.light    0x00000000100002e4       0x8c CMakeFiles/blink_led.dir/blink_led.c.obj
                0x00000000100002e4                light
 .text.main     0x0000000010000370       0x58 CMakeFiles/blink_led.dir/blink_led.c.obj
                0x0000000010000370                main
 .text.gpio_set_function
                0x00000000100003c8       0x30 CMakeFiles/blink_led.dir/home/oliwczak/pico/pico-sdk/src/rp2_common/hardware_gpio/gpio.c.obj
                0x00000000100003c8                gpio_set_function
 .text.gpio_init
                0x00000000100003f8       0x16 CMakeFiles/blink_led.dir/home/oliwczak/pico/pico-sdk/src/rp2_common/hardware_gpio/gpio.c.obj
                0x00000000100003f8                gpio_init
 *fill*         0x000000001000040e        0x2 
 .text.hw_claim_lock
                0x0000000010000410       0x18 CMakeFiles/blink_led.dir/home/oliwczak/pico/pico-sdk/src/rp2_common/hardware_claim/claim.c.obj
                0x0000000010000410                hw_claim_lock
 .text.hw_claim_unlock
                0x0000000010000428       0x14 CMakeFiles/blink_led.dir/home/oliwczak/pico/pico-sdk/src/rp2_common/hardware_claim/claim.c.obj
                0x0000000010000428                hw_claim_unlock
 .text.hw_claim_or_assert
                0x000000001000043c       0x32 CMakeFiles/blink_led.dir/home/oliwczak/pico/pico-sdk/src/rp2_common/hardware_claim/claim.c.obj
                0x000000001000043c                hw_claim_or_assert
 .text.hw_claim_unused_from_range
                0x000000001000046e       0x50 CMakeFiles/blink_led.dir/home/oliwczak/pico/pico-sdk/src/rp2_common/hardware_claim/claim.c.obj
                0x000000001000046e                hw_claim_unused_from_range
 *fill*         0x00000000100004be        0x2 
 .text.running_on_fpga
                0x00000000100004c0       0x14 CMakeFiles/blink_led.dir/home/oliwczak/pico/pico-sdk/src/rp2_common/pico_platform/platform.c.obj
                0x00000000100004c0                running_on_fpga
 .text.spin_locks_reset
                0x00000000100004d4       0x20 CMakeFiles/blink_led.dir/home/oliwczak/pico/pico-sdk/src/rp2_common/hardware_sync/sync.c.obj
                0x00000000100004d4                spin_locks_reset
 .text.next_striped_spin_lock_num
                0x00000000100004f4       0x1c CMakeFiles/blink_led.dir/home/oliwczak/pico/pico-sdk/src/rp2_common/hardware_sync/sync.c.obj
                0x00000000100004f4                next_striped_spin_lock_num
 .text.spin_lock_claim_unused
                0x0000000010000510       0x24 CMakeFiles/blink_led.dir/home/oliwczak/pico/pico-sdk/src/rp2_common/hardware_sync/sync.c.obj
                0x0000000010000510                spin_lock_claim_unused
 .text.alarm_pool_post_alloc_init
                0x0000000010000534       0x40 CMakeFiles/blink_led.dir/home/oliwczak/pico/pico-sdk/src/common/pico_time/time.c.obj
 .text.sleep_until_callback
                0x0000000010000574       0x30 CMakeFiles/blink_led.dir/home/oliwczak/pico/pico-sdk/src/common/pico_time/time.c.obj
 .text.timer_pool_entry_comparator
                0x00000000100005a4       0x78 CMakeFiles/blink_led.dir/home/oliwczak/pico/pico-sdk/src/common/pico_time/time.c.obj
                0x00000000100005a4                timer_pool_entry_comparator
 .text.ph_add_child_node
                0x000000001000061c       0xa0 CMakeFiles/blink_led.dir/home/oliwczak/pico/pico-sdk/src/common/pico_time/time.c.obj
 .text.ph_merge_nodes
                0x00000000100006bc       0x3e CMakeFiles/blink_led.dir/home/oliwczak/pico/pico-sdk/src/common/pico_time/time.c.obj
 *fill*         0x00000000100006fa        0x2 
 .text.add_alarm_under_lock
                0x00000000100006fc      0x16c CMakeFiles/blink_led.dir/home/oliwczak/pico/pico-sdk/src/common/pico_time/time.c.obj
 .text.alarm_pool_alarm_callback
                0x0000000010000868      0x328 CMakeFiles/blink_led.dir/home/oliwczak/pico/pico-sdk/src/common/pico_time/time.c.obj
 .text.alarm_pool_init_default
                0x0000000010000b90       0x38 CMakeFiles/blink_led.dir/home/oliwczak/pico/pico-sdk/src/common/pico_time/time.c.obj
                0x0000000010000b90                alarm_pool_init_default
 .text.alarm_pool_get_default
                0x0000000010000bc8       0x2c CMakeFiles/blink_led.dir/home/oliwczak/pico/pico-sdk/src/common/pico_time/time.c.obj
                0x0000000010000bc8                alarm_pool_get_default
 .text.alarm_pool_add_alarm_at
                0x0000000010000bf4      0x178 CMakeFiles/blink_led.dir/home/oliwczak/pico/pico-sdk/src/common/pico_time/time.c.obj
                0x0000000010000bf4                alarm_pool_add_alarm_at
 .text.alarm_pool_cancel_alarm
                0x0000000010000d6c       0xec CMakeFiles/blink_led.dir/home/oliwczak/pico/pico-sdk/src/common/pico_time/time.c.obj
                0x0000000010000d6c                alarm_pool_cancel_alarm
 .text.sleep_until
                0x0000000010000e58       0xfc CMakeFiles/blink_led.dir/home/oliwczak/pico/pico-sdk/src/common/pico_time/time.c.obj
                0x0000000010000e58                sleep_until
 .text.sleep_us
                0x0000000010000f54       0x58 CMakeFiles/blink_led.dir/home/oliwczak/pico/pico-sdk/src/common/pico_time/time.c.obj
                0x0000000010000f54                sleep_us
 .text.sleep_ms
                0x0000000010000fac       0x14 CMakeFiles/blink_led.dir/home/oliwczak/pico/pico-sdk/src/common/pico_time/time.c.obj
                0x0000000010000fac                sleep_ms
 .text.best_effort_wfe_or_timeout
                0x0000000010000fc0       0x80 CMakeFiles/blink_led.dir/home/oliwczak/pico/pico-sdk/src/common/pico_time/time.c.obj
                0x0000000010000fc0                best_effort_wfe_or_timeout
 .text.hardware_alarm_irq_handler
                0x0000000010001040       0x88 CMakeFiles/blink_led.dir/home/oliwczak/pico/pico-sdk/src/rp2_common/hardware_timer/timer.c.obj
 .text.hardware_alarm_claim
                0x00000000100010c8       0x18 CMakeFiles/blink_led.dir/home/oliwczak/pico/pico-sdk/src/rp2_common/hardware_timer/timer.c.obj
                0x00000000100010c8                hardware_alarm_claim
 .text.time_us_64
                0x00000000100010e0       0x18 CMakeFiles/blink_led.dir/home/oliwczak/pico/pico-sdk/src/rp2_common/hardware_timer/timer.c.obj
                0x00000000100010e0                time_us_64
 .text.busy_wait_until
                0x00000000100010f8       0x28 CMakeFiles/blink_led.dir/home/oliwczak/pico/pico-sdk/src/rp2_common/hardware_timer/timer.c.obj
                0x00000000100010f8                busy_wait_until
 .text.hardware_alarm_set_callback
                0x0000000010001120       0x90 CMakeFiles/blink_led.dir/home/oliwczak/pico/pico-sdk/src/rp2_common/hardware_timer/timer.c.obj
                0x0000000010001120                hardware_alarm_set_callback
 .text.hardware_alarm_set_target
                0x00000000100011b0       0xe8 CMakeFiles/blink_led.dir/home/oliwczak/pico/pico-sdk/src/rp2_common/hardware_timer/timer.c.obj
                0x00000000100011b0                hardware_alarm_set_target
 .text.hardware_alarm_cancel
                0x0000000010001298       0x40 CMakeFiles/blink_led.dir/home/oliwczak/pico/pico-sdk/src/rp2_common/hardware_timer/timer.c.obj
                0x0000000010001298                hardware_alarm_cancel
 .text.lock_init
                0x00000000100012d8       0x10 CMakeFiles/blink_led.dir/home/oliwczak/pico/pico-sdk/src/common/pico_sync/lock_core.c.obj
                0x00000000100012d8                lock_init
 .text.mutex_init
                0x00000000100012e8       0x1a CMakeFiles/blink_led.dir/home/oliwczak/pico/pico-sdk/src/common/pico_sync/mutex.c.obj
                0x00000000100012e8                mutex_init
 .text.recursive_mutex_init
                0x0000000010001302       0x1e CMakeFiles/blink_led.dir/home/oliwczak/pico/pico-sdk/src/common/pico_sync/mutex.c.obj
                0x0000000010001302                recursive_mutex_init
 .text.critical_section_init_with_lock_num
                0x0000000010001320       0x14 CMakeFiles/blink_led.dir/home/oliwczak/pico/pico-sdk/src/common/pico_sync/critical_section.c.obj
                0x0000000010001320                critical_section_init_with_lock_num
 .text.critical_section_init
                0x0000000010001334       0x14 CMakeFiles/blink_led.dir/home/oliwczak/pico/pico-sdk/src/common/pico_sync/critical_section.c.obj
                0x0000000010001334                critical_section_init
 .text.ph_add_child_node
                0x0000000010001348       0xa0 CMakeFiles/blink_led.dir/home/oliwczak/pico/pico-sdk/src/common/pico_util/pheap.c.obj
 .text.ph_merge_nodes
                0x00000000100013e8       0x3e CMakeFiles/blink_led.dir/home/oliwczak/pico/pico-sdk/src/common/pico_util/pheap.c.obj
 *fill*         0x0000000010001426        0x2 
 .text.ph_clear
                0x0000000010001428       0x70 CMakeFiles/blink_led.dir/home/oliwczak/pico/pico-sdk/src/common/pico_util/pheap.c.obj
                0x0000000010001428                ph_clear
 .text.ph_post_alloc_init
                0x0000000010001498        0xe CMakeFiles/blink_led.dir/home/oliwczak/pico/pico-sdk/src/common/pico_util/pheap.c.obj
                0x0000000010001498                ph_post_alloc_init
 *fill*         0x00000000100014a6        0x2 
 .text.ph_merge_two_pass
                0x00000000100014a8       0xa4 CMakeFiles/blink_led.dir/home/oliwczak/pico/pico-sdk/src/common/pico_util/pheap.c.obj
                0x00000000100014a8                ph_merge_two_pass
 .text.ph_remove_any_head
                0x000000001000154c      0x104 CMakeFiles/blink_led.dir/home/oliwczak/pico/pico-sdk/src/common/pico_util/pheap.c.obj
 .text.ph_remove_head
                0x0000000010001650       0x14 CMakeFiles/blink_led.dir/home/oliwczak/pico/pico-sdk/src/common/pico_util/pheap.c.obj
                0x0000000010001650                ph_remove_head
 .text.ph_remove_and_free_node
                0x0000000010001664       0xf8 CMakeFiles/blink_led.dir/home/oliwczak/pico/pico-sdk/src/common/pico_util/pheap.c.obj
                0x0000000010001664                ph_remove_and_free_node
 .text._exit    0x000000001000175c        0x4 CMakeFiles/blink_led.dir/home/oliwczak/pico/pico-sdk/src/rp2_common/pico_runtime/runtime.c.obj
                0x000000001000175c                _exit
 .text.exit     0x0000000010001760        0x6 CMakeFiles/blink_led.dir/home/oliwczak/pico/pico-sdk/src/rp2_common/pico_runtime/runtime.c.obj
                0x0000000010001760                exit
 *fill*         0x0000000010001766        0x2 
 .text.__assert_func
                0x0000000010001768       0x3c CMakeFiles/blink_led.dir/home/oliwczak/pico/pico-sdk/src/rp2_common/pico_runtime/runtime.c.obj
                0x0000000010001768                __assert_func
 .text.runtime_init
                0x00000000100017a4       0xf8 CMakeFiles/blink_led.dir/home/oliwczak/pico/pico-sdk/src/rp2_common/pico_runtime/runtime.c.obj
                0x00000000100017a4                runtime_init
 .text.panic    0x000000001000189c       0x30 CMakeFiles/blink_led.dir/home/oliwczak/pico/pico-sdk/src/rp2_common/pico_runtime/runtime.c.obj
                0x000000001000189c                panic
 .text.clock_configure
                0x00000000100018cc      0x104 CMakeFiles/blink_led.dir/home/oliwczak/pico/pico-sdk/src/rp2_common/hardware_clocks/clocks.c.obj
                0x00000000100018cc                clock_configure
 .text.clocks_init
                0x00000000100019d0      0x100 CMakeFiles/blink_led.dir/home/oliwczak/pico/pico-sdk/src/rp2_common/hardware_clocks/clocks.c.obj
                0x00000000100019d0                clocks_init
 .text.set_raw_irq_handler_and_unlock
                0x0000000010001ad0       0x28 CMakeFiles/blink_led.dir/home/oliwczak/pico/pico-sdk/src/rp2_common/hardware_irq/irq.c.obj
 .text.make_branch
                0x0000000010001af8       0x34 CMakeFiles/blink_led.dir/home/oliwczak/pico/pico-sdk/src/rp2_common/hardware_irq/irq.c.obj
 .text.insert_branch_and_link
                0x0000000010001b2c       0x40 CMakeFiles/blink_led.dir/home/oliwczak/pico/pico-sdk/src/rp2_common/hardware_irq/irq.c.obj
 .text.irq_is_enabled
                0x0000000010001b6c       0x18 CMakeFiles/blink_led.dir/home/oliwczak/pico/pico-sdk/src/rp2_common/hardware_irq/irq.c.obj
                0x0000000010001b6c                irq_is_enabled
 .text.irq_set_mask_enabled
                0x0000000010001b84       0x20 CMakeFiles/blink_led.dir/home/oliwczak/pico/pico-sdk/src/rp2_common/hardware_irq/irq.c.obj
                0x0000000010001b84                irq_set_mask_enabled
 .text.irq_set_enabled
                0x0000000010001ba4        0xe CMakeFiles/blink_led.dir/home/oliwczak/pico/pico-sdk/src/rp2_common/hardware_irq/irq.c.obj
                0x0000000010001ba4                irq_set_enabled
 *fill*         0x0000000010001bb2        0x2 
 .text.irq_set_pending
                0x0000000010001bb4       0x10 CMakeFiles/blink_led.dir/home/oliwczak/pico/pico-sdk/src/rp2_common/hardware_irq/irq.c.obj
                0x0000000010001bb4                irq_set_pending
 .text.irq_get_vtable_handler
                0x0000000010001bc4       0x10 CMakeFiles/blink_led.dir/home/oliwczak/pico/pico-sdk/src/rp2_common/hardware_irq/irq.c.obj
                0x0000000010001bc4                irq_get_vtable_handler
 .text.irq_set_exclusive_handler
                0x0000000010001bd4       0x54 CMakeFiles/blink_led.dir/home/oliwczak/pico/pico-sdk/src/rp2_common/hardware_irq/irq.c.obj
                0x0000000010001bd4                irq_set_exclusive_handler
 .text.irq_remove_handler
                0x0000000010001c28      0x1ac CMakeFiles/blink_led.dir/home/oliwczak/pico/pico-sdk/src/rp2_common/hardware_irq/irq.c.obj
                0x0000000010001c28                irq_remove_handler
 .text.irq_add_tail_to_free_list
                0x0000000010001dd4       0xf0 CMakeFiles/blink_led.dir/home/oliwczak/pico/pico-sdk/src/rp2_common/hardware_irq/irq.c.obj
                0x0000000010001dd4                irq_add_tail_to_free_list
 .text.irq_init_priorities
                0x0000000010001ec4       0x1c CMakeFiles/blink_led.dir/home/oliwczak/pico/pico-sdk/src/rp2_common/hardware_irq/irq.c.obj
                0x0000000010001ec4                irq_init_priorities
 .text.pll_init
                0x0000000010001ee0      0x118 CMakeFiles/blink_led.dir/home/oliwczak/pico/pico-sdk/src/rp2_common/hardware_pll/pll.c.obj
                0x0000000010001ee0                pll_init
 .text.watchdog_start_tick
                0x0000000010001ff8       0x10 CMakeFiles/blink_led.dir/home/oliwczak/pico/pico-sdk/src/rp2_common/hardware_watchdog/watchdog.c.obj
                0x0000000010001ff8                watchdog_start_tick
 .text.watchdog_update
                0x0000000010002008       0x14 CMakeFiles/blink_led.dir/home/oliwczak/pico/pico-sdk/src/rp2_common/hardware_watchdog/watchdog.c.obj
                0x0000000010002008                watchdog_update
 .text._watchdog_enable
                0x000000001000201c       0x78 CMakeFiles/blink_led.dir/home/oliwczak/pico/pico-sdk/src/rp2_common/hardware_watchdog/watchdog.c.obj
                0x000000001000201c                _watchdog_enable
 .text.watchdog_reboot
                0x0000000010002094       0x48 CMakeFiles/blink_led.dir/home/oliwczak/pico/pico-sdk/src/rp2_common/hardware_watchdog/watchdog.c.obj
                0x0000000010002094                watchdog_reboot
 .text.xosc_init
                0x00000000100020dc       0x28 CMakeFiles/blink_led.dir/home/oliwczak/pico/pico-sdk/src/rp2_common/hardware_xosc/xosc.c.obj
                0x00000000100020dc                xosc_init
 .text._out_null
                0x0000000010002104        0x2 CMakeFiles/blink_led.dir/home/oliwczak/pico/pico-sdk/src/rp2_common/pico_printf/printf.c.obj
 .text._out_fct
                0x0000000010002106        0xe CMakeFiles/blink_led.dir/home/oliwczak/pico/pico-sdk/src/rp2_common/pico_printf/printf.c.obj
 .text._atoi    0x0000000010002114       0x24 CMakeFiles/blink_led.dir/home/oliwczak/pico/pico-sdk/src/rp2_common/pico_printf/printf.c.obj
 .text._out_rev
                0x0000000010002138       0xae CMakeFiles/blink_led.dir/home/oliwczak/pico/pico-sdk/src/rp2_common/pico_printf/printf.c.obj
 .text._ntoa_format
                0x00000000100021e6      0x112 CMakeFiles/blink_led.dir/home/oliwczak/pico/pico-sdk/src/rp2_common/pico_printf/printf.c.obj
 .text._ntoa_long
                0x00000000100022f8       0xbc CMakeFiles/blink_led.dir/home/oliwczak/pico/pico-sdk/src/rp2_common/pico_printf/printf.c.obj
 .text._ntoa_long_long
                0x00000000100023b4       0xe2 CMakeFiles/blink_led.dir/home/oliwczak/pico/pico-sdk/src/rp2_common/pico_printf/printf.c.obj
 *fill*         0x0000000010002496        0x2 
 .text._etoa    0x0000000010002498      0x414 CMakeFiles/blink_led.dir/home/oliwczak/pico/pico-sdk/src/rp2_common/pico_printf/printf.c.obj
 .text._ftoa    0x00000000100028ac      0x354 CMakeFiles/blink_led.dir/home/oliwczak/pico/pico-sdk/src/rp2_common/pico_printf/printf.c.obj
 .text._vsnprintf
                0x0000000010002c00      0x650 CMakeFiles/blink_led.dir/home/oliwczak/pico/pico-sdk/src/rp2_common/pico_printf/printf.c.obj
 .text.vfctprintf
                0x0000000010003250       0x20 CMakeFiles/blink_led.dir/home/oliwczak/pico/pico-sdk/src/rp2_common/pico_printf/printf.c.obj
                0x0000000010003250                vfctprintf
 .text          0x0000000010003270       0x10 CMakeFiles/blink_led.dir/home/oliwczak/pico/pico-sdk/src/rp2_common/pico_bit_ops/bit_ops_aeabi.S.obj
 .text.rom_func_lookup
                0x0000000010003280       0x10 CMakeFiles/blink_led.dir/home/oliwczak/pico/pico-sdk/src/rp2_common/pico_bootrom/bootrom.c.obj
                0x0000000010003280                rom_func_lookup
 .text.rom_data_lookup
                0x0000000010003290       0x10 CMakeFiles/blink_led.dir/home/oliwczak/pico/pico-sdk/src/rp2_common/pico_bootrom/bootrom.c.obj
                0x0000000010003290                rom_data_lookup
 .text.rom_funcs_lookup
                0x00000000100032a0       0x36 CMakeFiles/blink_led.dir/home/oliwczak/pico/pico-sdk/src/rp2_common/pico_bootrom/bootrom.c.obj
                0x00000000100032a0                rom_funcs_lookup
 *fill*         0x00000000100032d6        0x2 
 .text.__wrap___aeabi_idiv
                0x00000000100032d8       0x50 CMakeFiles/blink_led.dir/home/oliwczak/pico/pico-sdk/src/rp2_common/pico_divider/divider.S.obj
                0x00000000100032d8                __wrap___aeabi_idivmod
                0x00000000100032d8                divmod_s32s32
                0x00000000100032d8                div_s32s32
                0x00000000100032d8                __wrap___aeabi_idiv
                0x00000000100032e0                divmod_s32s32_unsafe
                0x000000001000330c                divmod_s32s32_savestate
 .text.__wrap___aeabi_uidiv
                0x0000000010003328       0x4c CMakeFiles/blink_led.dir/home/oliwczak/pico/pico-sdk/src/rp2_common/pico_divider/divider.S.obj
                0x0000000010003328                __wrap___aeabi_uidiv
                0x0000000010003328                __wrap___aeabi_uidivmod
                0x0000000010003328                div_u32u32
                0x0000000010003328                divmod_u32u32
                0x0000000010003330                divmod_u32u32_unsafe
                0x0000000010003358                divmod_u32u32_savestate
 .text.__wrap___aeabi_ldiv
                0x0000000010003374      0x434 CMakeFiles/blink_led.dir/home/oliwczak/pico/pico-sdk/src/rp2_common/pico_divider/divider.S.obj
                0x0000000010003374                div_s64s64
                0x0000000010003374                divmod_s64s64
                0x0000000010003374                __wrap___aeabi_ldivmod
                0x00000000100033ac                div_u64u64
                0x00000000100033ac                divmod_u64u64
                0x00000000100033ac                __wrap___aeabi_uldivmod
                0x00000000100033bc                divmod_u64u64_savestate
                0x00000000100033e4                divmod_s64s64_unsafe
                0x000000001000346c                divmod_u64u64_unsafe
 .text.__wrap___aeabi_darithmetic
                0x00000000100037a8       0x80 CMakeFiles/blink_led.dir/home/oliwczak/pico/pico-sdk/src/rp2_common/pico_double/double_aeabi.S.obj
                0x00000000100037a8                __wrap___aeabi_drsub
                0x00000000100037ae                __wrap___aeabi_dsub
                0x00000000100037c0                __wrap___aeabi_dadd
                0x00000000100037d2                __wrap___aeabi_ddiv
                0x000000001000380e                __wrap___aeabi_dmul
 .text.__wrap___aeabi_cdcmple
                0x0000000010003828       0x6c CMakeFiles/blink_led.dir/home/oliwczak/pico/pico-sdk/src/rp2_common/pico_double/double_aeabi.S.obj
                0x0000000010003828                __wrap___aeabi_cdrcmple
                0x0000000010003838                __wrap___aeabi_cdcmple
                0x0000000010003838                __wrap___aeabi_cdcmpeq
 .text.__wrap___aeabi_dcmplt
                0x0000000010003894        0xc CMakeFiles/blink_led.dir/home/oliwczak/pico/pico-sdk/src/rp2_common/pico_double/double_aeabi.S.obj
                0x0000000010003894                __wrap___aeabi_dcmplt
 .text.__wrap___aeabi_dcmple
                0x00000000100038a0       0x10 CMakeFiles/blink_led.dir/home/oliwczak/pico/pico-sdk/src/rp2_common/pico_double/double_aeabi.S.obj
                0x00000000100038a0                __wrap___aeabi_dcmple
 .text.__wrap___aeabi_dcmpge
                0x00000000100038b0       0x10 CMakeFiles/blink_led.dir/home/oliwczak/pico/pico-sdk/src/rp2_common/pico_double/double_aeabi.S.obj
                0x00000000100038b0                __wrap___aeabi_dcmpge
 .text.__wrap___aeabi_dcmpgt
                0x00000000100038c0        0xa CMakeFiles/blink_led.dir/home/oliwczak/pico/pico-sdk/src/rp2_common/pico_double/double_aeabi.S.obj
                0x00000000100038c0                __wrap___aeabi_dcmpgt
 .text.__wrap___aeabi_dcmpun
                0x00000000100038ca       0x1c CMakeFiles/blink_led.dir/home/oliwczak/pico/pico-sdk/src/rp2_common/pico_double/double_aeabi.S.obj
                0x00000000100038ca                __wrap___aeabi_dcmpun
 *fill*         0x00000000100038e6        0x2 
 .text.__wrap___aeabi_i2d
                0x00000000100038e8       0x38 CMakeFiles/blink_led.dir/home/oliwczak/pico/pico-sdk/src/rp2_common/pico_double/double_aeabi.S.obj
                0x00000000100038e8                __wrap___aeabi_ui2d
                0x00000000100038f0                __wrap___aeabi_i2d
 .text.__wrap___aeabi_d2iz
                0x0000000010003920       0x48 CMakeFiles/blink_led.dir/home/oliwczak/pico/pico-sdk/src/rp2_common/pico_double/double_aeabi.S.obj
                0x0000000010003920                __wrap___aeabi_d2iz
                0x0000000010003920                double2int_z
 .text.__wrap___aeabi_d2uiz
                0x0000000010003968       0x18 CMakeFiles/blink_led.dir/home/oliwczak/pico/pico-sdk/src/rp2_common/pico_double/double_aeabi.S.obj
                0x0000000010003968                double2uint
                0x0000000010003968                __wrap___aeabi_d2uiz
 .text.__aeabi_double_init
                0x0000000010003980       0xc8 CMakeFiles/blink_led.dir/home/oliwczak/pico/pico-sdk/src/rp2_common/pico_double/double_init_rom.c.obj
                0x0000000010003980                __aeabi_double_init
 .text.double_table_shim_on_use_helper
                0x0000000010003a48       0x34 CMakeFiles/blink_led.dir/home/oliwczak/pico/pico-sdk/src/rp2_common/pico_double/double_v1_rom_shim.S.obj
                0x0000000010003a48                double_table_shim_on_use_helper
 .text.__wrap___aeabi_dsub
                0x0000000010003a7c       0x10 CMakeFiles/blink_led.dir/home/oliwczak/pico/pico-sdk/src/rp2_common/pico_double/double_v1_rom_shim.S.obj
                0x0000000010003a7c                drsub_shim
                0x0000000010003a82                dsub_shim
 .text.dadd_shim
                0x0000000010003a8c      0x15c CMakeFiles/blink_led.dir/home/oliwczak/pico/pico-sdk/src/rp2_common/pico_double/double_v1_rom_shim.S.obj
                0x0000000010003a8c                dadd_shim
 .text.dmul_shim
                0x0000000010003be8      0x15c CMakeFiles/blink_led.dir/home/oliwczak/pico/pico-sdk/src/rp2_common/pico_double/double_v1_rom_shim.S.obj
                0x0000000010003be8                dmul_shim
 .text.ddiv_shim
                0x0000000010003d44      0x1b0 CMakeFiles/blink_led.dir/home/oliwczak/pico/pico-sdk/src/rp2_common/pico_double/double_v1_rom_shim.S.obj
                0x0000000010003d44                ddiv_shim
 .text.double2uint_shim
                0x0000000010003ef4        0xe CMakeFiles/blink_led.dir/home/oliwczak/pico/pico-sdk/src/rp2_common/pico_double/double_v1_rom_shim.S.obj
                0x0000000010003ef4                double2uint_shim
                0x0000000010003ef6                double2ufix_shim
 *fill*         0x0000000010003f02        0x2 
 .text.double2uint64_shim
                0x0000000010003f04       0x70 CMakeFiles/blink_led.dir/home/oliwczak/pico/pico-sdk/src/rp2_common/pico_double/double_v1_rom_shim.S.obj
                0x0000000010003f04                double2uint64_shim
                0x0000000010003f06                double2ufix64_shim
                0x0000000010003f26                d2fix_a
 .text.dunpacks
                0x0000000010003f74       0x3c CMakeFiles/blink_led.dir/home/oliwczak/pico/pico-sdk/src/rp2_common/pico_double/double_v1_rom_shim.S.obj
                0x0000000010003f74                dunpacks
 .text.__aeabi_lmul
                0x0000000010003fb0       0x32 CMakeFiles/blink_led.dir/home/oliwczak/pico/pico-sdk/src/rp2_common/pico_int64_ops/pico_int64_ops_aeabi.S.obj
                0x0000000010003fb0                __wrap___aeabi_lmul
 *fill*         0x0000000010003fe2        0x2 
 .text.__aeabi_float_init
                0x0000000010003fe4       0xfc CMakeFiles/blink_led.dir/home/oliwczak/pico/pico-sdk/src/rp2_common/pico_float/float_init_rom.c.obj
                0x0000000010003fe4                __aeabi_float_init
 .text.float_table_shim_on_use_helper
                0x00000000100040e0       0x34 CMakeFiles/blink_led.dir/home/oliwczak/pico/pico-sdk/src/rp2_common/pico_float/float_v1_rom_shim.S.obj
                0x00000000100040e0                float_table_shim_on_use_helper
 .text          0x0000000010004114       0x10 CMakeFiles/blink_led.dir/home/oliwczak/pico/pico-sdk/src/rp2_common/pico_mem_ops/mem_ops_aeabi.S.obj
                0x0000000010004114                __aeabi_mem_init
 .text.memset   0x0000000010004124        0xc CMakeFiles/blink_led.dir/home/oliwczak/pico/pico-sdk/src/rp2_common/pico_mem_ops/mem_ops_aeabi.S.obj
                0x0000000010004124                __wrap_memset
 .text.memcpy   0x0000000010004130        0xc CMakeFiles/blink_led.dir/home/oliwczak/pico/pico-sdk/src/rp2_common/pico_mem_ops/mem_ops_aeabi.S.obj
                0x0000000010004130                __wrap___aeabi_memcpy
                0x0000000010004130                __wrap_memcpy
 .text.stdio_out_chars_no_crlf
                0x000000001000413c        0xe CMakeFiles/blink_led.dir/home/oliwczak/pico/pico-sdk/src/rp2_common/pico_stdio/stdio.c.obj
 *fill*         0x000000001000414a        0x2 
 .text.stdio_out_chars_crlf
                0x000000001000414c       0x80 CMakeFiles/blink_led.dir/home/oliwczak/pico/pico-sdk/src/rp2_common/pico_stdio/stdio.c.obj
 .text.stdio_stack_buffer_flush
                0x00000000100041cc       0x44 CMakeFiles/blink_led.dir/home/oliwczak/pico/pico-sdk/src/rp2_common/pico_stdio/stdio.c.obj
 .text.stdio_buffered_printer
                0x0000000010004210       0x20 CMakeFiles/blink_led.dir/home/oliwczak/pico/pico-sdk/src/rp2_common/pico_stdio/stdio.c.obj
 .text.stdout_serialize_begin
                0x0000000010004230       0x30 CMakeFiles/blink_led.dir/home/oliwczak/pico/pico-sdk/src/rp2_common/pico_stdio/stdio.c.obj
                0x0000000010004230                stdout_serialize_begin
 .text.stdout_serialize_end
                0x0000000010004260       0x10 CMakeFiles/blink_led.dir/home/oliwczak/pico/pico-sdk/src/rp2_common/pico_stdio/stdio.c.obj
                0x0000000010004260                stdout_serialize_end
 .text.stdio_put_string
                0x0000000010004270       0x98 CMakeFiles/blink_led.dir/home/oliwczak/pico/pico-sdk/src/rp2_common/pico_stdio/stdio.c.obj
 .text.stdio_set_driver_enabled
                0x0000000010004308       0x38 CMakeFiles/blink_led.dir/home/oliwczak/pico/pico-sdk/src/rp2_common/pico_stdio/stdio.c.obj
                0x0000000010004308                stdio_set_driver_enabled
 .text.stdio_flush
                0x0000000010004340       0x20 CMakeFiles/blink_led.dir/home/oliwczak/pico/pico-sdk/src/rp2_common/pico_stdio/stdio.c.obj
                0x0000000010004340                stdio_flush
 .text.__wrap_puts
                0x0000000010004360       0x1e CMakeFiles/blink_led.dir/home/oliwczak/pico/pico-sdk/src/rp2_common/pico_stdio/stdio.c.obj
                0x0000000010004360                __wrap_puts
 *fill*         0x000000001000437e        0x2 
 .text.__wrap_vprintf
                0x0000000010004380       0x44 CMakeFiles/blink_led.dir/home/oliwczak/pico/pico-sdk/src/rp2_common/pico_stdio/stdio.c.obj
                0x0000000010004380                __wrap_vprintf
 .text.__wrap_printf
                0x00000000100043c4       0x18 CMakeFiles/blink_led.dir/home/oliwczak/pico/pico-sdk/src/rp2_common/pico_stdio/stdio.c.obj
                0x00000000100043c4                __wrap_printf
 .text.stdio_init_all
                0x00000000100043dc        0x8 CMakeFiles/blink_led.dir/home/oliwczak/pico/pico-sdk/src/rp2_common/pico_stdio/stdio.c.obj
                0x00000000100043dc                stdio_init_all
 .text.resetd_init
                0x00000000100043e4        0x2 CMakeFiles/blink_led.dir/home/oliwczak/pico/pico-sdk/src/rp2_common/pico_stdio_usb/reset_interface.c.obj
 *fill*         0x00000000100043e6        0x2 
 .text.resetd_reset
                0x00000000100043e8        0xc CMakeFiles/blink_led.dir/home/oliwczak/pico/pico-sdk/src/rp2_common/pico_stdio_usb/reset_interface.c.obj
 .text.resetd_open
                0x00000000100043f4       0x34 CMakeFiles/blink_led.dir/home/oliwczak/pico/pico-sdk/src/rp2_common/pico_stdio_usb/reset_interface.c.obj
 .text.resetd_xfer_cb
                0x0000000010004428        0x4 CMakeFiles/blink_led.dir/home/oliwczak/pico/pico-sdk/src/rp2_common/pico_stdio_usb/reset_interface.c.obj
 .text.reset_usb_boot
                0x000000001000442c       0x18 CMakeFiles/blink_led.dir/home/oliwczak/pico/pico-sdk/src/rp2_common/pico_stdio_usb/reset_interface.c.obj
 .text.resetd_control_xfer_cb
                0x0000000010004444       0x5c CMakeFiles/blink_led.dir/home/oliwczak/pico/pico-sdk/src/rp2_common/pico_stdio_usb/reset_interface.c.obj
 .text.usbd_app_driver_get_cb
                0x00000000100044a0        0xc CMakeFiles/blink_led.dir/home/oliwczak/pico/pico-sdk/src/rp2_common/pico_stdio_usb/reset_interface.c.obj
                0x00000000100044a0                usbd_app_driver_get_cb
 .text.tud_cdc_line_coding_cb
                0x00000000100044ac       0x28 CMakeFiles/blink_led.dir/home/oliwczak/pico/pico-sdk/src/rp2_common/pico_stdio_usb/reset_interface.c.obj
                0x00000000100044ac                tud_cdc_line_coding_cb
 .text.stdio_usb_in_chars
                0x00000000100044d4       0x70 CMakeFiles/blink_led.dir/home/oliwczak/pico/pico-sdk/src/rp2_common/pico_stdio_usb/stdio_usb.c.obj
                0x00000000100044d4                stdio_usb_in_chars
 .text.low_priority_worker_irq
                0x0000000010004544       0x20 CMakeFiles/blink_led.dir/home/oliwczak/pico/pico-sdk/src/rp2_common/pico_stdio_usb/stdio_usb.c.obj
 .text.stdio_usb_out_chars
                0x0000000010004564       0xd4 CMakeFiles/blink_led.dir/home/oliwczak/pico/pico-sdk/src/rp2_common/pico_stdio_usb/stdio_usb.c.obj
 .text.timer_task
                0x0000000010004638       0x10 CMakeFiles/blink_led.dir/home/oliwczak/pico/pico-sdk/src/rp2_common/pico_stdio_usb/stdio_usb.c.obj
 .text.stdio_usb_init
                0x0000000010004648       0xb8 CMakeFiles/blink_led.dir/home/oliwczak/pico/pico-sdk/src/rp2_common/pico_stdio_usb/stdio_usb.c.obj
                0x0000000010004648                stdio_usb_init
 .text.tud_descriptor_device_cb
                0x0000000010004700        0x8 CMakeFiles/blink_led.dir/home/oliwczak/pico/pico-sdk/src/rp2_common/pico_stdio_usb/stdio_usb_descriptors.c.obj
                0x0000000010004700                tud_descriptor_device_cb
 .text.tud_descriptor_configuration_cb
                0x0000000010004708        0x8 CMakeFiles/blink_led.dir/home/oliwczak/pico/pico-sdk/src/rp2_common/pico_stdio_usb/stdio_usb_descriptors.c.obj
                0x0000000010004708                tud_descriptor_configuration_cb
 .text.tud_descriptor_string_cb
                0x0000000010004710       0x6c CMakeFiles/blink_led.dir/home/oliwczak/pico/pico-sdk/src/rp2_common/pico_stdio_usb/stdio_usb_descriptors.c.obj
                0x0000000010004710                tud_descriptor_string_cb
 .text.hw_endpoint_get_by_addr
                0x000000001000477c       0x18 CMakeFiles/blink_led.dir/home/oliwczak/pico/pico-sdk/lib/tinyusb/src/portable/raspberrypi/rp2040/dcd_rp2040.c.obj
 .text.reset_ep0_pid
                0x0000000010004794       0x28 CMakeFiles/blink_led.dir/home/oliwczak/pico/pico-sdk/lib/tinyusb/src/portable/raspberrypi/rp2040/dcd_rp2040.c.obj
 .text._hw_endpoint_alloc
                0x00000000100047bc       0x70 CMakeFiles/blink_led.dir/home/oliwczak/pico/pico-sdk/lib/tinyusb/src/portable/raspberrypi/rp2040/dcd_rp2040.c.obj
 .text.hw_endpoint_init
                0x000000001000482c       0x88 CMakeFiles/blink_led.dir/home/oliwczak/pico/pico-sdk/lib/tinyusb/src/portable/raspberrypi/rp2040/dcd_rp2040.c.obj
 .text.reset_non_control_endpoints
                0x00000000100048b4       0x40 CMakeFiles/blink_led.dir/home/oliwczak/pico/pico-sdk/lib/tinyusb/src/portable/raspberrypi/rp2040/dcd_rp2040.c.obj
 .text.hw_handle_buff_status
                0x00000000100048f4       0x8c CMakeFiles/blink_led.dir/home/oliwczak/pico/pico-sdk/lib/tinyusb/src/portable/raspberrypi/rp2040/dcd_rp2040.c.obj
 .text.dcd_rp2040_irq
                0x0000000010004980       0xc0 CMakeFiles/blink_led.dir/home/oliwczak/pico/pico-sdk/lib/tinyusb/src/portable/raspberrypi/rp2040/dcd_rp2040.c.obj
 .text.hw_endpoint_xfer
                0x0000000010004a40       0x14 CMakeFiles/blink_led.dir/home/oliwczak/pico/pico-sdk/lib/tinyusb/src/portable/raspberrypi/rp2040/dcd_rp2040.c.obj
 .text.dcd_int_enable
                0x0000000010004a54       0x2c CMakeFiles/blink_led.dir/home/oliwczak/pico/pico-sdk/lib/tinyusb/src/portable/raspberrypi/rp2040/dcd_rp2040.c.obj
                0x0000000010004a54                dcd_int_enable
 .text.dcd_set_address
                0x0000000010004a80       0x2c CMakeFiles/blink_led.dir/home/oliwczak/pico/pico-sdk/lib/tinyusb/src/portable/raspberrypi/rp2040/dcd_rp2040.c.obj
                0x0000000010004a80                dcd_set_address
 .text.dcd_connect
                0x0000000010004aac       0x10 CMakeFiles/blink_led.dir/home/oliwczak/pico/pico-sdk/lib/tinyusb/src/portable/raspberrypi/rp2040/dcd_rp2040.c.obj
                0x0000000010004aac                dcd_connect
 .text.dcd_init
                0x0000000010004abc       0x7c CMakeFiles/blink_led.dir/home/oliwczak/pico/pico-sdk/lib/tinyusb/src/portable/raspberrypi/rp2040/dcd_rp2040.c.obj
                0x0000000010004abc                dcd_init
 .text.dcd_edpt0_status_complete
                0x0000000010004b38       0x1c CMakeFiles/blink_led.dir/home/oliwczak/pico/pico-sdk/lib/tinyusb/src/portable/raspberrypi/rp2040/dcd_rp2040.c.obj
                0x0000000010004b38                dcd_edpt0_status_complete
 .text.dcd_edpt_open
                0x0000000010004b54       0x40 CMakeFiles/blink_led.dir/home/oliwczak/pico/pico-sdk/lib/tinyusb/src/portable/raspberrypi/rp2040/dcd_rp2040.c.obj
                0x0000000010004b54                dcd_edpt_open
 .text.dcd_edpt_close_all
                0x0000000010004b94        0x8 CMakeFiles/blink_led.dir/home/oliwczak/pico/pico-sdk/lib/tinyusb/src/portable/raspberrypi/rp2040/dcd_rp2040.c.obj
                0x0000000010004b94                dcd_edpt_close_all
 .text.dcd_edpt_xfer
                0x0000000010004b9c       0x30 CMakeFiles/blink_led.dir/home/oliwczak/pico/pico-sdk/lib/tinyusb/src/portable/raspberrypi/rp2040/dcd_rp2040.c.obj
                0x0000000010004b9c                dcd_edpt_xfer
 .text.dcd_edpt_stall
                0x0000000010004bcc       0x2c CMakeFiles/blink_led.dir/home/oliwczak/pico/pico-sdk/lib/tinyusb/src/portable/raspberrypi/rp2040/dcd_rp2040.c.obj
                0x0000000010004bcc                dcd_edpt_stall
 .text.dcd_edpt_clear_stall
                0x0000000010004bf8       0x20 CMakeFiles/blink_led.dir/home/oliwczak/pico/pico-sdk/lib/tinyusb/src/portable/raspberrypi/rp2040/dcd_rp2040.c.obj
                0x0000000010004bf8                dcd_edpt_clear_stall
 .text.prepare_ep_buffer
                0x0000000010004c18       0x6c CMakeFiles/blink_led.dir/home/oliwczak/pico/pico-sdk/lib/tinyusb/src/portable/raspberrypi/rp2040/rp2040_usb.c.obj
 .text.sync_ep_buffer
                0x0000000010004c84       0x78 CMakeFiles/blink_led.dir/home/oliwczak/pico/pico-sdk/lib/tinyusb/src/portable/raspberrypi/rp2040/rp2040_usb.c.obj
 .text._hw_endpoint_xfer_sync
                0x0000000010004cfc       0x28 CMakeFiles/blink_led.dir/home/oliwczak/pico/pico-sdk/lib/tinyusb/src/portable/raspberrypi/rp2040/rp2040_usb.c.obj
 .text.rp2040_usb_init
                0x0000000010004d24       0x4c CMakeFiles/blink_led.dir/home/oliwczak/pico/pico-sdk/lib/tinyusb/src/portable/raspberrypi/rp2040/rp2040_usb.c.obj
                0x0000000010004d24                rp2040_usb_init
 .text.hw_endpoint_reset_transfer
                0x0000000010004d70        0xc CMakeFiles/blink_led.dir/home/oliwczak/pico/pico-sdk/lib/tinyusb/src/portable/raspberrypi/rp2040/rp2040_usb.c.obj
                0x0000000010004d70                hw_endpoint_reset_transfer
 .text._hw_endpoint_buffer_control_update32
                0x0000000010004d7c       0x58 CMakeFiles/blink_led.dir/home/oliwczak/pico/pico-sdk/lib/tinyusb/src/portable/raspberrypi/rp2040/rp2040_usb.c.obj
                0x0000000010004d7c                _hw_endpoint_buffer_control_update32
 .text._hw_endpoint_start_next_buffer
                0x0000000010004dd4       0x74 CMakeFiles/blink_led.dir/home/oliwczak/pico/pico-sdk/lib/tinyusb/src/portable/raspberrypi/rp2040/rp2040_usb.c.obj
 .text.hw_endpoint_xfer_start
                0x0000000010004e48       0x48 CMakeFiles/blink_led.dir/home/oliwczak/pico/pico-sdk/lib/tinyusb/src/portable/raspberrypi/rp2040/rp2040_usb.c.obj
                0x0000000010004e48                hw_endpoint_xfer_start
 .text.hw_endpoint_xfer_continue
                0x0000000010004e90       0x38 CMakeFiles/blink_led.dir/home/oliwczak/pico/pico-sdk/lib/tinyusb/src/portable/raspberrypi/rp2040/rp2040_usb.c.obj
                0x0000000010004e90                hw_endpoint_xfer_continue
 .text.configuration_reset
                0x0000000010004ec8       0x84 CMakeFiles/blink_led.dir/home/oliwczak/pico/pico-sdk/lib/tinyusb/src/device/usbd.c.obj
 .text.usbd_reset
                0x0000000010004f4c        0xc CMakeFiles/blink_led.dir/home/oliwczak/pico/pico-sdk/lib/tinyusb/src/device/usbd.c.obj
 .text.invoke_class_control
                0x0000000010004f58       0x1a CMakeFiles/blink_led.dir/home/oliwczak/pico/pico-sdk/lib/tinyusb/src/device/usbd.c.obj
 *fill*         0x0000000010004f72        0x2 
 .text.process_set_config
                0x0000000010004f74      0x1b0 CMakeFiles/blink_led.dir/home/oliwczak/pico/pico-sdk/lib/tinyusb/src/device/usbd.c.obj
 .text.process_get_descriptor
                0x0000000010005124       0xec CMakeFiles/blink_led.dir/home/oliwczak/pico/pico-sdk/lib/tinyusb/src/device/usbd.c.obj
 .text.tud_mounted
                0x0000000010005210       0x10 CMakeFiles/blink_led.dir/home/oliwczak/pico/pico-sdk/lib/tinyusb/src/device/usbd.c.obj
                0x0000000010005210                tud_mounted
 .text.tud_suspended
                0x0000000010005220       0x10 CMakeFiles/blink_led.dir/home/oliwczak/pico/pico-sdk/lib/tinyusb/src/device/usbd.c.obj
                0x0000000010005220                tud_suspended
 .text.tud_inited
                0x0000000010005230        0xc CMakeFiles/blink_led.dir/home/oliwczak/pico/pico-sdk/lib/tinyusb/src/device/usbd.c.obj
                0x0000000010005230                tud_inited
 .text.tud_init
                0x000000001000523c       0xcc CMakeFiles/blink_led.dir/home/oliwczak/pico/pico-sdk/lib/tinyusb/src/device/usbd.c.obj
                0x000000001000523c                tud_init
 .text.dcd_event_handler
                0x0000000010005308      0x1e0 CMakeFiles/blink_led.dir/home/oliwczak/pico/pico-sdk/lib/tinyusb/src/device/usbd.c.obj
                0x0000000010005308                dcd_event_handler
 .text.dcd_event_bus_signal
                0x00000000100054e8       0x26 CMakeFiles/blink_led.dir/home/oliwczak/pico/pico-sdk/lib/tinyusb/src/device/usbd.c.obj
                0x00000000100054e8                dcd_event_bus_signal
 .text.dcd_event_bus_reset
                0x000000001000550e       0x2a CMakeFiles/blink_led.dir/home/oliwczak/pico/pico-sdk/lib/tinyusb/src/device/usbd.c.obj
                0x000000001000550e                dcd_event_bus_reset
 .text.dcd_event_setup_received
                0x0000000010005538       0x34 CMakeFiles/blink_led.dir/home/oliwczak/pico/pico-sdk/lib/tinyusb/src/device/usbd.c.obj
                0x0000000010005538                dcd_event_setup_received
 .text.dcd_event_xfer_complete
                0x000000001000556c       0x44 CMakeFiles/blink_led.dir/home/oliwczak/pico/pico-sdk/lib/tinyusb/src/device/usbd.c.obj
                0x000000001000556c                dcd_event_xfer_complete
 .text.usbd_edpt_open
                0x00000000100055b0       0x58 CMakeFiles/blink_led.dir/home/oliwczak/pico/pico-sdk/lib/tinyusb/src/device/usbd.c.obj
                0x00000000100055b0                usbd_edpt_open
 .text.usbd_open_edpt_pair
                0x0000000010005608       0x8c CMakeFiles/blink_led.dir/home/oliwczak/pico/pico-sdk/lib/tinyusb/src/device/usbd.c.obj
                0x0000000010005608                usbd_open_edpt_pair
 .text.usbd_edpt_claim
                0x0000000010005694       0x8c CMakeFiles/blink_led.dir/home/oliwczak/pico/pico-sdk/lib/tinyusb/src/device/usbd.c.obj
                0x0000000010005694                usbd_edpt_claim
 .text.usbd_edpt_release
                0x0000000010005720       0x68 CMakeFiles/blink_led.dir/home/oliwczak/pico/pico-sdk/lib/tinyusb/src/device/usbd.c.obj
                0x0000000010005720                usbd_edpt_release
 .text.usbd_edpt_xfer
                0x0000000010005788       0x84 CMakeFiles/blink_led.dir/home/oliwczak/pico/pico-sdk/lib/tinyusb/src/device/usbd.c.obj
                0x0000000010005788                usbd_edpt_xfer
 .text.usbd_edpt_stall
                0x000000001000580c       0x40 CMakeFiles/blink_led.dir/home/oliwczak/pico/pico-sdk/lib/tinyusb/src/device/usbd.c.obj
                0x000000001000580c                usbd_edpt_stall
 .text.usbd_edpt_clear_stall
                0x000000001000584c       0x40 CMakeFiles/blink_led.dir/home/oliwczak/pico/pico-sdk/lib/tinyusb/src/device/usbd.c.obj
                0x000000001000584c                usbd_edpt_clear_stall
 .text.usbd_edpt_stalled
                0x000000001000588c       0x1c CMakeFiles/blink_led.dir/home/oliwczak/pico/pico-sdk/lib/tinyusb/src/device/usbd.c.obj
                0x000000001000588c                usbd_edpt_stalled
 .text.process_control_request
                0x00000000100058a8      0x3b8 CMakeFiles/blink_led.dir/home/oliwczak/pico/pico-sdk/lib/tinyusb/src/device/usbd.c.obj
 .text.tud_task
                0x0000000010005c60      0x218 CMakeFiles/blink_led.dir/home/oliwczak/pico/pico-sdk/lib/tinyusb/src/device/usbd.c.obj
                0x0000000010005c60                tud_task
 .text._data_stage_xact
                0x0000000010005e78       0x58 CMakeFiles/blink_led.dir/home/oliwczak/pico/pico-sdk/lib/tinyusb/src/device/usbd_control.c.obj
 .text.tud_control_status
                0x0000000010005ed0       0x38 CMakeFiles/blink_led.dir/home/oliwczak/pico/pico-sdk/lib/tinyusb/src/device/usbd_control.c.obj
                0x0000000010005ed0                tud_control_status
 .text.tud_control_xfer
                0x0000000010005f08       0xa8 CMakeFiles/blink_led.dir/home/oliwczak/pico/pico-sdk/lib/tinyusb/src/device/usbd_control.c.obj
                0x0000000010005f08                tud_control_xfer
 .text.usbd_control_reset
                0x0000000010005fb0       0x14 CMakeFiles/blink_led.dir/home/oliwczak/pico/pico-sdk/lib/tinyusb/src/device/usbd_control.c.obj
                0x0000000010005fb0                usbd_control_reset
 .text.usbd_control_set_complete_callback
                0x0000000010005fc4        0xc CMakeFiles/blink_led.dir/home/oliwczak/pico/pico-sdk/lib/tinyusb/src/device/usbd_control.c.obj
                0x0000000010005fc4                usbd_control_set_complete_callback
 .text.usbd_control_set_request
                0x0000000010005fd0       0x1c CMakeFiles/blink_led.dir/home/oliwczak/pico/pico-sdk/lib/tinyusb/src/device/usbd_control.c.obj
                0x0000000010005fd0                usbd_control_set_request
 .text.usbd_control_xfer_cb
                0x0000000010005fec       0xfc CMakeFiles/blink_led.dir/home/oliwczak/pico/pico-sdk/lib/tinyusb/src/device/usbd_control.c.obj
                0x0000000010005fec                usbd_control_xfer_cb
 .text._prep_out_transaction
                0x00000000100060e8       0x46 CMakeFiles/blink_led.dir/home/oliwczak/pico/pico-sdk/lib/tinyusb/src/class/cdc/cdc_device.c.obj
 *fill*         0x000000001000612e        0x2 
 .text.tud_cdc_n_connected
                0x0000000010006130       0x44 CMakeFiles/blink_led.dir/home/oliwczak/pico/pico-sdk/lib/tinyusb/src/class/cdc/cdc_device.c.obj
                0x0000000010006130                tud_cdc_n_connected
 .text.tud_cdc_n_available
                0x0000000010006174       0x18 CMakeFiles/blink_led.dir/home/oliwczak/pico/pico-sdk/lib/tinyusb/src/class/cdc/cdc_device.c.obj
                0x0000000010006174                tud_cdc_n_available
 .text.tud_cdc_n_read
                0x000000001000618c       0x28 CMakeFiles/blink_led.dir/home/oliwczak/pico/pico-sdk/lib/tinyusb/src/class/cdc/cdc_device.c.obj
                0x000000001000618c                tud_cdc_n_read
 .text.tud_cdc_n_write_flush
                0x00000000100061b4       0xcc CMakeFiles/blink_led.dir/home/oliwczak/pico/pico-sdk/lib/tinyusb/src/class/cdc/cdc_device.c.obj
                0x00000000100061b4                tud_cdc_n_write_flush
 .text.tud_cdc_n_write
                0x0000000010006280       0x38 CMakeFiles/blink_led.dir/home/oliwczak/pico/pico-sdk/lib/tinyusb/src/class/cdc/cdc_device.c.obj
                0x0000000010006280                tud_cdc_n_write
 .text.tud_cdc_n_write_available
                0x00000000100062b8       0x1c CMakeFiles/blink_led.dir/home/oliwczak/pico/pico-sdk/lib/tinyusb/src/class/cdc/cdc_device.c.obj
                0x00000000100062b8                tud_cdc_n_write_available
 .text.cdcd_init
                0x00000000100062d4       0xbc CMakeFiles/blink_led.dir/home/oliwczak/pico/pico-sdk/lib/tinyusb/src/class/cdc/cdc_device.c.obj
                0x00000000100062d4                cdcd_init
 .text.cdcd_reset
                0x0000000010006390       0x44 CMakeFiles/blink_led.dir/home/oliwczak/pico/pico-sdk/lib/tinyusb/src/class/cdc/cdc_device.c.obj
                0x0000000010006390                cdcd_reset
 .text.cdcd_open
                0x00000000100063d4       0xf8 CMakeFiles/blink_led.dir/home/oliwczak/pico/pico-sdk/lib/tinyusb/src/class/cdc/cdc_device.c.obj
                0x00000000100063d4                cdcd_open
 .text.cdcd_control_xfer_cb
                0x00000000100064cc      0x134 CMakeFiles/blink_led.dir/home/oliwczak/pico/pico-sdk/lib/tinyusb/src/class/cdc/cdc_device.c.obj
                0x00000000100064cc                cdcd_control_xfer_cb
 .text.cdcd_xfer_cb
                0x0000000010006600      0x144 CMakeFiles/blink_led.dir/home/oliwczak/pico/pico-sdk/lib/tinyusb/src/class/cdc/cdc_device.c.obj
                0x0000000010006600                cdcd_xfer_cb
 .text.tusb_init
                0x0000000010006744       0x24 CMakeFiles/blink_led.dir/home/oliwczak/pico/pico-sdk/lib/tinyusb/src/tusb.c.obj
                0x0000000010006744                tusb_init
 .text.tusb_inited
                0x0000000010006768        0xe CMakeFiles/blink_led.dir/home/oliwczak/pico/pico-sdk/lib/tinyusb/src/tusb.c.obj
                0x0000000010006768                tusb_inited
 *fill*         0x0000000010006776        0x2 
 .text.tu_edpt_validate
                0x0000000010006778       0xa8 CMakeFiles/blink_led.dir/home/oliwczak/pico/pico-sdk/lib/tinyusb/src/tusb.c.obj
                0x0000000010006778                tu_edpt_validate
 .text.tu_edpt_bind_driver
                0x0000000010006820       0x2a CMakeFiles/blink_led.dir/home/oliwczak/pico/pico-sdk/lib/tinyusb/src/tusb.c.obj
                0x0000000010006820                tu_edpt_bind_driver
 .text.advance_pointer
                0x000000001000684a       0x18 CMakeFiles/blink_led.dir/home/oliwczak/pico/pico-sdk/lib/tinyusb/src/common/tusb_fifo.c.obj
 .text.backward_pointer
                0x0000000010006862       0x1e CMakeFiles/blink_led.dir/home/oliwczak/pico/pico-sdk/lib/tinyusb/src/common/tusb_fifo.c.obj
 .text.get_relative_pointer
                0x0000000010006880       0x10 CMakeFiles/blink_led.dir/home/oliwczak/pico/pico-sdk/lib/tinyusb/src/common/tusb_fifo.c.obj
 .text._tu_fifo_peek
                0x0000000010006890       0x50 CMakeFiles/blink_led.dir/home/oliwczak/pico/pico-sdk/lib/tinyusb/src/common/tusb_fifo.c.obj
 .text._ff_pull_const_addr
                0x00000000100068e0       0x4c CMakeFiles/blink_led.dir/home/oliwczak/pico/pico-sdk/lib/tinyusb/src/common/tusb_fifo.c.obj
 .text._ff_pull_n
                0x000000001000692c      0x10c CMakeFiles/blink_led.dir/home/oliwczak/pico/pico-sdk/lib/tinyusb/src/common/tusb_fifo.c.obj
 .text._tu_fifo_peek_n
                0x0000000010006a38       0x5e CMakeFiles/blink_led.dir/home/oliwczak/pico/pico-sdk/lib/tinyusb/src/common/tusb_fifo.c.obj
 .text._tu_fifo_read_n
                0x0000000010006a96       0x4e CMakeFiles/blink_led.dir/home/oliwczak/pico/pico-sdk/lib/tinyusb/src/common/tusb_fifo.c.obj
 .text._ff_push_const_addr
                0x0000000010006ae4       0x40 CMakeFiles/blink_led.dir/home/oliwczak/pico/pico-sdk/lib/tinyusb/src/common/tusb_fifo.c.obj
 .text._ff_push_n
                0x0000000010006b24      0x108 CMakeFiles/blink_led.dir/home/oliwczak/pico/pico-sdk/lib/tinyusb/src/common/tusb_fifo.c.obj
 .text._tu_fifo_write_n
                0x0000000010006c2c       0x9e CMakeFiles/blink_led.dir/home/oliwczak/pico/pico-sdk/lib/tinyusb/src/common/tusb_fifo.c.obj
 .text.tu_fifo_config
                0x0000000010006cca       0x72 CMakeFiles/blink_led.dir/home/oliwczak/pico/pico-sdk/lib/tinyusb/src/common/tusb_fifo.c.obj
                0x0000000010006cca                tu_fifo_config
 .text.tu_fifo_count
                0x0000000010006d3c       0x26 CMakeFiles/blink_led.dir/home/oliwczak/pico/pico-sdk/lib/tinyusb/src/common/tusb_fifo.c.obj
                0x0000000010006d3c                tu_fifo_count
 .text.tu_fifo_empty
                0x0000000010006d62        0xe CMakeFiles/blink_led.dir/home/oliwczak/pico/pico-sdk/lib/tinyusb/src/common/tusb_fifo.c.obj
                0x0000000010006d62                tu_fifo_empty
 .text.tu_fifo_remaining
                0x0000000010006d70       0x20 CMakeFiles/blink_led.dir/home/oliwczak/pico/pico-sdk/lib/tinyusb/src/common/tusb_fifo.c.obj
                0x0000000010006d70                tu_fifo_remaining
 .text.tu_fifo_read
                0x0000000010006d90       0x42 CMakeFiles/blink_led.dir/home/oliwczak/pico/pico-sdk/lib/tinyusb/src/common/tusb_fifo.c.obj
                0x0000000010006d90                tu_fifo_read
 .text.tu_fifo_read_n
                0x0000000010006dd2        0xa CMakeFiles/blink_led.dir/home/oliwczak/pico/pico-sdk/lib/tinyusb/src/common/tusb_fifo.c.obj
                0x0000000010006dd2                tu_fifo_read_n
 .text.tu_fifo_write
                0x0000000010006ddc       0x6a CMakeFiles/blink_led.dir/home/oliwczak/pico/pico-sdk/lib/tinyusb/src/common/tusb_fifo.c.obj
                0x0000000010006ddc                tu_fifo_write
 .text.tu_fifo_write_n
                0x0000000010006e46        0xa CMakeFiles/blink_led.dir/home/oliwczak/pico/pico-sdk/lib/tinyusb/src/common/tusb_fifo.c.obj
                0x0000000010006e46                tu_fifo_write_n
 .text.tu_fifo_clear
                0x0000000010006e50       0x4c CMakeFiles/blink_led.dir/home/oliwczak/pico/pico-sdk/lib/tinyusb/src/common/tusb_fifo.c.obj
                0x0000000010006e50                tu_fifo_clear
 .text.tu_fifo_set_overwritable
                0x0000000010006e9c       0x3c CMakeFiles/blink_led.dir/home/oliwczak/pico/pico-sdk/lib/tinyusb/src/common/tusb_fifo.c.obj
                0x0000000010006e9c                tu_fifo_set_overwritable
 .text._retrieve_unique_id_on_boot
                0x0000000010006ed8       0x10 CMakeFiles/blink_led.dir/home/oliwczak/pico/pico-sdk/src/rp2_common/pico_unique_id/unique_id.c.obj
 .text.pico_get_unique_board_id_string
                0x0000000010006ee8       0x5c CMakeFiles/blink_led.dir/home/oliwczak/pico/pico-sdk/src/rp2_common/pico_unique_id/unique_id.c.obj
                0x0000000010006ee8                pico_get_unique_board_id_string
 .text.flash_get_unique_id
                0x0000000010006f44       0x46 CMakeFiles/blink_led.dir/home/oliwczak/pico/pico-sdk/src/rp2_common/hardware_flash/flash.c.obj
                0x0000000010006f44                flash_get_unique_id
 *fill*         0x0000000010006f8a        0x2 
 .text.atexit   0x0000000010006f8c       0x10 /usr/lib/gcc/arm-none-eabi/11.2.0/../../../../arm-none-eabi/lib/thumb/v6-m/nofp/libg.a(lib_a-atexit.o)
                0x0000000010006f8c                atexit
 .text.__libc_fini_array
                0x0000000010006f9c       0x28 /usr/lib/gcc/arm-none-eabi/11.2.0/../../../../arm-none-eabi/lib/thumb/v6-m/nofp/libg.a(lib_a-fini.o)
                0x0000000010006f9c                __libc_fini_array
 .text.strlen   0x0000000010006fc4       0x5c /usr/lib/gcc/arm-none-eabi/11.2.0/../../../../arm-none-eabi/lib/thumb/v6-m/nofp/libg.a(lib_a-strlen-stub.o)
                0x0000000010006fc4                strlen
 .text.__register_exitproc
                0x0000000010007020       0xb0 /usr/lib/gcc/arm-none-eabi/11.2.0/../../../../arm-none-eabi/lib/thumb/v6-m/nofp/libg.a(lib_a-__atexit.o)
                0x0000000010007020                __register_exitproc
 .text.startup.register_fini
                0x00000000100070d0       0x18 /usr/lib/gcc/arm-none-eabi/11.2.0/../../../../arm-none-eabi/lib/thumb/v6-m/nofp/libg.a(lib_a-__call_atexit.o)
 .text.__retarget_lock_acquire_recursive
                0x00000000100070e8        0x4 /usr/lib/gcc/arm-none-eabi/11.2.0/../../../../arm-none-eabi/lib/thumb/v6-m/nofp/libg.a(lib_a-lock.o)
                0x00000000100070e8                __retarget_lock_acquire_recursive
 .text.__retarget_lock_release_recursive
                0x00000000100070ec        0x4 /usr/lib/gcc/arm-none-eabi/11.2.0/../../../../arm-none-eabi/lib/thumb/v6-m/nofp/libg.a(lib_a-lock.o)
                0x00000000100070ec                __retarget_lock_release_recursive
 *(.fini)
 .fini          0x00000000100070f0        0x4 /usr/lib/gcc/arm-none-eabi/11.2.0/thumb/v6-m/nofp/crti.o
                0x00000000100070f0                _fini
 *fill*         0x00000000100070f4        0x4 
 .fini.__stub   0x00000000100070f8       0x70 linker stubs
 *crtbegin.o(.ctors)
 *crtbegin?.o(.ctors)
 *(EXCLUDE_FILE(*crtend.o *crtend?.o) .ctors)
 *(SORT_BY_NAME(.ctors.*))
 *(.ctors)
 *crtbegin.o(.dtors)
 *crtbegin?.o(.dtors)
 *(EXCLUDE_FILE(*crtend.o *crtend?.o) .dtors)
 *(SORT_BY_NAME(.dtors.*))
 *(.dtors)
 *(.eh_frame*)
 .eh_frame      0x0000000010007168        0x0 /usr/lib/gcc/arm-none-eabi/11.2.0/thumb/v6-m/nofp/crtbegin.o
                0x0000000010007168                . = ALIGN (0x4)

.glue_7         0x0000000010007168        0x0
 .glue_7        0x0000000010007168        0x0 linker stubs

.glue_7t        0x0000000010007168        0x0
 .glue_7t       0x0000000010007168        0x0 linker stubs

.vfp11_veneer   0x0000000010007168        0x0
 .vfp11_veneer  0x0000000010007168        0x0 linker stubs

.v4_bx          0x0000000010007168        0x0
 .v4_bx         0x0000000010007168        0x0 linker stubs

.iplt           0x0000000010007168        0x0
 .iplt          0x0000000010007168        0x0 /usr/lib/gcc/arm-none-eabi/11.2.0/thumb/v6-m/nofp/crtbegin.o

.rodata         0x0000000010007168     0x1574
 *(EXCLUDE_FILE(*libm.a: *libc.a:*lib_a-mem*.o *libgcc.a:) .rodata*)
 .rodata.spin_lock_claim_unused.str1.4
                0x0000000010007168       0x1b CMakeFiles/blink_led.dir/home/oliwczak/pico/pico-sdk/src/rp2_common/hardware_sync/sync.c.obj
 *fill*         0x0000000010007183        0x1 
 .rodata.repeating_timer_callback.str1.4
                0x0000000010007184       0x4d CMakeFiles/blink_led.dir/home/oliwczak/pico/pico-sdk/src/common/pico_time/time.c.obj
 *fill*         0x00000000100071d1        0x3 
 .rodata.alarm_pool_dump_key.str1.4
                0x00000000100071d4       0x33 CMakeFiles/blink_led.dir/home/oliwczak/pico/pico-sdk/src/common/pico_time/time.c.obj
 *fill*         0x0000000010007207        0x1 
 .rodata.ph_add_child_node.str1.4
                0x0000000010007208       0x96 CMakeFiles/blink_led.dir/home/oliwczak/pico/pico-sdk/src/common/pico_time/time.c.obj
 *fill*         0x000000001000729e        0x2 
 .rodata.add_alarm_under_lock.str1.4
                0x00000000100072a0       0x28 CMakeFiles/blink_led.dir/home/oliwczak/pico/pico-sdk/src/common/pico_time/time.c.obj
                                         0x2b (size before relaxing)
 .rodata.alarm_pool_alarm_callback.str1.4
                0x00000000100072c8       0xe6 CMakeFiles/blink_led.dir/home/oliwczak/pico/pico-sdk/src/common/pico_time/time.c.obj
 *fill*         0x00000000100073ae        0x2 
 .rodata.alarm_pool_get_default.str1.4
                0x00000000100073b0       0x21 CMakeFiles/blink_led.dir/home/oliwczak/pico/pico-sdk/src/common/pico_time/time.c.obj
 *fill*         0x00000000100073d1        0x3 
 .rodata.alarm_pool_cancel_alarm.str1.4
                0x00000000100073d4       0x27 CMakeFiles/blink_led.dir/home/oliwczak/pico/pico-sdk/src/common/pico_time/time.c.obj
 *fill*         0x00000000100073fb        0x1 
 .rodata.sleep_until.str1.4
                0x00000000100073fc       0x4d CMakeFiles/blink_led.dir/home/oliwczak/pico/pico-sdk/src/common/pico_time/time.c.obj
 *fill*         0x0000000010007449        0x3 
 .rodata.__func__.1
                0x000000001000744c       0x18 CMakeFiles/blink_led.dir/home/oliwczak/pico/pico-sdk/src/common/pico_time/time.c.obj
 .rodata.__func__.10
                0x0000000010007464       0x15 CMakeFiles/blink_led.dir/home/oliwczak/pico/pico-sdk/src/common/pico_time/time.c.obj
 *fill*         0x0000000010007479        0x3 
 .rodata.__func__.11
                0x000000001000747c       0x1a CMakeFiles/blink_led.dir/home/oliwczak/pico/pico-sdk/src/common/pico_time/time.c.obj
 *fill*         0x0000000010007496        0x2 
 .rodata.__func__.12
                0x0000000010007498        0xa CMakeFiles/blink_led.dir/home/oliwczak/pico/pico-sdk/src/common/pico_time/time.c.obj
 *fill*         0x00000000100074a2        0x2 
 .rodata.__func__.3
                0x00000000100074a4       0x17 CMakeFiles/blink_led.dir/home/oliwczak/pico/pico-sdk/src/common/pico_time/time.c.obj
 *fill*         0x00000000100074bb        0x1 
 .rodata.__func__.4
                0x00000000100074bc       0x12 CMakeFiles/blink_led.dir/home/oliwczak/pico/pico-sdk/src/common/pico_time/time.c.obj
 *fill*         0x00000000100074ce        0x2 
 .rodata.__func__.5
                0x00000000100074d0        0xd CMakeFiles/blink_led.dir/home/oliwczak/pico/pico-sdk/src/common/pico_time/time.c.obj
 *fill*         0x00000000100074dd        0x3 
 .rodata.__func__.6
                0x00000000100074e0       0x12 CMakeFiles/blink_led.dir/home/oliwczak/pico/pico-sdk/src/common/pico_time/time.c.obj
 *fill*         0x00000000100074f2        0x2 
 .rodata.__func__.7
                0x00000000100074f4        0xf CMakeFiles/blink_led.dir/home/oliwczak/pico/pico-sdk/src/common/pico_time/time.c.obj
 *fill*         0x0000000010007503        0x1 
 .rodata.__func__.8
                0x0000000010007504        0xc CMakeFiles/blink_led.dir/home/oliwczak/pico/pico-sdk/src/common/pico_time/time.c.obj
 .rodata.__func__.9
                0x0000000010007510       0x15 CMakeFiles/blink_led.dir/home/oliwczak/pico/pico-sdk/src/common/pico_time/time.c.obj
 *fill*         0x0000000010007525        0x3 
 .rodata.hardware_alarm_claim.str1.4
                0x0000000010007528       0x22 CMakeFiles/blink_led.dir/home/oliwczak/pico/pico-sdk/src/rp2_common/hardware_timer/timer.c.obj
 *fill*         0x000000001000754a        0x2 
 .rodata.hardware_alarm_set_target.str1.4
                0x000000001000754c       0x67 CMakeFiles/blink_led.dir/home/oliwczak/pico/pico-sdk/src/rp2_common/hardware_timer/timer.c.obj
 *fill*         0x00000000100075b3        0x1 
 .rodata.__func__.0
                0x00000000100075b4       0x1a CMakeFiles/blink_led.dir/home/oliwczak/pico/pico-sdk/src/rp2_common/hardware_timer/timer.c.obj
 *fill*         0x00000000100075ce        0x2 
 .rodata.str1.4
                0x00000000100075d0       0x8d CMakeFiles/blink_led.dir/home/oliwczak/pico/pico-sdk/src/common/pico_sync/mutex.c.obj
                                         0xf1 (size before relaxing)
 *fill*         0x000000001000765d        0x3 
 .rodata.__func__.1
                0x0000000010007660        0xb CMakeFiles/blink_led.dir/home/oliwczak/pico/pico-sdk/src/common/pico_sync/mutex.c.obj
 *fill*         0x000000001000766b        0x1 
 .rodata.__func__.3
                0x000000001000766c       0x18 CMakeFiles/blink_led.dir/home/oliwczak/pico/pico-sdk/src/common/pico_sync/mutex.c.obj
 .rodata.__func__.4
                0x0000000010007684       0x15 CMakeFiles/blink_led.dir/home/oliwczak/pico/pico-sdk/src/common/pico_sync/mutex.c.obj
 .rodata.ph_add_child_node.str1.4
                0x0000000010007699       0x96 CMakeFiles/blink_led.dir/home/oliwczak/pico/pico-sdk/src/common/pico_util/pheap.c.obj
 *fill*         0x0000000010007699        0x3 
 .rodata.ph_remove_any_head.str1.4
                0x000000001000769c       0x90 CMakeFiles/blink_led.dir/home/oliwczak/pico/pico-sdk/src/common/pico_util/pheap.c.obj
 .rodata.ph_remove_and_free_node.str1.4
                0x000000001000772c       0x26 CMakeFiles/blink_led.dir/home/oliwczak/pico/pico-sdk/src/common/pico_util/pheap.c.obj
 *fill*         0x0000000010007752        0x2 
 .rodata.__func__.0
                0x0000000010007754       0x18 CMakeFiles/blink_led.dir/home/oliwczak/pico/pico-sdk/src/common/pico_util/pheap.c.obj
 .rodata.__func__.1
                0x000000001000776c       0x13 CMakeFiles/blink_led.dir/home/oliwczak/pico/pico-sdk/src/common/pico_util/pheap.c.obj
 *fill*         0x000000001000777f        0x1 
 .rodata.__func__.2
                0x0000000010007780       0x12 CMakeFiles/blink_led.dir/home/oliwczak/pico/pico-sdk/src/common/pico_util/pheap.c.obj
 *fill*         0x0000000010007792        0x2 
 .rodata.__func__.3
                0x0000000010007794        0xc CMakeFiles/blink_led.dir/home/oliwczak/pico/pico-sdk/src/common/pico_util/pheap.c.obj
 .rodata.__assert_func.str1.4
                0x00000000100077a0       0x3f CMakeFiles/blink_led.dir/home/oliwczak/pico/pico-sdk/src/rp2_common/pico_runtime/runtime.c.obj
                                         0x43 (size before relaxing)
 *fill*         0x00000000100077df        0x1 
 .rodata.runtime_init.str1.4
                0x00000000100077e0       0x63 CMakeFiles/blink_led.dir/home/oliwczak/pico/pico-sdk/src/rp2_common/pico_runtime/runtime.c.obj
 *fill*         0x0000000010007843        0x1 
 .rodata.panic.str1.4
                0x0000000010007844       0x12 CMakeFiles/blink_led.dir/home/oliwczak/pico/pico-sdk/src/rp2_common/pico_runtime/runtime.c.obj
 *fill*         0x0000000010007856        0x2 
 .rodata.__func__.1
                0x0000000010007858        0xd CMakeFiles/blink_led.dir/home/oliwczak/pico/pico-sdk/src/rp2_common/pico_runtime/runtime.c.obj
 *fill*         0x0000000010007865        0x3 
 .rodata.clock_configure.str1.4
                0x0000000010007868       0x59 CMakeFiles/blink_led.dir/home/oliwczak/pico/pico-sdk/src/rp2_common/hardware_clocks/clocks.c.obj
 *fill*         0x00000000100078c1        0x3 
 .rodata.__func__.1
                0x00000000100078c4       0x10 CMakeFiles/blink_led.dir/home/oliwczak/pico/pico-sdk/src/rp2_common/hardware_clocks/clocks.c.obj
 .rodata.make_branch.str1.4
                0x00000000100078d4       0x4f CMakeFiles/blink_led.dir/home/oliwczak/pico/pico-sdk/src/rp2_common/hardware_irq/irq.c.obj
 *fill*         0x0000000010007923        0x1 
 .rodata.irq_set_exclusive_handler.str1.4
                0x0000000010007924       0x36 CMakeFiles/blink_led.dir/home/oliwczak/pico/pico-sdk/src/rp2_common/hardware_irq/irq.c.obj
 *fill*         0x000000001000795a        0x2 
 .rodata.irq_add_shared_handler.str1.4
                0x000000001000795c       0xd9 CMakeFiles/blink_led.dir/home/oliwczak/pico/pico-sdk/src/rp2_common/hardware_irq/irq.c.obj
 *fill*         0x0000000010007a35        0x3 
 .rodata.irq_remove_handler.str1.4
                0x0000000010007a38       0x2a CMakeFiles/blink_led.dir/home/oliwczak/pico/pico-sdk/src/rp2_common/hardware_irq/irq.c.obj
 *fill*         0x0000000010007a62        0x2 
 .rodata.irq_add_tail_to_free_list.str1.4
                0x0000000010007a64       0x32 CMakeFiles/blink_led.dir/home/oliwczak/pico/pico-sdk/src/rp2_common/hardware_irq/irq.c.obj
                                         0x3a (size before relaxing)
 *fill*         0x0000000010007a96        0x2 
 .rodata.__func__.0
                0x0000000010007a98       0x1a CMakeFiles/blink_led.dir/home/oliwczak/pico/pico-sdk/src/rp2_common/hardware_irq/irq.c.obj
 *fill*         0x0000000010007ab2        0x2 
 .rodata.__func__.1
                0x0000000010007ab4       0x17 CMakeFiles/blink_led.dir/home/oliwczak/pico/pico-sdk/src/rp2_common/hardware_irq/irq.c.obj
 *fill*         0x0000000010007acb        0x1 
 .rodata.__func__.2
                0x0000000010007acc       0x13 CMakeFiles/blink_led.dir/home/oliwczak/pico/pico-sdk/src/rp2_common/hardware_irq/irq.c.obj
 *fill*         0x0000000010007adf        0x1 
 .rodata.__func__.3
                0x0000000010007ae0        0xc CMakeFiles/blink_led.dir/home/oliwczak/pico/pico-sdk/src/rp2_common/hardware_irq/irq.c.obj
 .rodata.__func__.4
                0x0000000010007aec        0xf CMakeFiles/blink_led.dir/home/oliwczak/pico/pico-sdk/src/rp2_common/hardware_irq/irq.c.obj
 *fill*         0x0000000010007afb        0x1 
 .rodata.__func__.6
                0x0000000010007afc       0x1a CMakeFiles/blink_led.dir/home/oliwczak/pico/pico-sdk/src/rp2_common/hardware_irq/irq.c.obj
 *fill*         0x0000000010007b16        0x2 
 .rodata.pll_init.str1.4
                0x0000000010007b18       0xdb CMakeFiles/blink_led.dir/home/oliwczak/pico/pico-sdk/src/rp2_common/hardware_pll/pll.c.obj
 *fill*         0x0000000010007bf3        0x1 
 .rodata.__func__.0
                0x0000000010007bf4        0x9 CMakeFiles/blink_led.dir/home/oliwczak/pico/pico-sdk/src/rp2_common/hardware_pll/pll.c.obj
 *fill*         0x0000000010007bfd        0x3 
 .rodata._ftoa.str1.4
                0x0000000010007c00       0x15 CMakeFiles/blink_led.dir/home/oliwczak/pico/pico-sdk/src/rp2_common/pico_printf/printf.c.obj
 *fill*         0x0000000010007c15        0x3 
 .rodata._vsnprintf
                0x0000000010007c18      0x19c CMakeFiles/blink_led.dir/home/oliwczak/pico/pico-sdk/src/rp2_common/pico_printf/printf.c.obj
 *fill*         0x0000000010007db4        0x4 
 .rodata.pow10.0
                0x0000000010007db8       0x50 CMakeFiles/blink_led.dir/home/oliwczak/pico/pico-sdk/src/rp2_common/pico_printf/printf.c.obj
 .rodata.__aeabi_double_init.str1.4
                0x0000000010007e08       0xaa CMakeFiles/blink_led.dir/home/oliwczak/pico/pico-sdk/src/rp2_common/pico_double/double_init_rom.c.obj
 *fill*         0x0000000010007eb2        0x2 
 .rodata.__func__.0
                0x0000000010007eb4       0x14 CMakeFiles/blink_led.dir/home/oliwczak/pico/pico-sdk/src/rp2_common/pico_double/double_init_rom.c.obj
 .rodata.__aeabi_float_init.str1.4
                0x0000000010007ec8       0x7c CMakeFiles/blink_led.dir/home/oliwczak/pico/pico-sdk/src/rp2_common/pico_float/float_init_rom.c.obj
                                         0x80 (size before relaxing)
 .rodata.__func__.0
                0x0000000010007f44       0x13 CMakeFiles/blink_led.dir/home/oliwczak/pico/pico-sdk/src/rp2_common/pico_float/float_init_rom.c.obj
 *fill*         0x0000000010007f57        0x1 
 .rodata.str1.4
                0x0000000010007f58       0x40 CMakeFiles/blink_led.dir/home/oliwczak/pico/pico-sdk/src/rp2_common/pico_standard_link/binary_info.c.obj
 .rodata.__bi_44
                0x0000000010007f98        0xc CMakeFiles/blink_led.dir/home/oliwczak/pico/pico-sdk/src/rp2_common/pico_standard_link/binary_info.c.obj
 .rodata.__bi_75
                0x0000000010007fa4        0xc CMakeFiles/blink_led.dir/home/oliwczak/pico/pico-sdk/src/rp2_common/pico_standard_link/binary_info.c.obj
 .rodata.__bi_81
                0x0000000010007fb0        0xc CMakeFiles/blink_led.dir/home/oliwczak/pico/pico-sdk/src/rp2_common/pico_standard_link/binary_info.c.obj
 .rodata.crlf_str.3
                0x0000000010007fbc        0x2 CMakeFiles/blink_led.dir/home/oliwczak/pico/pico-sdk/src/rp2_common/pico_stdio/stdio.c.obj
 *fill*         0x0000000010007fbe        0x2 
 .rodata._resetd_driver
                0x0000000010007fc0       0x18 CMakeFiles/blink_led.dir/home/oliwczak/pico/pico-sdk/src/rp2_common/pico_stdio_usb/reset_interface.c.obj
 .rodata.stdio_usb_init.str1.4
                0x0000000010007fd8       0x63 CMakeFiles/blink_led.dir/home/oliwczak/pico/pico-sdk/src/rp2_common/pico_stdio_usb/stdio_usb.c.obj
 .rodata.str1.4
                0x0000000010007fd8       0x13 CMakeFiles/blink_led.dir/home/oliwczak/pico/pico-sdk/src/rp2_common/pico_stdio_usb/stdio_usb.c.obj
 *fill*         0x0000000010007feb        0x1 
 .rodata.__bi_93.1
                0x0000000010007fec        0xc CMakeFiles/blink_led.dir/home/oliwczak/pico/pico-sdk/src/rp2_common/pico_stdio_usb/stdio_usb.c.obj
 .rodata.__func__.0
                0x0000000010007ff8       0x15 CMakeFiles/blink_led.dir/home/oliwczak/pico/pico-sdk/src/rp2_common/pico_stdio_usb/stdio_usb.c.obj
 *fill*         0x000000001000800d        0x3 
 .rodata.str1.4
                0x0000000010008010       0x2a CMakeFiles/blink_led.dir/home/oliwczak/pico/pico-sdk/src/rp2_common/pico_stdio_usb/stdio_usb_descriptors.c.obj
 *fill*         0x000000001000803a        0x2 
 .rodata.usbd_desc_cfg
                0x000000001000803c       0x54 CMakeFiles/blink_led.dir/home/oliwczak/pico/pico-sdk/src/rp2_common/pico_stdio_usb/stdio_usb_descriptors.c.obj
 .rodata.usbd_desc_device
                0x0000000010008090       0x12 CMakeFiles/blink_led.dir/home/oliwczak/pico/pico-sdk/src/rp2_common/pico_stdio_usb/stdio_usb_descriptors.c.obj
 *fill*         0x00000000100080a2        0x2 
 .rodata.usbd_desc_str
                0x00000000100080a4       0x18 CMakeFiles/blink_led.dir/home/oliwczak/pico/pico-sdk/src/rp2_common/pico_stdio_usb/stdio_usb_descriptors.c.obj
 .rodata._hw_endpoint_alloc.str1.4
                0x00000000100080bc       0xb9 CMakeFiles/blink_led.dir/home/oliwczak/pico/pico-sdk/lib/tinyusb/src/portable/raspberrypi/rp2040/dcd_rp2040.c.obj
 *fill*         0x0000000010008175        0x3 
 .rodata.dcd_rp2040_irq.str1.4
                0x0000000010008178       0x14 CMakeFiles/blink_led.dir/home/oliwczak/pico/pico-sdk/lib/tinyusb/src/portable/raspberrypi/rp2040/dcd_rp2040.c.obj
 .rodata.dcd_int_enable.str1.4
                0x000000001000818c        0xc CMakeFiles/blink_led.dir/home/oliwczak/pico/pico-sdk/lib/tinyusb/src/portable/raspberrypi/rp2040/dcd_rp2040.c.obj
 .rodata.__func__.0
                0x0000000010008198        0xe CMakeFiles/blink_led.dir/home/oliwczak/pico/pico-sdk/lib/tinyusb/src/portable/raspberrypi/rp2040/dcd_rp2040.c.obj
 *fill*         0x00000000100081a6        0x2 
 .rodata.__func__.1
                0x00000000100081a8        0xe CMakeFiles/blink_led.dir/home/oliwczak/pico/pico-sdk/lib/tinyusb/src/portable/raspberrypi/rp2040/dcd_rp2040.c.obj
 *fill*         0x00000000100081b6        0x2 
 .rodata.__func__.3
                0x00000000100081b8       0x10 CMakeFiles/blink_led.dir/home/oliwczak/pico/pico-sdk/lib/tinyusb/src/portable/raspberrypi/rp2040/dcd_rp2040.c.obj
 .rodata.__func__.5
                0x00000000100081c8        0xf CMakeFiles/blink_led.dir/home/oliwczak/pico/pico-sdk/lib/tinyusb/src/portable/raspberrypi/rp2040/dcd_rp2040.c.obj
 *fill*         0x00000000100081d7        0x1 
 .rodata.__func__.6
                0x00000000100081d8       0x13 CMakeFiles/blink_led.dir/home/oliwczak/pico/pico-sdk/lib/tinyusb/src/portable/raspberrypi/rp2040/dcd_rp2040.c.obj
 *fill*         0x00000000100081eb        0x1 
 .rodata.__func__.7
                0x00000000100081ec        0x9 CMakeFiles/blink_led.dir/home/oliwczak/pico/pico-sdk/lib/tinyusb/src/portable/raspberrypi/rp2040/dcd_rp2040.c.obj
 *fill*         0x00000000100081f5        0x3 
 .rodata.sync_ep_buffer.str1.4
                0x00000000100081f8       0x95 CMakeFiles/blink_led.dir/home/oliwczak/pico/pico-sdk/lib/tinyusb/src/portable/raspberrypi/rp2040/rp2040_usb.c.obj
 *fill*         0x000000001000828d        0x3 
 .rodata._hw_endpoint_buffer_control_update32.str1.4
                0x0000000010008290       0x1f CMakeFiles/blink_led.dir/home/oliwczak/pico/pico-sdk/lib/tinyusb/src/portable/raspberrypi/rp2040/rp2040_usb.c.obj
 *fill*         0x00000000100082af        0x1 
 .rodata.hw_endpoint_xfer_start.str1.4
                0x00000000100082b0       0x38 CMakeFiles/blink_led.dir/home/oliwczak/pico/pico-sdk/lib/tinyusb/src/portable/raspberrypi/rp2040/rp2040_usb.c.obj
 .rodata.hw_endpoint_xfer_continue.str1.4
                0x00000000100082e8       0x29 CMakeFiles/blink_led.dir/home/oliwczak/pico/pico-sdk/lib/tinyusb/src/portable/raspberrypi/rp2040/rp2040_usb.c.obj
 *fill*         0x0000000010008311        0x3 
 .rodata.str1.4
                0x0000000010008314        0x7 CMakeFiles/blink_led.dir/home/oliwczak/pico/pico-sdk/lib/tinyusb/src/portable/raspberrypi/rp2040/rp2040_usb.c.obj
 *fill*         0x000000001000831b        0x1 
 .rodata.__func__.0
                0x000000001000831c        0xf CMakeFiles/blink_led.dir/home/oliwczak/pico/pico-sdk/lib/tinyusb/src/portable/raspberrypi/rp2040/rp2040_usb.c.obj
 *fill*         0x000000001000832b        0x1 
 .rodata.process_set_config.str1.4
                0x000000001000832c       0x17 CMakeFiles/blink_led.dir/home/oliwczak/pico/pico-sdk/lib/tinyusb/src/device/usbd.c.obj
 *fill*         0x0000000010008343        0x1 
 .rodata.process_get_descriptor
                0x0000000010008344       0x40 CMakeFiles/blink_led.dir/home/oliwczak/pico/pico-sdk/lib/tinyusb/src/device/usbd.c.obj
 .rodata.process_control_request
                0x0000000010008384       0x28 CMakeFiles/blink_led.dir/home/oliwczak/pico/pico-sdk/lib/tinyusb/src/device/usbd.c.obj
 .rodata.tud_task
                0x00000000100083ac       0x24 CMakeFiles/blink_led.dir/home/oliwczak/pico/pico-sdk/lib/tinyusb/src/device/usbd.c.obj
 .rodata.__func__.2
                0x00000000100083d0        0xf CMakeFiles/blink_led.dir/home/oliwczak/pico/pico-sdk/lib/tinyusb/src/device/usbd.c.obj
 *fill*         0x00000000100083df        0x1 
 .rodata.__func__.3
                0x00000000100083e0        0xf CMakeFiles/blink_led.dir/home/oliwczak/pico/pico-sdk/lib/tinyusb/src/device/usbd.c.obj
 *fill*         0x00000000100083ef        0x1 
 .rodata.__func__.4
                0x00000000100083f0       0x14 CMakeFiles/blink_led.dir/home/oliwczak/pico/pico-sdk/lib/tinyusb/src/device/usbd.c.obj
 .rodata.__func__.5
                0x0000000010008404       0x10 CMakeFiles/blink_led.dir/home/oliwczak/pico/pico-sdk/lib/tinyusb/src/device/usbd.c.obj
 .rodata.__func__.6
                0x0000000010008414       0x17 CMakeFiles/blink_led.dir/home/oliwczak/pico/pico-sdk/lib/tinyusb/src/device/usbd.c.obj
 *fill*         0x000000001000842b        0x1 
 .rodata.__func__.7
                0x000000001000842c       0x13 CMakeFiles/blink_led.dir/home/oliwczak/pico/pico-sdk/lib/tinyusb/src/device/usbd.c.obj
 *fill*         0x000000001000843f        0x1 
 .rodata.__func__.8
                0x0000000010008440       0x18 CMakeFiles/blink_led.dir/home/oliwczak/pico/pico-sdk/lib/tinyusb/src/device/usbd.c.obj
 .rodata.__func__.9
                0x0000000010008458        0x9 CMakeFiles/blink_led.dir/home/oliwczak/pico/pico-sdk/lib/tinyusb/src/device/usbd.c.obj
 *fill*         0x0000000010008461        0x3 
 .rodata._usbd_driver
                0x0000000010008464       0x18 CMakeFiles/blink_led.dir/home/oliwczak/pico/pico-sdk/lib/tinyusb/src/device/usbd.c.obj
 .rodata.tud_control_xfer.str1.4
                0x000000001000847c       0x17 CMakeFiles/blink_led.dir/home/oliwczak/pico/pico-sdk/lib/tinyusb/src/device/usbd_control.c.obj
 .rodata.__func__.0
                0x000000001000847c       0x15 CMakeFiles/blink_led.dir/home/oliwczak/pico/pico-sdk/lib/tinyusb/src/device/usbd_control.c.obj
 *fill*         0x0000000010008491        0x3 
 .rodata.__func__.1
                0x0000000010008494       0x11 CMakeFiles/blink_led.dir/home/oliwczak/pico/pico-sdk/lib/tinyusb/src/device/usbd_control.c.obj
 .rodata.tud_cdc_n_write_flush.str1.4
                0x00000000100084a5       0x17 CMakeFiles/blink_led.dir/home/oliwczak/pico/pico-sdk/lib/tinyusb/src/class/cdc/cdc_device.c.obj
 *fill*         0x00000000100084a5        0x3 
 .rodata.__func__.0
                0x00000000100084a8        0xd CMakeFiles/blink_led.dir/home/oliwczak/pico/pico-sdk/lib/tinyusb/src/class/cdc/cdc_device.c.obj
 *fill*         0x00000000100084b5        0x3 
 .rodata.__func__.1
                0x00000000100084b8        0xa CMakeFiles/blink_led.dir/home/oliwczak/pico/pico-sdk/lib/tinyusb/src/class/cdc/cdc_device.c.obj
 *fill*         0x00000000100084c2        0x2 
 .rodata.__func__.2
                0x00000000100084c4       0x16 CMakeFiles/blink_led.dir/home/oliwczak/pico/pico-sdk/lib/tinyusb/src/class/cdc/cdc_device.c.obj
 .rodata.tusb_init.str1.4
                0x00000000100084da       0x17 CMakeFiles/blink_led.dir/home/oliwczak/pico/pico-sdk/lib/tinyusb/src/tusb.c.obj
 *fill*         0x00000000100084da        0x2 
 .rodata.__func__.0
                0x00000000100084dc       0x11 CMakeFiles/blink_led.dir/home/oliwczak/pico/pico-sdk/lib/tinyusb/src/tusb.c.obj
 *fill*         0x00000000100084ed        0x3 
 .rodata.__func__.1
                0x00000000100084f0        0xa CMakeFiles/blink_led.dir/home/oliwczak/pico/pico-sdk/lib/tinyusb/src/tusb.c.obj
 *fill*         0x00000000100084fa        0x2 
 .rodata.pico_get_unique_board_id_string.str1.4
                0x00000000100084fc       0x4f CMakeFiles/blink_led.dir/home/oliwczak/pico/pico-sdk/src/rp2_common/pico_unique_id/unique_id.c.obj
 *fill*         0x000000001000854b        0x1 
 .rodata.__func__.0
                0x000000001000854c       0x20 CMakeFiles/blink_led.dir/home/oliwczak/pico/pico-sdk/src/rp2_common/pico_unique_id/unique_id.c.obj
 .rodata.str1.4
                0x000000001000856c      0x15a CMakeFiles/blink_led.dir/home/oliwczak/pico/pico-sdk/src/rp2_common/hardware_flash/flash.c.obj
 *fill*         0x00000000100086c6        0x2 
 .rodata.__func__.0
                0x00000000100086c8        0xd CMakeFiles/blink_led.dir/home/oliwczak/pico/pico-sdk/src/rp2_common/hardware_flash/flash.c.obj
 *fill*         0x00000000100086d5        0x3 
 .rodata._global_impure_ptr
                0x00000000100086d8        0x4 /usr/lib/gcc/arm-none-eabi/11.2.0/../../../../arm-none-eabi/lib/thumb/v6-m/nofp/libg.a(lib_a-impure.o)
                0x00000000100086d8                _global_impure_ptr
                0x00000000100086dc                . = ALIGN (0x4)
 *(SORT_BY_ALIGNMENT(SORT_BY_NAME(.flashdata*)))
                0x00000000100086dc                . = ALIGN (0x4)

.rel.dyn        0x00000000100086dc        0x0
 .rel.iplt      0x00000000100086dc        0x0 /usr/lib/gcc/arm-none-eabi/11.2.0/thumb/v6-m/nofp/crtbegin.o

.ARM.extab
 *(.ARM.extab* .gnu.linkonce.armextab.*)
                0x00000000100086dc                __exidx_start = .

.ARM.exidx
 *(.ARM.exidx* .gnu.linkonce.armexidx.*)
                0x00000000100086dc                __exidx_end = .
                0x00000000100086dc                . = ALIGN (0x4)
                0x00000000100086dc                __binary_info_start = .

.binary_info    0x00000000100086dc       0x20
 *(.binary_info.keep.*)
 .binary_info.keep.__bi_ptr22
                0x00000000100086dc        0x4 CMakeFiles/blink_led.dir/home/oliwczak/pico/pico-sdk/src/rp2_common/pico_standard_link/binary_info.c.obj
 .binary_info.keep.__bi_ptr30
                0x00000000100086e0        0x4 CMakeFiles/blink_led.dir/home/oliwczak/pico/pico-sdk/src/rp2_common/pico_standard_link/binary_info.c.obj
 .binary_info.keep.__bi_ptr38
                0x00000000100086e4        0x4 CMakeFiles/blink_led.dir/home/oliwczak/pico/pico-sdk/src/rp2_common/pico_standard_link/binary_info.c.obj
 .binary_info.keep.__bi_ptr44
                0x00000000100086e8        0x4 CMakeFiles/blink_led.dir/home/oliwczak/pico/pico-sdk/src/rp2_common/pico_standard_link/binary_info.c.obj
 .binary_info.keep.__bi_ptr50
                0x00000000100086ec        0x4 CMakeFiles/blink_led.dir/home/oliwczak/pico/pico-sdk/src/rp2_common/pico_standard_link/binary_info.c.obj
 .binary_info.keep.__bi_ptr75
                0x00000000100086f0        0x4 CMakeFiles/blink_led.dir/home/oliwczak/pico/pico-sdk/src/rp2_common/pico_standard_link/binary_info.c.obj
 .binary_info.keep.__bi_ptr81
                0x00000000100086f4        0x4 CMakeFiles/blink_led.dir/home/oliwczak/pico/pico-sdk/src/rp2_common/pico_standard_link/binary_info.c.obj
 *(.binary_info.*)
 .binary_info.__bi_ptr93
                0x00000000100086f8        0x4 CMakeFiles/blink_led.dir/home/oliwczak/pico/pico-sdk/src/rp2_common/pico_stdio_usb/stdio_usb.c.obj
                0x00000000100086fc                __binary_info_end = .
                0x00000000100086fc                . = ALIGN (0x4)
                0x00000000100086fc                __etext = .

.ram_vector_table
                0x0000000020000000       0xc0
 *(.ram_vector_table)
 .ram_vector_table
                0x0000000020000000       0xc0 CMakeFiles/blink_led.dir/home/oliwczak/pico/pico-sdk/src/rp2_common/pico_runtime/runtime.c.obj
                0x0000000020000000                ram_vector_table

.data           0x00000000200000c0      0x8a0 load address 0x00000000100086fc
                0x00000000200000c0                __data_start__ = .
 *(vtable)
 *(.time_critical*)
 .time_critical.mutex_enter_blocking
                0x00000000200000c0       0x48 CMakeFiles/blink_led.dir/home/oliwczak/pico/pico-sdk/src/common/pico_sync/mutex.c.obj
                0x00000000200000c0                mutex_enter_blocking
 .time_critical.mutex_try_enter
                0x0000000020000108       0x46 CMakeFiles/blink_led.dir/home/oliwczak/pico/pico-sdk/src/common/pico_sync/mutex.c.obj
                0x0000000020000108                mutex_try_enter
 *fill*         0x000000002000014e        0x2 
 .time_critical.mutex_enter_block_until
                0x0000000020000150       0x8c CMakeFiles/blink_led.dir/home/oliwczak/pico/pico-sdk/src/common/pico_sync/mutex.c.obj
                0x0000000020000150                mutex_enter_block_until
 .time_critical.mutex_enter_timeout_ms
                0x00000000200001dc       0x74 CMakeFiles/blink_led.dir/home/oliwczak/pico/pico-sdk/src/common/pico_sync/mutex.c.obj
                0x00000000200001dc                mutex_enter_timeout_ms
 .time_critical.mutex_exit
                0x0000000020000250       0x4c CMakeFiles/blink_led.dir/home/oliwczak/pico/pico-sdk/src/common/pico_sync/mutex.c.obj
                0x0000000020000250                mutex_exit
 .time_critical.flash_init_boot2_copyout
                0x000000002000029c       0x30 CMakeFiles/blink_led.dir/home/oliwczak/pico/pico-sdk/src/rp2_common/hardware_flash/flash.c.obj
 .time_critical.flash_enable_xip_via_boot2
                0x00000000200002cc       0x10 CMakeFiles/blink_led.dir/home/oliwczak/pico/pico-sdk/src/rp2_common/hardware_flash/flash.c.obj
 .time_critical.flash_cs_force
                0x00000000200002dc       0x28 CMakeFiles/blink_led.dir/home/oliwczak/pico/pico-sdk/src/rp2_common/hardware_flash/flash.c.obj
 .time_critical.flash_do_cmd
                0x0000000020000304       0xd8 CMakeFiles/blink_led.dir/home/oliwczak/pico/pico-sdk/src/rp2_common/hardware_flash/flash.c.obj
                0x0000000020000304                flash_do_cmd
 *(.text*)
 .text          0x00000000200003dc        0x4 /usr/lib/gcc/arm-none-eabi/11.2.0/thumb/v6-m/nofp/libgcc.a(_dvmd_tls.o)
                0x00000000200003dc                __aeabi_ldiv0
                0x00000000200003dc                __aeabi_idiv0
 .text.__stub   0x00000000200003e0       0x40 linker stubs
                0x0000000020000420                . = ALIGN (0x4)
 *(.rodata*)
                0x0000000020000420                . = ALIGN (0x4)
 *(.data*)
 .data.xA       0x0000000020000420        0xc CMakeFiles/blink_led.dir/blink_led.c.obj
                0x0000000020000420                xA
 .data.yA       0x000000002000042c        0xc CMakeFiles/blink_led.dir/blink_led.c.obj
                0x000000002000042c                yA
 .data.striped_spin_lock_num
                0x0000000020000438        0x1 CMakeFiles/blink_led.dir/home/oliwczak/pico/pico-sdk/src/rp2_common/hardware_sync/sync.c.obj
 *fill*         0x0000000020000439        0x3 
 .data.default_alarm_pool
                0x000000002000043c       0x18 CMakeFiles/blink_led.dir/home/oliwczak/pico/pico-sdk/src/common/pico_time/time.c.obj
 .data.default_alarm_pool_heap
                0x0000000020000454       0x10 CMakeFiles/blink_led.dir/home/oliwczak/pico/pico-sdk/src/common/pico_time/time.c.obj
 .data          0x0000000020000464       0x48 CMakeFiles/blink_led.dir/home/oliwczak/pico/pico-sdk/src/rp2_common/hardware_irq/irq_handler_chain.S.obj
                0x0000000020000464                irq_handler_chain_slots
                0x0000000020000494                irq_handler_chain_first_slot
                0x000000002000049e                irq_handler_chain_remove_tail
 *fill*         0x00000000200004ac        0x4 
 .data.aeabi_bits_funcs
                0x00000000200004b0       0x10 CMakeFiles/blink_led.dir/home/oliwczak/pico/pico-sdk/src/rp2_common/pico_bit_ops/bit_ops_aeabi.S.obj
                0x00000000200004b0                aeabi_bits_funcs
                0x00000000200004c0                aeabi_bits_funcs_end
 .data.aeabi_mem_funcs
                0x00000000200004c0       0x10 CMakeFiles/blink_led.dir/home/oliwczak/pico/pico-sdk/src/rp2_common/pico_mem_ops/mem_ops_aeabi.S.obj
                0x00000000200004c0                aeabi_mem_funcs
                0x00000000200004d0                aeabi_mem_funcs_end
 .data.stdio_usb
                0x00000000200004d0       0x14 CMakeFiles/blink_led.dir/home/oliwczak/pico/pico-sdk/src/rp2_common/pico_stdio_usb/stdio_usb.c.obj
                0x00000000200004d0                stdio_usb
 .data.ep_dir_string
                0x00000000200004e4        0x8 CMakeFiles/blink_led.dir/home/oliwczak/pico/pico-sdk/lib/tinyusb/src/portable/raspberrypi/rp2040/rp2040_usb.c.obj
                0x00000000200004e4                ep_dir_string
 .data._usbd_qdef
                0x00000000200004ec       0x24 CMakeFiles/blink_led.dir/home/oliwczak/pico/pico-sdk/lib/tinyusb/src/device/usbd.c.obj
                0x00000000200004ec                _usbd_qdef
 .data.impure_data
                0x0000000020000510      0x428 /usr/lib/gcc/arm-none-eabi/11.2.0/../../../../arm-none-eabi/lib/thumb/v6-m/nofp/libg.a(lib_a-impure.o)
 .data.__atexit_recursive_mutex
                0x0000000020000938        0x4 /usr/lib/gcc/arm-none-eabi/11.2.0/../../../../arm-none-eabi/lib/thumb/v6-m/nofp/libg.a(lib_a-__call_atexit.o)